Archive member included to satisfy reference by file (symbol)

C:\Program Files (x86)\ON Semiconductor\RSL10 EDK_1.4\eclipse\../lib/ble_core/release\libblelib.a(rwip.o)
                              ./code/app_process.o (LowPowerClock_Source_Set)
C:\Program Files (x86)\ON Semiconductor\RSL10 EDK_1.4\eclipse\../lib/ble_core/release\libblelib.a(rwble.o)
                              C:\Program Files (x86)\ON Semiconductor\RSL10 EDK_1.4\eclipse\../lib/ble_core/release\libblelib.a(rwip.o) (rwble_init)
C:\Program Files (x86)\ON Semiconductor\RSL10 EDK_1.4\eclipse\../lib/ble_core/release\libblelib.a(rf_atlas.o)
                              C:\Program Files (x86)\ON Semiconductor\RSL10 EDK_1.4\eclipse\../lib/ble_core/release\libblelib.a(rwip.o) (rf_init)
C:\Program Files (x86)\ON Semiconductor\RSL10 EDK_1.4\eclipse\../lib/ble_core/release\libblelib.a(prf-prf_utils.o)
                              ./code/ble_bass.o (prf_env_get)
C:\Program Files (x86)\ON Semiconductor\RSL10 EDK_1.4\eclipse\../lib/ble_core/release\libblelib.a(lld_evt.o)
                              C:\Program Files (x86)\ON Semiconductor\RSL10 EDK_1.4\eclipse\../lib/ble_core/release\libblelib.a(rwble.o) (lld_evt_env)
C:\Program Files (x86)\ON Semiconductor\RSL10 EDK_1.4\eclipse\../lib/ble_core/release\libblelib.a(lld_sleep.o)
                              ./code/app_init.o (BLE_LLD_Sleep_Params_Set)
C:\Program Files (x86)\ON Semiconductor\RSL10 EDK_1.4\eclipse\../lib/ble_core/release\libblelib.a(hci.o)
                              C:\Program Files (x86)\ON Semiconductor\RSL10 EDK_1.4\eclipse\../lib/ble_core/release\libblelib.a(rwip.o) (hci_init)
C:\Program Files (x86)\ON Semiconductor\RSL10 EDK_1.4\eclipse\../lib/ble_core/release\libblelib.a(hci_fc.o)
                              C:\Program Files (x86)\ON Semiconductor\RSL10 EDK_1.4\eclipse\../lib/ble_core/release\libblelib.a(hci.o) (hci_fc_init)
C:\Program Files (x86)\ON Semiconductor\RSL10 EDK_1.4\eclipse\../lib/ble_core/release\libblelib.a(hci_msg.o)
                              C:\Program Files (x86)\ON Semiconductor\RSL10 EDK_1.4\eclipse\../lib/ble_core/release\libblelib.a(hci.o) (hci_look_for_cmd_desc)
C:\Program Files (x86)\ON Semiconductor\RSL10 EDK_1.4\eclipse\../lib/ble_core/release\libblelib.a(llm.o)
                              C:\Program Files (x86)\ON Semiconductor\RSL10 EDK_1.4\eclipse\../lib/ble_core/release\libblelib.a(rwip.o) (llm_le_env)
C:\Program Files (x86)\ON Semiconductor\RSL10 EDK_1.4\eclipse\../lib/ble_core/release\libblelib.a(llm_task.o)
                              C:\Program Files (x86)\ON Semiconductor\RSL10 EDK_1.4\eclipse\../lib/ble_core/release\libblelib.a(llm.o) (llm_state)
C:\Program Files (x86)\ON Semiconductor\RSL10 EDK_1.4\eclipse\../lib/ble_core/release\libblelib.a(llm_util.o)
                              C:\Program Files (x86)\ON Semiconductor\RSL10 EDK_1.4\eclipse\../lib/ble_core/release\libblelib.a(llm.o) (llm_util_bd_addr_wl_position)
C:\Program Files (x86)\ON Semiconductor\RSL10 EDK_1.4\eclipse\../lib/ble_core/release\libblelib.a(lld.o)
                              C:\Program Files (x86)\ON Semiconductor\RSL10 EDK_1.4\eclipse\../lib/ble_core/release\libblelib.a(rwble.o) (lld_init)
C:\Program Files (x86)\ON Semiconductor\RSL10 EDK_1.4\eclipse\../lib/ble_core/release\libblelib.a(lld_pdu.o)
                              C:\Program Files (x86)\ON Semiconductor\RSL10 EDK_1.4\eclipse\../lib/ble_core/release\libblelib.a(lld_evt.o) (lld_pdu_check)
C:\Program Files (x86)\ON Semiconductor\RSL10 EDK_1.4\eclipse\../lib/ble_core/release\libblelib.a(lld_util.o)
                              C:\Program Files (x86)\ON Semiconductor\RSL10 EDK_1.4\eclipse\../lib/ble_core/release\libblelib.a(llm_util.o) (lld_util_set_bd_address)
C:\Program Files (x86)\ON Semiconductor\RSL10 EDK_1.4\eclipse\../lib/ble_core/release\libblelib.a(lld_wlcoex.o)
                              C:\Program Files (x86)\ON Semiconductor\RSL10 EDK_1.4\eclipse\../lib/ble_core/release\libblelib.a(rwip.o) (lld_wlcoex_set)
C:\Program Files (x86)\ON Semiconductor\RSL10 EDK_1.4\eclipse\../lib/ble_core/release\libblelib.a(llc.o)
                              C:\Program Files (x86)\ON Semiconductor\RSL10 EDK_1.4\eclipse\../lib/ble_core/release\libblelib.a(rwble.o) (llc_init)
C:\Program Files (x86)\ON Semiconductor\RSL10 EDK_1.4\eclipse\../lib/ble_core/release\libblelib.a(llc_llcp.o)
                              C:\Program Files (x86)\ON Semiconductor\RSL10 EDK_1.4\eclipse\../lib/ble_core/release\libblelib.a(lld_pdu.o) (llc_llcp_recv_handler)
C:\Program Files (x86)\ON Semiconductor\RSL10 EDK_1.4\eclipse\../lib/ble_core/release\libblelib.a(llc_task.o)
                              C:\Program Files (x86)\ON Semiconductor\RSL10 EDK_1.4\eclipse\../lib/ble_core/release\libblelib.a(llc.o) (llc_state)
C:\Program Files (x86)\ON Semiconductor\RSL10 EDK_1.4\eclipse\../lib/ble_core/release\libblelib.a(llc_util.o)
[...]
Memory Configuration

Name             Origin             Length             Attributes
ROM              0x00000000         0x00001000         r
FLASH            0x00100000         0x00060000         xrw
PRAM             0x00200000         0x00008000         xrw
DRAM             0x20000000         0x00005fe8         xrw
DRAM_DSP         0x20006000         0x0000c000         xrw
DRAM_BB          0x20012000         0x00004000         xrw
*default*        0x00000000         0xffffffff

Linker script and memory map

LOAD ./code/app_init.o
LOAD ./code/app_process.o
LOAD ./code/ble_bass.o
LOAD ./code/ble_custom.o
LOAD ./code/ble_std.o
LOAD ./code/calibration.o
LOAD ./code/i2c.o
LOAD ./code/nct375.o
LOAD ./code/wakeup_asm.o
LOAD ./app.o
LOAD C:\Program Files (x86)\ON Semiconductor\RSL10 EDK_1.4\eclipse\../lib/ble_core/release\libblelib.a
LOAD C:\Program Files (x86)\ON Semiconductor\RSL10 EDK_1.4\eclipse\../lib/release\libcalibratelib.a
LOAD C:\Program Files (x86)\ON Semiconductor\RSL10 EDK_1.4\eclipse\../lib/ble_core/release\libkelib.a
LOAD C:\Program Files (x86)\ON Semiconductor\RSL10 EDK_1.4\eclipse\../lib/ble_profiles/release\libbass.a
LOAD C:\Program Files (x86)\ON Semiconductor\RSL10 EDK_1.4\eclipse\../lib/release\libcmsis.a
LOAD C:\Program Files (x86)\ON Semiconductor\RSL10 EDK_1.4\eclipse\../lib/release\libsyslib.a
LOAD C:\Program Files (x86)\ON Semiconductor\RSL10 EDK_1.4\eclipse\../lib/ble_core/release\libweak_prf.a
START GROUP
LOAD c:/program files (x86)/gnu tools arm embedded/6 2017-q2-update/bin/../lib/gcc/arm-none-eabi/6.3.1/thumb/v7-m\libgcc.a
LOAD c:/program files (x86)/gnu tools arm embedded/6 2017-q2-update/bin/../lib/gcc/arm-none-eabi/6.3.1/../../../../arm-none-eabi/lib/thumb/v7-m\libg_nano.a
LOAD c:/program files (x86)/gnu tools arm embedded/6 2017-q2-update/bin/../lib/gcc/arm-none-eabi/6.3.1/../../../../arm-none-eabi/lib/thumb/v7-m\libc_nano.a
END GROUP
START GROUP
LOAD c:/program files (x86)/gnu tools arm embedded/6 2017-q2-update/bin/../lib/gcc/arm-none-eabi/6.3.1/thumb/v7-m\libgcc.a
LOAD c:/program files (x86)/gnu tools arm embedded/6 2017-q2-update/bin/../lib/gcc/arm-none-eabi/6.3.1/../../../../arm-none-eabi/lib/thumb/v7-m\libc_nano.a
END GROUP
                0x20005fe8                __stack = (ORIGIN (DRAM) + LENGTH (DRAM))
                [!provide]                PROVIDE (__stack, __stack)
                0x00000400                __Main_Stack_Size = 0x400
                [!provide]                PROVIDE (_Main_Stack_Size, __Main_Stack_Size)
                0x20005be8                __Main_Stack_Limit = (__stack - __Main_Stack_Size)
                [!provide]                PROVIDE (_Main_Stack_Limit, __Main_Stack_Limit)
                0x20003c40                PROVIDE (__Heap_Begin__, __noinit_end__)
                0x20005be8                PROVIDE (__Heap_Limit__, (__stack - __Main_Stack_Size))
                0xe000ed08                __VTOR = 0xe000ed08

.text           0x00100000    0x21a4c
                0x00100000                . = ALIGN (0x4)
 *(.interrupt_vector)
 .interrupt_vector
                0x00100000      0x164 C:\Program Files (x86)\ON Semiconductor\RSL10 EDK_1.4\eclipse\../lib/release\libcmsis.a(startup_rsl10.o)
                0x00100000                ISR_Vector_Table
 *(.reset)
 .reset         0x00100164       0x18 C:\Program Files (x86)\ON Semiconductor\RSL10 EDK_1.4\eclipse\../lib/release\libcmsis.a(startup_rsl10.o)
                0x00100164                Reset_Handler
                0x0010017c                . = ALIGN (0x4)
                0x0010017c                PROVIDE (__preinit_array_start__, .)
 *(.preinit_array_sysinit .preinit_array_sysinit.*)
 *(.preinit_array_platform .preinit_array_platform.*)
 *(.preinit_array .preinit_array.*)
                0x0010017c                PROVIDE (__preinit_array_end__, .)
                0x0010017c                . = ALIGN (0x4)
                0x0010017c                PROVIDE (__init_array_start__, .)
 *(SORT(.init_array.*))
 *(.init_array)
                0x0010017c                PROVIDE (__init_array_end__, .)
                0x0010017c                . = ALIGN (0x4)
 *(.text .text.*)
 .text.NVIC_SetPriority
                0x0010017c       0x54 ./code/app_init.o
 .text.Sys_DIO_Config
                0x001001d0       0x24 ./code/app_init.o
 .text.Sys_Clocks_SystemClkConfig
                0x001001f4       0x34 ./code/app_init.o
 .text.Sys_NVIC_DisableAllInt
                0x00100228       0x30 ./code/app_init.o
 .text.Sys_NVIC_ClearAllPendingInt
                0x00100258       0x30 ./code/app_init.o
 .text.Sys_I2C_DIOConfig
                0x00100288       0x48 ./code/app_init.o
 .text.Sys_ADC_Set_Config
                0x001002d0       0x20 ./code/app_init.o
 .text.Sys_ADC_InputSelectConfig
                0x001002f0       0x24 ./code/app_init.o
 .text.Sys_Watchdog_Refresh
                0x00100314       0x1c ./code/app_init.o
 .text.App_Initialize
                0x00100330      0x184 ./code/app_init.o
                0x00100330                App_Initialize
 .text.App_Env_Initialize
                0x001004b4       0x54 ./code/app_init.o
                0x001004b4                App_Env_Initialize
 .text.Sys_DIO_Config
                0x00100508       0x24 ./code/app_process.o
 .text.Sys_Audiosink_PeriodCounter
                0x0010052c       0x14 ./code/app_process.o
 .text.Sleep_Mode_Configure
                0x00100540       0x94 ./code/app_process.o
                0x00100540                Sleep_Mode_Configure
 .text.Continue_Application
                0x001005d4       0x80 ./code/app_process.o
                0x001005d4                Continue_Application
 .text.Measure_Battery_Level
                0x00100654       0x28 ./code/app_process.o
                0x00100654                Measure_Battery_Level
 .text.Msg_Handler
                0x0010067c       0x24 ./code/app_process.o
                0x0010067c                Msg_Handler
 .text.AUDIOSINK_PERIOD_IRQHandler
                0x001006a0       0xdc ./code/app_process.o
                0x001006a0                AUDIOSINK_PERIOD_IRQHandler
 .text.Bass_Env_Initialize
                0x0010077c       0x18 ./code/ble_bass.o
                0x0010077c                Bass_Env_Initialize
 .text.Batt_ServiceAdd_Server
                0x00100794       0x74 ./code/ble_bass.o
                0x00100794                Batt_ServiceAdd_Server
 .text.Batt_ServiceEnable_Server
                0x00100808       0x4a ./code/ble_bass.o
                0x00100808                Batt_ServiceEnable_Server
 *fill*         0x00100852        0x2 
 .text.Batt_LevelNtfCfgInd
                0x00100854       0x30 ./code/ble_bass.o
                0x00100854                Batt_LevelNtfCfgInd
 .text.Batt_EnableRsp_Server
                0x00100884       0x38 ./code/ble_bass.o
                0x00100884                Batt_EnableRsp_Server
 .text.CustomService_Env_Initialize
                0x001008bc       0x30 ./code/ble_custom.o
                0x001008bc                CustomService_Env_Initialize
 .text.CustomService_ServiceAdd
                0x001008ec       0xc0 ./code/ble_custom.o
                0x001008ec                CustomService_ServiceAdd
 .text.GATTM_AddSvcRsp
                0x001009ac       0x4c ./code/ble_custom.o
                0x001009ac                GATTM_AddSvcRsp
 .text.GATTC_ReadReqInd
                0x001009f8      0x138 ./code/ble_custom.o
                0x001009f8                GATTC_ReadReqInd
 .text.GATTC_WriteReqInd
                0x00100b30       0xec ./code/ble_custom.o
                0x00100b30                GATTC_WriteReqInd
 .text.GATTC_CmpEvt
                0x00100c1c       0x4c ./code/ble_custom.o
                0x00100c1c                GATTC_CmpEvt
 .text.NVIC_EnableIRQ
                0x00100c68       0x30 ./code/ble_std.o
 .text.Device_Param_Prepare
                0x00100c98       0x58 ./code/ble_std.o
                0x00100c98                Device_Param_Prepare
 .text.BLE_Initialize
                0x00100cf0      0x1b4 ./code/ble_std.o
                0x00100cf0                BLE_Initialize
 .text.Service_Add
                0x00100ea4       0x40 ./code/ble_std.o
                0x00100ea4                Service_Add
 .text.Advertising_Start
                0x00100ee4      0x220 ./code/ble_std.o
                0x00100ee4                Advertising_Start
 .text.Advertising_Update
                0x00101104      0x210 ./code/ble_std.o
                0x00101104                Advertising_Update
 .text.GAPM_ProfileAddedInd
                0x00101314       0x48 ./code/ble_std.o
                0x00101314                GAPM_ProfileAddedInd
 .text.GAPM_CmpEvt
                0x0010135c       0xa4 ./code/ble_std.o
                0x0010135c                GAPM_CmpEvt
 .text.GAPC_GetDevInfoReqInd
                0x00101400       0xac ./code/ble_std.o
                0x00101400                GAPC_GetDevInfoReqInd
 .text.GAPC_ConnectionReqInd
                0x001014ac       0xa8 ./code/ble_std.o
                0x001014ac                GAPC_ConnectionReqInd
 .text.GAPC_CmpEvt
                0x00101554       0x24 ./code/ble_std.o
                0x00101554                GAPC_CmpEvt
 .text.GAPC_DisconnectInd
                0x00101578       0x3c ./code/ble_std.o
                0x00101578                GAPC_DisconnectInd
 .text.GAPC_ParamUpdatedInd
                0x001015b4       0x40 ./code/ble_std.o
                0x001015b4                GAPC_ParamUpdatedInd
 .text.GAPC_ParamUpdateReqInd
                0x001015f4       0x60 ./code/ble_std.o
                0x001015f4                GAPC_ParamUpdateReqInd
 .text.BLE_SetServiceState
                0x00101654       0x48 ./code/ble_std.o
                0x00101654                BLE_SetServiceState
 .text.Service_Enable
                0x0010169c       0x50 ./code/ble_std.o
                0x0010169c                Service_Enable
 .text.Load_Trim_Values_And_Calibrate_MANU_CALIB
                0x001016ec       0x64 ./code/calibration.o
                0x001016ec                Load_Trim_Values_And_Calibrate_MANU_CALIB
 .text.NVIC_EnableIRQ
                0x00101750       0x30 ./code/i2c.o
 .text.Sys_I2C_Config
                0x00101780       0x24 ./code/i2c.o
 .text.Sys_I2C_Get_Status
                0x001017a4       0x14 ./code/i2c.o
 .text.Sys_I2C_StartRead
                0x001017b8       0x24 ./code/i2c.o
 .text.Sys_I2C_StartWrite
                0x001017dc       0x20 ./code/i2c.o
 .text.Sys_I2C_ACK
                0x001017fc       0x18 ./code/i2c.o
 .text.Sys_I2C_Reset
                0x00101814       0x18 ./code/i2c.o
 .text.I2C_Master_Init
                0x0010182c       0x34 ./code/i2c.o
                0x0010182c                I2C_Master_Init
 .text.I2C_WriteRead
                0x00101860       0x7c ./code/i2c.o
                0x00101860                I2C_WriteRead
 .text.I2C_IRQHandler
                0x001018dc      0x15c ./code/i2c.o
                0x001018dc                I2C_IRQHandler
 .text.NCT375_Received_Temperature
                0x00101a38       0x68 ./code/nct375.o
                0x00101a38                NCT375_Received_Temperature
 .text.NCT375_ONEShot_ModeOn
                0x00101aa0       0x38 ./code/nct375.o
                0x00101aa0                NCT375_ONEShot_ModeOn
 .text.NCT375_ONEShot_StartSample
                0x00101ad8       0x38 ./code/nct375.o
                0x00101ad8                NCT375_ONEShot_StartSample
 .text.NCT375_ONEShot_ReadSample
                0x00101b10       0x58 ./code/nct375.o
                0x00101b10                NCT375_ONEShot_ReadSample
 .text.NCT375_I2C_Delay
                0x00101b68       0x24 ./code/nct375.o
                0x00101b68                NCT375_I2C_Delay
 .text.Sys_Delay_ProgramROM
                0x00101b8c       0x22 ./app.o
 *fill*         0x00101bae        0x2 
 .text.Sys_DIO_Config
                0x00101bb0       0x24 ./app.o
 .text.Sys_I2C_DIOConfig
                0x00101bd4       0x48 ./app.o
 .text.Sys_ADC_Set_Config
                0x00101c1c       0x20 ./app.o
 .text.Sys_ADC_InputSelectConfig
                0x00101c3c       0x24 ./app.o
 .text.Sys_Watchdog_Refresh
                0x00101c60       0x1c ./app.o
 .text.main     0x00101c7c       0x44 ./app.o
                0x00101c7c                main
 .text.Main_Loop
                0x00101cc0      0x10c ./app.o
                0x00101cc0                Main_Loop
 .text.LowPowerClock_Source_Set
                0x00101dcc       0x10 C:\Program Files (x86)\ON Semiconductor\RSL10 EDK_1.4\eclipse\../lib/ble_core/release\libblelib.a(rwip.o)
                0x00101dcc                LowPowerClock_Source_Set
 .text.RTCCLK_Period_Value_Set
                0x00101ddc        0xc C:\Program Files (x86)\ON Semiconductor\RSL10 EDK_1.4\eclipse\../lib/ble_core/release\libblelib.a(rwip.o)
                0x00101ddc                RTCCLK_Period_Value_Set
 .text.BLE_Reset
                0x00101de8       0x38 C:\Program Files (x86)\ON Semiconductor\RSL10 EDK_1.4\eclipse\../lib/ble_core/release\libblelib.a(rwip.o)
                0x00101de8                BLE_Reset
 .text.rwip_reset
                0x00101e20       0x34 C:\Program Files (x86)\ON Semiconductor\RSL10 EDK_1.4\eclipse\../lib/ble_core/release\libblelib.a(rwip.o)
                0x00101e20                rwip_reset
 .text.BLE_Power_Mode_Enter
                0x00101e54      0x148 C:\Program Files (x86)\ON Semiconductor\RSL10 EDK_1.4\eclipse\../lib/ble_core/release\libblelib.a(rwip.o)
                0x00101e54                BLE_Power_Mode_Enter
 .text.rwip_prevent_sleep_set
                0x00101f9c       0x14 C:\Program Files (x86)\ON Semiconductor\RSL10 EDK_1.4\eclipse\../lib/ble_core/release\libblelib.a(rwip.o)
                0x00101f9c                rwip_prevent_sleep_set
 .text.rwip_wakeup
                0x00101fb0       0x10 C:\Program Files (x86)\ON Semiconductor\RSL10 EDK_1.4\eclipse\../lib/ble_core/release\libblelib.a(rwip.o)
                0x00101fb0                rwip_wakeup
 .text.rwip_prevent_sleep_clear
                0x00101fc0       0x14 C:\Program Files (x86)\ON Semiconductor\RSL10 EDK_1.4\eclipse\../lib/ble_core/release\libblelib.a(rwip.o)
                0x00101fc0                rwip_prevent_sleep_clear
 .text.rwip_wakeup_end
                0x00101fd4       0x24 C:\Program Files (x86)\ON Semiconductor\RSL10 EDK_1.4\eclipse\../lib/ble_core/release\libblelib.a(rwip.o)
                0x00101fd4                rwip_wakeup_end
 .text.rwip_sleep_lpcycles_2_us
                0x00101ff8       0x48 C:\Program Files (x86)\ON Semiconductor\RSL10 EDK_1.4\eclipse\../lib/ble_core/release\libblelib.a(rwip.o)
                0x00101ff8                rwip_sleep_lpcycles_2_us
 .text.rwip_us_2_lpcycles
                0x00102040       0x30 C:\Program Files (x86)\ON Semiconductor\RSL10 EDK_1.4\eclipse\../lib/ble_core/release\libblelib.a(rwip.o)
                0x00102040                rwip_us_2_lpcycles
 .text.rwip_wakeup_delay_set
                0x00102070       0x10 C:\Program Files (x86)\ON Semiconductor\RSL10 EDK_1.4\eclipse\../lib/ble_core/release\libblelib.a(rwip.o)
                0x00102070                rwip_wakeup_delay_set
 .text.BLE_InitNoTL
                0x00102080       0x44 C:\Program Files (x86)\ON Semiconductor\RSL10 EDK_1.4\eclipse\../lib/ble_core/release\libblelib.a(rwip.o)
                0x00102080                BLE_InitNoTL
 .text.rwble_init
                0x001020c4       0x28 C:\Program Files (x86)\ON Semiconductor\RSL10 EDK_1.4\eclipse\../lib/ble_core/release\libblelib.a(rwble.o)
                0x001020c4                rwble_init
 .text.rwble_reset
                0x001020ec       0x48 C:\Program Files (x86)\ON Semiconductor\RSL10 EDK_1.4\eclipse\../lib/ble_core/release\libblelib.a(rwble.o)
                0x001020ec                rwble_reset
 .text.rwble_sleep_check
                0x00102134       0x10 C:\Program Files (x86)\ON Semiconductor\RSL10 EDK_1.4\eclipse\../lib/ble_core/release\libblelib.a(rwble.o)
                0x00102134                rwble_sleep_check
 .text.rwble_isr
                0x00102144       0xcc C:\Program Files (x86)\ON Semiconductor\RSL10 EDK_1.4\eclipse\../lib/ble_core/release\libblelib.a(rwble.o)
                0x00102144                BLE_CSCNT_IRQHandler
                0x00102144                BLE_SW_IRQHandler
                0x00102144                BLE_AUDIO0_IRQHandler
                0x00102144                BLE_SLP_IRQHandler
                0x00102144                BLE_RX_IRQHandler
                0x00102144                rwble_isr
                0x00102144                BLE_AUDIO2_IRQHandler
                0x00102144                BLE_AUDIO1_IRQHandler
                0x00102144                BLE_ERROR_IRQHandler
                0x00102144                BLE_EVENT_IRQHandler
                0x00102144                BLE_CRYPT_IRQHandler
                0x00102144                BLE_FINETGTIM_IRQHandler
 .text.rf_atl_spi_tf
                0x00102210       0x24 C:\Program Files (x86)\ON Semiconductor\RSL10 EDK_1.4\eclipse\../lib/ble_core/release\libblelib.a(rf_atlas.o)
 .text.rf_reset
                0x00102234        0x2 C:\Program Files (x86)\ON Semiconductor\RSL10 EDK_1.4\eclipse\../lib/ble_core/release\libblelib.a(rf_atlas.o)
 .text.rf_force_agc_enable
                0x00102236        0x2 C:\Program Files (x86)\ON Semiconductor\RSL10 EDK_1.4\eclipse\../lib/ble_core/release\libblelib.a(rf_atlas.o)
 .text.rf_txpwr_dbm_get
                0x00102238        0x4 C:\Program Files (x86)\ON Semiconductor\RSL10 EDK_1.4\eclipse\../lib/ble_core/release\libblelib.a(rf_atlas.o)
 .text.rf_sleep
                0x0010223c       0x10 C:\Program Files (x86)\ON Semiconductor\RSL10 EDK_1.4\eclipse\../lib/ble_core/release\libblelib.a(rf_atlas.o)
 *fill*         0x0010224c        0x4 
 .text.rf_rssi_convert
                0x00102250       0x38 C:\Program Files (x86)\ON Semiconductor\RSL10 EDK_1.4\eclipse\../lib/ble_core/release\libblelib.a(rf_atlas.o)
 .text.rf_atl_reg_burst_wr
                0x00102288       0x40 C:\Program Files (x86)\ON Semiconductor\RSL10 EDK_1.4\eclipse\../lib/ble_core/release\libblelib.a(rf_atlas.o)
 .text.rf_atl_reg_wr
                0x001022c8       0x24 C:\Program Files (x86)\ON Semiconductor\RSL10 EDK_1.4\eclipse\../lib/ble_core/release\libblelib.a(rf_atlas.o)
 .text.rf_atl_reg_rd
                0x001022ec       0x2c C:\Program Files (x86)\ON Semiconductor\RSL10 EDK_1.4\eclipse\../lib/ble_core/release\libblelib.a(rf_atlas.o)
 .text.rf_init  0x00102318      0x454 C:\Program Files (x86)\ON Semiconductor\RSL10 EDK_1.4\eclipse\../lib/ble_core/release\libblelib.a(rf_atlas.o)
                0x00102318                rf_init
 .text.prf_itf_get
                0x0010276c       0xcc C:\Program Files (x86)\ON Semiconductor\RSL10 EDK_1.4\eclipse\../lib/ble_core/release\libblelib.a(prf-prf_utils.o)
 .text.prf_init
                0x00102838       0x64 C:\Program Files (x86)\ON Semiconductor\RSL10 EDK_1.4\eclipse\../lib/ble_core/release\libblelib.a(prf-prf_utils.o)
                0x00102838                prf_init
 .text.prf_add_profile
                0x0010289c       0x6c C:\Program Files (x86)\ON Semiconductor\RSL10 EDK_1.4\eclipse\../lib/ble_core/release\libblelib.a(prf-prf_utils.o)
                0x0010289c                prf_add_profile
 .text.prf_create
                0x00102908       0x28 C:\Program Files (x86)\ON Semiconductor\RSL10 EDK_1.4\eclipse\../lib/ble_core/release\libblelib.a(prf-prf_utils.o)
                0x00102908                prf_create
 .text.prf_cleanup
                0x00102930       0x2c C:\Program Files (x86)\ON Semiconductor\RSL10 EDK_1.4\eclipse\../lib/ble_core/release\libblelib.a(prf-prf_utils.o)
                0x00102930                prf_cleanup
 .text.prf_env_get
                0x0010295c       0x24 C:\Program Files (x86)\ON Semiconductor\RSL10 EDK_1.4\eclipse\../lib/ble_core/release\libblelib.a(prf-prf_utils.o)
                0x0010295c                prf_env_get
 .text.prf_src_task_get
                0x00102980       0x10 C:\Program Files (x86)\ON Semiconductor\RSL10 EDK_1.4\eclipse\../lib/ble_core/release\libblelib.a(prf-prf_utils.o)
                0x00102980                prf_src_task_get
 .text.prf_dst_task_get
                0x00102990       0x10 C:\Program Files (x86)\ON Semiconductor\RSL10 EDK_1.4\eclipse\../lib/ble_core/release\libblelib.a(prf-prf_utils.o)
                0x00102990                prf_dst_task_get
 .text.prf_pack_char_pres_fmt
                0x001029a0       0x1e C:\Program Files (x86)\ON Semiconductor\RSL10 EDK_1.4\eclipse\../lib/ble_core/release\libblelib.a(prf-prf_utils.o)
                0x001029a0                prf_pack_char_pres_fmt
 *fill*         0x001029be        0x2 
 .text.lld_evt_winsize_change
                0x001029c0       0x88 C:\Program Files (x86)\ON Semiconductor\RSL10 EDK_1.4\eclipse\../lib/ble_core/release\libblelib.a(lld_evt.o)
 .text.lld_evt_slave_time_compute
                0x00102a48       0xac C:\Program Files (x86)\ON Semiconductor\RSL10 EDK_1.4\eclipse\../lib/ble_core/release\libblelib.a(lld_evt.o)
 .text.lld_evt_prevent_stop
                0x00102af4        0x2 C:\Program Files (x86)\ON Semiconductor\RSL10 EDK_1.4\eclipse\../lib/ble_core/release\libblelib.a(lld_evt.o)
                0x00102af4                lld_evt_prevent_stop
 *fill*         0x00102af6        0x2 
 .text.lld_evt_deferred_elt_push
                0x00102af8       0x28 C:\Program Files (x86)\ON Semiconductor\RSL10 EDK_1.4\eclipse\../lib/ble_core/release\libblelib.a(lld_evt.o)
 .text.lld_evt_elt_wait_insert
                0x00102b20       0x20 C:\Program Files (x86)\ON Semiconductor\RSL10 EDK_1.4\eclipse\../lib/ble_core/release\libblelib.a(lld_evt.o)
 .text.lld_evt_deferred_elt_pop
                0x00102b40       0x2c C:\Program Files (x86)\ON Semiconductor\RSL10 EDK_1.4\eclipse\../lib/ble_core/release\libblelib.a(lld_evt.o)
 .text.lld_evt_get_next_free_slot
                0x00102b6c       0x38 C:\Program Files (x86)\ON Semiconductor\RSL10 EDK_1.4\eclipse\../lib/ble_core/release\libblelib.a(lld_evt.o)
 .text.lld_evt_elt_wait_get
                0x00102ba4       0x38 C:\Program Files (x86)\ON Semiconductor\RSL10 EDK_1.4\eclipse\../lib/ble_core/release\libblelib.a(lld_evt.o)
 .text.lld_evt_schedule
                0x00102bdc      0x14c C:\Program Files (x86)\ON Semiconductor\RSL10 EDK_1.4\eclipse\../lib/ble_core/release\libblelib.a(lld_evt.o)
                0x00102bdc                lld_evt_schedule
 .text.lld_evt_delete_elt_push
                0x00102d28       0x44 C:\Program Files (x86)\ON Semiconductor\RSL10 EDK_1.4\eclipse\../lib/ble_core/release\libblelib.a(lld_evt.o)
                0x00102d28                lld_evt_delete_elt_push
 .text.lld_evt_deffered_elt_handler
                0x00102d6c       0xec C:\Program Files (x86)\ON Semiconductor\RSL10 EDK_1.4\eclipse\../lib/ble_core/release\libblelib.a(lld_evt.o)
                0x00102d6c                lld_evt_deffered_elt_handler
 .text.lld_evt_channel_next
                0x00102e58       0x3c C:\Program Files (x86)\ON Semiconductor\RSL10 EDK_1.4\eclipse\../lib/ble_core/release\libblelib.a(lld_evt.o)
                0x00102e58                lld_evt_channel_next
 .text.lld_evt_init
                0x00102e94      0x12c C:\Program Files (x86)\ON Semiconductor\RSL10 EDK_1.4\eclipse\../lib/ble_core/release\libblelib.a(lld_evt.o)
                0x00102e94                lld_evt_init
 .text.lld_evt_init_evt
                0x00102fc0       0x40 C:\Program Files (x86)\ON Semiconductor\RSL10 EDK_1.4\eclipse\../lib/ble_core/release\libblelib.a(lld_evt.o)
                0x00102fc0                lld_evt_init_evt
 .text.lld_evt_elt_delete
                0x00103000       0xc0 C:\Program Files (x86)\ON Semiconductor\RSL10 EDK_1.4\eclipse\../lib/ble_core/release\libblelib.a(lld_evt.o)
                0x00103000                lld_evt_elt_delete
 .text.lld_evt_delete_elt_handler
                0x001030c0       0x60 C:\Program Files (x86)\ON Semiconductor\RSL10 EDK_1.4\eclipse\../lib/ble_core/release\libblelib.a(lld_evt.o)
 .text.lld_evt_drift_compute
                0x00103120       0x24 C:\Program Files (x86)\ON Semiconductor\RSL10 EDK_1.4\eclipse\../lib/ble_core/release\libblelib.a(lld_evt.o)
                0x00103120                lld_evt_drift_compute
 .text.lld_evt_rxwin_compute
                0x00103144       0x40 C:\Program Files (x86)\ON Semiconductor\RSL10 EDK_1.4\eclipse\../lib/ble_core/release\libblelib.a(lld_evt.o)
 .text.lld_evt_restart
                0x00103184      0x798 C:\Program Files (x86)\ON Semiconductor\RSL10 EDK_1.4\eclipse\../lib/ble_core/release\libblelib.a(lld_evt.o)
                0x00103184                lld_evt_restart
 .text.lld_evt_elt_insert
                0x0010391c       0x48 C:\Program Files (x86)\ON Semiconductor\RSL10 EDK_1.4\eclipse\../lib/ble_core/release\libblelib.a(lld_evt.o)
                0x0010391c                lld_evt_elt_insert
 .text.lld_evt_canceled
                0x00103964       0x3e C:\Program Files (x86)\ON Semiconductor\RSL10 EDK_1.4\eclipse\../lib/ble_core/release\libblelib.a(lld_evt.o)
                0x00103964                lld_evt_canceled
 *fill*         0x001039a2        0x2 
 .text.lld_evt_schedule_next
                0x001039a4      0x190 C:\Program Files (x86)\ON Semiconductor\RSL10 EDK_1.4\eclipse\../lib/ble_core/release\libblelib.a(lld_evt.o)
                0x001039a4                lld_evt_schedule_next
 .text.lld_evt_scan_create
                0x00103b34       0x88 C:\Program Files (x86)\ON Semiconductor\RSL10 EDK_1.4\eclipse\../lib/ble_core/release\libblelib.a(lld_evt.o)
                0x00103b34                lld_evt_scan_create
 .text.lld_evt_move_to_master
                0x00103bbc      0x158 C:\Program Files (x86)\ON Semiconductor\RSL10 EDK_1.4\eclipse\../lib/ble_core/release\libblelib.a(lld_evt.o)
                0x00103bbc                lld_evt_move_to_master
 .text.lld_evt_update_create
                0x00103d14      0x130 C:\Program Files (x86)\ON Semiconductor\RSL10 EDK_1.4\eclipse\../lib/ble_core/release\libblelib.a(lld_evt.o)
                0x00103d14                lld_evt_update_create
 .text.lld_evt_move_to_slave
                0x00103e44      0x2e4 C:\Program Files (x86)\ON Semiconductor\RSL10 EDK_1.4\eclipse\../lib/ble_core/release\libblelib.a(lld_evt.o)
                0x00103e44                lld_evt_move_to_slave
 .text.lld_evt_slave_update
                0x00104128      0x140 C:\Program Files (x86)\ON Semiconductor\RSL10 EDK_1.4\eclipse\../lib/ble_core/release\libblelib.a(lld_evt.o)
                0x00104128                lld_evt_slave_update
 .text.lld_evt_adv_create
                0x00104268       0x88 C:\Program Files (x86)\ON Semiconductor\RSL10 EDK_1.4\eclipse\../lib/ble_core/release\libblelib.a(lld_evt.o)
                0x00104268                lld_evt_adv_create
 .text.lld_evt_end
                0x001042f0      0x174 C:\Program Files (x86)\ON Semiconductor\RSL10 EDK_1.4\eclipse\../lib/ble_core/release\libblelib.a(lld_evt.o)
                0x001042f0                lld_evt_end
 .text.lld_evt_rx
                0x00104464       0x40 C:\Program Files (x86)\ON Semiconductor\RSL10 EDK_1.4\eclipse\../lib/ble_core/release\libblelib.a(lld_evt.o)
                0x00104464                lld_evt_rx
 .text.lld_evt_end_isr
                0x001044a4       0x38 C:\Program Files (x86)\ON Semiconductor\RSL10 EDK_1.4\eclipse\../lib/ble_core/release\libblelib.a(lld_evt.o)
                0x001044a4                lld_evt_end_isr
 .text.lld_evt_rx_isr
                0x001044dc       0x10 C:\Program Files (x86)\ON Semiconductor\RSL10 EDK_1.4\eclipse\../lib/ble_core/release\libblelib.a(lld_evt.o)
                0x001044dc                lld_evt_rx_isr
 .text.BLE_LLD_Sleep_Params_Set
                0x001044ec        0xc C:\Program Files (x86)\ON Semiconductor\RSL10 EDK_1.4\eclipse\../lib/ble_core/release\libblelib.a(lld_sleep.o)
                0x001044ec                BLE_LLD_Sleep_Params_Set
 .text.BLE_Is_Awake_Flag_Set
                0x001044f8        0xc C:\Program Files (x86)\ON Semiconductor\RSL10 EDK_1.4\eclipse\../lib/ble_core/release\libblelib.a(lld_sleep.o)
                0x001044f8                BLE_Is_Awake_Flag_Set
 .text.BLE_Is_Awake
                0x00104504        0xc C:\Program Files (x86)\ON Semiconductor\RSL10 EDK_1.4\eclipse\../lib/ble_core/release\libblelib.a(lld_sleep.o)
                0x00104504                BLE_Is_Awake
 .text.lld_sleep_init
                0x00104510       0x3c C:\Program Files (x86)\ON Semiconductor\RSL10 EDK_1.4\eclipse\../lib/ble_core/release\libblelib.a(lld_sleep.o)
                0x00104510                lld_sleep_init
 .text.lld_power_mode_enter
                0x0010454c       0x80 C:\Program Files (x86)\ON Semiconductor\RSL10 EDK_1.4\eclipse\../lib/ble_core/release\libblelib.a(lld_sleep.o)
                0x0010454c                lld_power_mode_enter
 .text.lld_sleep_wakeup
                0x001045cc       0x80 C:\Program Files (x86)\ON Semiconductor\RSL10 EDK_1.4\eclipse\../lib/ble_core/release\libblelib.a(lld_sleep.o)
                0x001045cc                lld_sleep_wakeup
 .text.lld_sleep_wakeup_end
                0x0010464c       0x1c C:\Program Files (x86)\ON Semiconductor\RSL10 EDK_1.4\eclipse\../lib/ble_core/release\libblelib.a(lld_sleep.o)
                0x0010464c                lld_sleep_wakeup_end
 .text.hci_evt_mask_set.part.0
                0x00104668       0x30 C:\Program Files (x86)\ON Semiconductor\RSL10 EDK_1.4\eclipse\../lib/ble_core/release\libblelib.a(hci.o)
 .text.hci_init
                0x00104698       0x24 C:\Program Files (x86)\ON Semiconductor\RSL10 EDK_1.4\eclipse\../lib/ble_core/release\libblelib.a(hci.o)
                0x00104698                hci_init
 .text.hci_reset
                0x001046bc       0x24 C:\Program Files (x86)\ON Semiconductor\RSL10 EDK_1.4\eclipse\../lib/ble_core/release\libblelib.a(hci.o)
                0x001046bc                hci_reset
 .text.hci_send_2_host
                0x001046e0       0xe8 C:\Program Files (x86)\ON Semiconductor\RSL10 EDK_1.4\eclipse\../lib/ble_core/release\libblelib.a(hci.o)
                0x001046e0                hci_send_2_host
 .text.hci_send_2_controller
                0x001047c8       0x6e C:\Program Files (x86)\ON Semiconductor\RSL10 EDK_1.4\eclipse\../lib/ble_core/release\libblelib.a(hci.o)
                0x001047c8                hci_send_2_controller
 *fill*         0x00104836        0x2 
 .text.hci_evt_mask_set
                0x00104838       0x24 C:\Program Files (x86)\ON Semiconductor\RSL10 EDK_1.4\eclipse\../lib/ble_core/release\libblelib.a(hci.o)
                0x00104838                hci_evt_mask_set
 .text.hci_fc_init
                0x0010485c       0x10 C:\Program Files (x86)\ON Semiconductor\RSL10 EDK_1.4\eclipse\../lib/ble_core/release\libblelib.a(hci_fc.o)
                0x0010485c                hci_fc_init
 .text.hci_fc_acl_buf_size_set
                0x0010486c       0x20 C:\Program Files (x86)\ON Semiconductor\RSL10 EDK_1.4\eclipse\../lib/ble_core/release\libblelib.a(hci_fc.o)
                0x0010486c                hci_fc_acl_buf_size_set
 .text.hci_fc_acl_en
                0x0010488c       0x30 C:\Program Files (x86)\ON Semiconductor\RSL10 EDK_1.4\eclipse\../lib/ble_core/release\libblelib.a(hci_fc.o)
                0x0010488c                hci_fc_acl_en
 .text.hci_fc_host_nb_acl_pkts_complete
                0x001048bc       0x14 C:\Program Files (x86)\ON Semiconductor\RSL10 EDK_1.4\eclipse\../lib/ble_core/release\libblelib.a(hci_fc.o)
                0x001048bc                hci_fc_host_nb_acl_pkts_complete
 .text.hci_look_for_cmd_desc
                0x001048d0       0x48 C:\Program Files (x86)\ON Semiconductor\RSL10 EDK_1.4\eclipse\../lib/ble_core/release\libblelib.a(hci_msg.o)
                0x001048d0                hci_look_for_cmd_desc
 .text.hci_look_for_evt_desc
                0x00104918       0x24 C:\Program Files (x86)\ON Semiconductor\RSL10 EDK_1.4\eclipse\../lib/ble_core/release\libblelib.a(hci_msg.o)
                0x00104918                hci_look_for_evt_desc
 .text.hci_look_for_le_evt_desc
                0x0010493c       0x24 C:\Program Files (x86)\ON Semiconductor\RSL10 EDK_1.4\eclipse\../lib/ble_core/release\libblelib.a(hci_msg.o)
                0x0010493c                hci_look_for_le_evt_desc
 .text.llm_wlpub_addr_set
                0x00104960       0x24 C:\Program Files (x86)\ON Semiconductor\RSL10 EDK_1.4\eclipse\../lib/ble_core/release\libblelib.a(llm.o)
 .text.llm_wlpriv_addr_set
                0x00104984       0x24 C:\Program Files (x86)\ON Semiconductor\RSL10 EDK_1.4\eclipse\../lib/ble_core/release\libblelib.a(llm.o)
 .text.llm_con_req_ind
                0x001049a8      0x174 C:\Program Files (x86)\ON Semiconductor\RSL10 EDK_1.4\eclipse\../lib/ble_core/release\libblelib.a(llm.o)
                0x001049a8                llm_con_req_ind
 .text.llm_le_adv_report_ind
                0x00104b1c      0x2e8 C:\Program Files (x86)\ON Semiconductor\RSL10 EDK_1.4\eclipse\../lib/ble_core/release\libblelib.a(llm.o)
                0x00104b1c                llm_le_adv_report_ind
 .text.llm_con_req_tx_cfm
                0x00104e04      0x130 C:\Program Files (x86)\ON Semiconductor\RSL10 EDK_1.4\eclipse\../lib/ble_core/release\libblelib.a(llm.o)
                0x00104e04                llm_con_req_tx_cfm
 .text.llm_common_cmd_complete_send
                0x00104f34       0x1c C:\Program Files (x86)\ON Semiconductor\RSL10 EDK_1.4\eclipse\../lib/ble_core/release\libblelib.a(llm.o)
                0x00104f34                llm_common_cmd_complete_send
 .text.llm_ble_ready
                0x00104f50        0x8 C:\Program Files (x86)\ON Semiconductor\RSL10 EDK_1.4\eclipse\../lib/ble_core/release\libblelib.a(llm.o)
                0x00104f50                llm_ble_ready
 .text.llm_common_cmd_status_send
                0x00104f58       0x1c C:\Program Files (x86)\ON Semiconductor\RSL10 EDK_1.4\eclipse\../lib/ble_core/release\libblelib.a(llm.o)
                0x00104f58                llm_common_cmd_status_send
 .text.llm_test_mode_start_tx
                0x00104f74      0x260 C:\Program Files (x86)\ON Semiconductor\RSL10 EDK_1.4\eclipse\../lib/ble_core/release\libblelib.a(llm.o)
                0x00104f74                llm_test_mode_start_tx
 .text.llm_test_mode_start_rx
                0x001051d4       0xcc C:\Program Files (x86)\ON Semiconductor\RSL10 EDK_1.4\eclipse\../lib/ble_core/release\libblelib.a(llm.o)
                0x001051d4                llm_test_mode_start_rx
 .text.llm_set_adv_param
                0x001052a0      0x16c C:\Program Files (x86)\ON Semiconductor\RSL10 EDK_1.4\eclipse\../lib/ble_core/release\libblelib.a(llm.o)
                0x001052a0                llm_set_adv_param
 .text.llm_set_adv_data
                0x0010540c       0xa0 C:\Program Files (x86)\ON Semiconductor\RSL10 EDK_1.4\eclipse\../lib/ble_core/release\libblelib.a(llm.o)
                0x0010540c                llm_set_adv_data
 .text.llm_set_scan_rsp_data
                0x001054ac       0xa0 C:\Program Files (x86)\ON Semiconductor\RSL10 EDK_1.4\eclipse\../lib/ble_core/release\libblelib.a(llm.o)
                0x001054ac                llm_set_scan_rsp_data
 .text.llm_set_scan_param
                0x0010554c       0x90 C:\Program Files (x86)\ON Semiconductor\RSL10 EDK_1.4\eclipse\../lib/ble_core/release\libblelib.a(llm.o)
                0x0010554c                llm_set_scan_param
 .text.llm_wl_clr
                0x001055dc       0x68 C:\Program Files (x86)\ON Semiconductor\RSL10 EDK_1.4\eclipse\../lib/ble_core/release\libblelib.a(llm.o)
                0x001055dc                llm_wl_clr
 .text.llm_wl_dev_add
                0x00105644       0x38 C:\Program Files (x86)\ON Semiconductor\RSL10 EDK_1.4\eclipse\../lib/ble_core/release\libblelib.a(llm.o)
                0x00105644                llm_wl_dev_add
 .text.llm_wl_dev_rem
                0x0010567c       0x34 C:\Program Files (x86)\ON Semiconductor\RSL10 EDK_1.4\eclipse\../lib/ble_core/release\libblelib.a(llm.o)
                0x0010567c                llm_wl_dev_rem
 .text.llm_wl_dev_add_hdl
                0x001056b0       0x7c C:\Program Files (x86)\ON Semiconductor\RSL10 EDK_1.4\eclipse\../lib/ble_core/release\libblelib.a(llm.o)
                0x001056b0                llm_wl_dev_add_hdl
 .text.llm_wl_dev_rem_hdl
                0x0010572c       0x78 C:\Program Files (x86)\ON Semiconductor\RSL10 EDK_1.4\eclipse\../lib/ble_core/release\libblelib.a(llm.o)
                0x0010572c                llm_wl_dev_rem_hdl
 .text.llm_encryption_start
                0x001057a4       0xbc C:\Program Files (x86)\ON Semiconductor\RSL10 EDK_1.4\eclipse\../lib/ble_core/release\libblelib.a(llm.o)
                0x001057a4                llm_encryption_start
 .text.llm_encryption_done
                0x00105860       0xb0 C:\Program Files (x86)\ON Semiconductor\RSL10 EDK_1.4\eclipse\../lib/ble_core/release\libblelib.a(llm.o)
                0x00105860                llm_encryption_done
 .text.llm_ral_clear
                0x00105910       0x24 C:\Program Files (x86)\ON Semiconductor\RSL10 EDK_1.4\eclipse\../lib/ble_core/release\libblelib.a(llm.o)
                0x00105910                llm_ral_clear
 .text.llm_init
                0x00105934      0x1e4 C:\Program Files (x86)\ON Semiconductor\RSL10 EDK_1.4\eclipse\../lib/ble_core/release\libblelib.a(llm.o)
                0x00105934                llm_init
 .text.llm_ral_dev_add
                0x00105b18      0x138 C:\Program Files (x86)\ON Semiconductor\RSL10 EDK_1.4\eclipse\../lib/ble_core/release\libblelib.a(llm.o)
                0x00105b18                llm_ral_dev_add
 .text.llm_ral_dev_rm
                0x00105c50       0x3c C:\Program Files (x86)\ON Semiconductor\RSL10 EDK_1.4\eclipse\../lib/ble_core/release\libblelib.a(llm.o)
                0x00105c50                llm_ral_dev_rm
 .text.llm_ral_get_rpa
                0x00105c8c       0x74 C:\Program Files (x86)\ON Semiconductor\RSL10 EDK_1.4\eclipse\../lib/ble_core/release\libblelib.a(llm.o)
                0x00105c8c                llm_ral_get_rpa
 .text.llm_ral_set_timeout
                0x00105d00       0x4c C:\Program Files (x86)\ON Semiconductor\RSL10 EDK_1.4\eclipse\../lib/ble_core/release\libblelib.a(llm.o)
                0x00105d00                llm_ral_set_timeout
 .text.llm_ral_update
                0x00105d4c       0x34 C:\Program Files (x86)\ON Semiconductor\RSL10 EDK_1.4\eclipse\../lib/ble_core/release\libblelib.a(llm.o)
                0x00105d4c                llm_ral_update
 .text.llm_set_adv_en
                0x00105d80      0x118 C:\Program Files (x86)\ON Semiconductor\RSL10 EDK_1.4\eclipse\../lib/ble_core/release\libblelib.a(llm.o)
                0x00105d80                llm_set_adv_en
 .text.llm_set_scan_en
                0x00105e98       0xa4 C:\Program Files (x86)\ON Semiconductor\RSL10 EDK_1.4\eclipse\../lib/ble_core/release\libblelib.a(llm.o)
                0x00105e98                llm_set_scan_en
 .text.llm_create_con
                0x00105f3c      0x138 C:\Program Files (x86)\ON Semiconductor\RSL10 EDK_1.4\eclipse\../lib/ble_core/release\libblelib.a(llm.o)
                0x00105f3c                llm_create_con
 .text.llm_dft_handler
                0x00106074        0x4 C:\Program Files (x86)\ON Semiconductor\RSL10 EDK_1.4\eclipse\../lib/ble_core/release\libblelib.a(llm_task.o)
 .text.llm_le_set_host_ch_class_cmd_sto_handler
                0x00106078       0x10 C:\Program Files (x86)\ON Semiconductor\RSL10 EDK_1.4\eclipse\../lib/ble_core/release\libblelib.a(llm_task.o)
 .text.llm_ecc_result_ind_handler
                0x00106088       0x9c C:\Program Files (x86)\ON Semiconductor\RSL10 EDK_1.4\eclipse\../lib/ble_core/release\libblelib.a(llm_task.o)
 .text.llm_enc_req_handler
                0x00106124       0x24 C:\Program Files (x86)\ON Semiconductor\RSL10 EDK_1.4\eclipse\../lib/ble_core/release\libblelib.a(llm_task.o)
 .text.llm_le_enh_priv_addr_renew_timer_handler
                0x00106148       0x4c C:\Program Files (x86)\ON Semiconductor\RSL10 EDK_1.4\eclipse\../lib/ble_core/release\libblelib.a(llm_task.o)
 .text.lld_stop_ind_handler
                0x00106194       0x58 C:\Program Files (x86)\ON Semiconductor\RSL10 EDK_1.4\eclipse\../lib/ble_core/release\libblelib.a(llm_task.o)
 .text.llm_util_bd_addr_wl_position
                0x001061ec       0x68 C:\Program Files (x86)\ON Semiconductor\RSL10 EDK_1.4\eclipse\../lib/ble_core/release\libblelib.a(llm_util.o)
                0x001061ec                llm_util_bd_addr_wl_position
 .text.llm_util_check_address_validity
                0x00106254       0x18 C:\Program Files (x86)\ON Semiconductor\RSL10 EDK_1.4\eclipse\../lib/ble_core/release\libblelib.a(llm_util.o)
                0x00106254                llm_util_check_address_validity
 .text.llm_util_check_map_validity
                0x0010626c       0x4c C:\Program Files (x86)\ON Semiconductor\RSL10 EDK_1.4\eclipse\../lib/ble_core/release\libblelib.a(llm_util.o)
                0x0010626c                llm_util_check_map_validity
 .text.llm_util_apply_bd_addr
                0x001062b8       0x20 C:\Program Files (x86)\ON Semiconductor\RSL10 EDK_1.4\eclipse\../lib/ble_core/release\libblelib.a(llm_util.o)
                0x001062b8                llm_util_apply_bd_addr
 .text.llm_util_check_evt_mask
                0x001062d8       0x1c C:\Program Files (x86)\ON Semiconductor\RSL10 EDK_1.4\eclipse\../lib/ble_core/release\libblelib.a(llm_util.o)
                0x001062d8                llm_util_check_evt_mask
 .text.llm_util_get_channel_map
                0x001062f4       0x10 C:\Program Files (x86)\ON Semiconductor\RSL10 EDK_1.4\eclipse\../lib/ble_core/release\libblelib.a(llm_util.o)
                0x001062f4                llm_util_get_channel_map
 .text.llm_util_get_supp_features
                0x00106304       0x10 C:\Program Files (x86)\ON Semiconductor\RSL10 EDK_1.4\eclipse\../lib/ble_core/release\libblelib.a(llm_util.o)
                0x00106304                llm_util_get_supp_features
 .text.llm_util_adv_data_update
                0x00106314       0x40 C:\Program Files (x86)\ON Semiconductor\RSL10 EDK_1.4\eclipse\../lib/ble_core/release\libblelib.a(llm_util.o)
                0x00106314                llm_util_adv_data_update
 .text.llm_util_bl_check
                0x00106354       0x6c C:\Program Files (x86)\ON Semiconductor\RSL10 EDK_1.4\eclipse\../lib/ble_core/release\libblelib.a(llm_util.o)
                0x00106354                llm_util_bl_check
 .text.llm_util_bd_addr_in_wl
                0x001063c0       0x4e C:\Program Files (x86)\ON Semiconductor\RSL10 EDK_1.4\eclipse\../lib/ble_core/release\libblelib.a(llm_util.o)
                0x001063c0                llm_util_bd_addr_in_wl
 *fill*         0x0010640e        0x2 
 .text.llm_util_get_default_phy
                0x00106410       0x2c C:\Program Files (x86)\ON Semiconductor\RSL10 EDK_1.4\eclipse\../lib/ble_core/release\libblelib.a(llm_util.o)
                0x00106410                llm_util_get_default_phy
 .text.llm_util_bd_addr_in_ral
                0x0010643c       0x68 C:\Program Files (x86)\ON Semiconductor\RSL10 EDK_1.4\eclipse\../lib/ble_core/release\libblelib.a(llm_util.o)
                0x0010643c                llm_util_bd_addr_in_ral
 .text.llm_util_bl_add
                0x001064a4       0x8c C:\Program Files (x86)\ON Semiconductor\RSL10 EDK_1.4\eclipse\../lib/ble_core/release\libblelib.a(llm_util.o)
                0x001064a4                llm_util_bl_add
 .text.llm_util_bl_rem
                0x00106530       0x6c C:\Program Files (x86)\ON Semiconductor\RSL10 EDK_1.4\eclipse\../lib/ble_core/release\libblelib.a(llm_util.o)
                0x00106530                llm_util_bl_rem
 .text.llm_end_evt_defer
                0x0010659c       0xb8 C:\Program Files (x86)\ON Semiconductor\RSL10 EDK_1.4\eclipse\../lib/ble_core/release\libblelib.a(llm_util.o)
                0x0010659c                llm_end_evt_defer
 .text.llm_pdu_defer
                0x00106654       0x84 C:\Program Files (x86)\ON Semiconductor\RSL10 EDK_1.4\eclipse\../lib/ble_core/release\libblelib.a(llm_util.o)
                0x00106654                llm_pdu_defer
 .text.lld_init
                0x001066d8      0x214 C:\Program Files (x86)\ON Semiconductor\RSL10 EDK_1.4\eclipse\../lib/ble_core/release\libblelib.a(lld.o)
                0x001066d8                lld_init
 .text.lld_core_reset
                0x001068ec       0x58 C:\Program Files (x86)\ON Semiconductor\RSL10 EDK_1.4\eclipse\../lib/ble_core/release\libblelib.a(lld.o)
                0x001068ec                lld_core_reset
 .text.lld_adv_start
                0x00106944      0x228 C:\Program Files (x86)\ON Semiconductor\RSL10 EDK_1.4\eclipse\../lib/ble_core/release\libblelib.a(lld.o)
                0x00106944                lld_adv_start
 .text.lld_adv_stop
                0x00106b6c       0x2c C:\Program Files (x86)\ON Semiconductor\RSL10 EDK_1.4\eclipse\../lib/ble_core/release\libblelib.a(lld.o)
                0x00106b6c                lld_adv_stop
 .text.lld_scan_start
                0x00106b98      0x1b4 C:\Program Files (x86)\ON Semiconductor\RSL10 EDK_1.4\eclipse\../lib/ble_core/release\libblelib.a(lld.o)
                0x00106b98                lld_scan_start
 .text.lld_scan_stop
                0x00106d4c       0x2c C:\Program Files (x86)\ON Semiconductor\RSL10 EDK_1.4\eclipse\../lib/ble_core/release\libblelib.a(lld.o)
                0x00106d4c                lld_scan_stop
 .text.lld_con_start
                0x00106d78      0x600 C:\Program Files (x86)\ON Semiconductor\RSL10 EDK_1.4\eclipse\../lib/ble_core/release\libblelib.a(lld.o)
                0x00106d78                lld_con_start
 .text.lld_move_to_master
                0x00107378       0xc8 C:\Program Files (x86)\ON Semiconductor\RSL10 EDK_1.4\eclipse\../lib/ble_core/release\libblelib.a(lld.o)
                0x00107378                lld_move_to_master
 .text.lld_con_update_req
                0x00107440       0x5a C:\Program Files (x86)\ON Semiconductor\RSL10 EDK_1.4\eclipse\../lib/ble_core/release\libblelib.a(lld.o)
                0x00107440                lld_con_update_req
 *fill*         0x0010749a        0x2 
 .text.lld_con_update_after_param_req
                0x0010749c      0x230 C:\Program Files (x86)\ON Semiconductor\RSL10 EDK_1.4\eclipse\../lib/ble_core/release\libblelib.a(lld.o)
                0x0010749c                lld_con_update_after_param_req
 .text.lld_con_param_rsp
                0x001076cc       0xec C:\Program Files (x86)\ON Semiconductor\RSL10 EDK_1.4\eclipse\../lib/ble_core/release\libblelib.a(lld.o)
                0x001076cc                lld_con_param_rsp
 .text.lld_con_param_req
                0x001077b8       0xc0 C:\Program Files (x86)\ON Semiconductor\RSL10 EDK_1.4\eclipse\../lib/ble_core/release\libblelib.a(lld.o)
                0x001077b8                lld_con_param_req
 .text.lld_con_stop
                0x00107878        0x8 C:\Program Files (x86)\ON Semiconductor\RSL10 EDK_1.4\eclipse\../lib/ble_core/release\libblelib.a(lld.o)
                0x00107878                lld_con_stop
 .text.lld_get_mode
                0x00107880       0x28 C:\Program Files (x86)\ON Semiconductor\RSL10 EDK_1.4\eclipse\../lib/ble_core/release\libblelib.a(lld.o)
                0x00107880                lld_get_mode
 .text.lld_move_to_slave
                0x001078a8      0x1b0 C:\Program Files (x86)\ON Semiconductor\RSL10 EDK_1.4\eclipse\../lib/ble_core/release\libblelib.a(lld.o)
                0x001078a8                lld_move_to_slave
 .text.lld_ch_map_ind
                0x00107a58       0x46 C:\Program Files (x86)\ON Semiconductor\RSL10 EDK_1.4\eclipse\../lib/ble_core/release\libblelib.a(lld.o)
                0x00107a58                lld_ch_map_ind
 .text.lld_con_update_ind
                0x00107a9e        0xa C:\Program Files (x86)\ON Semiconductor\RSL10 EDK_1.4\eclipse\../lib/ble_core/release\libblelib.a(lld.o)
                0x00107a9e                lld_con_update_ind
 .text.lld_crypt_isr
                0x00107aa8        0x6 C:\Program Files (x86)\ON Semiconductor\RSL10 EDK_1.4\eclipse\../lib/ble_core/release\libblelib.a(lld.o)
                0x00107aa8                lld_crypt_isr
 *fill*         0x00107aae        0x2 
 .text.lld_test_mode_tx
                0x00107ab0       0xfc C:\Program Files (x86)\ON Semiconductor\RSL10 EDK_1.4\eclipse\../lib/ble_core/release\libblelib.a(lld.o)
                0x00107ab0                lld_test_mode_tx
 .text.lld_test_mode_rx
                0x00107bac       0xf8 C:\Program Files (x86)\ON Semiconductor\RSL10 EDK_1.4\eclipse\../lib/ble_core/release\libblelib.a(lld.o)
                0x00107bac                lld_test_mode_rx
 .text.lld_test_stop
                0x00107ca4       0x4c C:\Program Files (x86)\ON Semiconductor\RSL10 EDK_1.4\eclipse\../lib/ble_core/release\libblelib.a(lld.o)
                0x00107ca4                lld_test_stop
 .text.lld_ral_renew_req
                0x00107cf0       0x14 C:\Program Files (x86)\ON Semiconductor\RSL10 EDK_1.4\eclipse\../lib/ble_core/release\libblelib.a(lld.o)
                0x00107cf0                lld_ral_renew_req
 .text.lld_pdu_llcp_con_param_req_unpk
                0x00107d04      0x128 C:\Program Files (x86)\ON Semiconductor\RSL10 EDK_1.4\eclipse\../lib/ble_core/release\libblelib.a(lld_pdu.o)
 .text.lld_pdu_llcp_con_param_rsp_unpk
                0x00107e2c      0x128 C:\Program Files (x86)\ON Semiconductor\RSL10 EDK_1.4\eclipse\../lib/ble_core/release\libblelib.a(lld_pdu.o)
 .text.lld_pdu_llcp_length_req_unpk
                0x00107f54       0x62 C:\Program Files (x86)\ON Semiconductor\RSL10 EDK_1.4\eclipse\../lib/ble_core/release\libblelib.a(lld_pdu.o)
 .text.lld_pdu_llcp_length_rsp_unpk
                0x00107fb6       0x62 C:\Program Files (x86)\ON Semiconductor\RSL10 EDK_1.4\eclipse\../lib/ble_core/release\libblelib.a(lld_pdu.o)
 .text.lld_pdu_llcp_phy_upd_req_unpk
                0x00108018       0x3a C:\Program Files (x86)\ON Semiconductor\RSL10 EDK_1.4\eclipse\../lib/ble_core/release\libblelib.a(lld_pdu.o)
 .text.lld_pdu_pack
                0x00108052       0xd8 C:\Program Files (x86)\ON Semiconductor\RSL10 EDK_1.4\eclipse\../lib/ble_core/release\libblelib.a(lld_pdu.o)
 .text.lld_pdu_tx_flush_list
                0x0010812a       0x3a C:\Program Files (x86)\ON Semiconductor\RSL10 EDK_1.4\eclipse\../lib/ble_core/release\libblelib.a(lld_pdu.o)
 .text.lld_pdu_cntl_aligned_unpk
                0x00108164       0x1e C:\Program Files (x86)\ON Semiconductor\RSL10 EDK_1.4\eclipse\../lib/ble_core/release\libblelib.a(lld_pdu.o)
 *fill*         0x00108182        0x2 
 .text.lld_pdu_check
                0x00108184      0x140 C:\Program Files (x86)\ON Semiconductor\RSL10 EDK_1.4\eclipse\../lib/ble_core/release\libblelib.a(lld_pdu.o)
                0x00108184                lld_pdu_check
 .text.lld_pdu_tx_loop
                0x001082c4       0x2c C:\Program Files (x86)\ON Semiconductor\RSL10 EDK_1.4\eclipse\../lib/ble_core/release\libblelib.a(lld_pdu.o)
                0x001082c4                lld_pdu_tx_loop
 .text.lld_pdu_data_tx_push
                0x001082f0       0x84 C:\Program Files (x86)\ON Semiconductor\RSL10 EDK_1.4\eclipse\../lib/ble_core/release\libblelib.a(lld_pdu.o)
                0x001082f0                lld_pdu_data_tx_push
 .text.lld_pdu_data_send
                0x00108374       0x44 C:\Program Files (x86)\ON Semiconductor\RSL10 EDK_1.4\eclipse\../lib/ble_core/release\libblelib.a(lld_pdu.o)
                0x00108374                lld_pdu_data_send
 .text.lld_pdu_tx_push
                0x001083b8       0x3c C:\Program Files (x86)\ON Semiconductor\RSL10 EDK_1.4\eclipse\../lib/ble_core/release\libblelib.a(lld_pdu.o)
                0x001083b8                lld_pdu_tx_push
 .text.lld_pdu_tx_prog
                0x001083f4      0x390 C:\Program Files (x86)\ON Semiconductor\RSL10 EDK_1.4\eclipse\../lib/ble_core/release\libblelib.a(lld_pdu.o)
                0x001083f4                lld_pdu_tx_prog
 .text.lld_pdu_tx_flush
                0x00108784       0x5a C:\Program Files (x86)\ON Semiconductor\RSL10 EDK_1.4\eclipse\../lib/ble_core/release\libblelib.a(lld_pdu.o)
                0x00108784                lld_pdu_tx_flush
 *fill*         0x001087de        0x2 
 .text.lld_pdu_adv_pack
                0x001087e0       0x24 C:\Program Files (x86)\ON Semiconductor\RSL10 EDK_1.4\eclipse\../lib/ble_core/release\libblelib.a(lld_pdu.o)
                0x001087e0                lld_pdu_adv_pack
 .text.lld_pdu_rx_handler
                0x00108804      0x2b4 C:\Program Files (x86)\ON Semiconductor\RSL10 EDK_1.4\eclipse\../lib/ble_core/release\libblelib.a(lld_pdu.o)
                0x00108804                lld_pdu_rx_handler
 .text.lld_util_instant_get
                0x00108ab8       0x18 C:\Program Files (x86)\ON Semiconductor\RSL10 EDK_1.4\eclipse\../lib/ble_core/release\libblelib.a(lld_util.o)
                0x00108ab8                lld_util_instant_get
 .text.lld_util_set_bd_address
                0x00108ad0       0x44 C:\Program Files (x86)\ON Semiconductor\RSL10 EDK_1.4\eclipse\../lib/ble_core/release\libblelib.a(lld_util.o)
                0x00108ad0                lld_util_set_bd_address
 .text.lld_util_ral_force_rpa_renew
                0x00108b14       0x48 C:\Program Files (x86)\ON Semiconductor\RSL10 EDK_1.4\eclipse\../lib/ble_core/release\libblelib.a(lld_util.o)
                0x00108b14                lld_util_ral_force_rpa_renew
 .text.lld_util_freq2chnl
                0x00108b5c       0x20 C:\Program Files (x86)\ON Semiconductor\RSL10 EDK_1.4\eclipse\../lib/ble_core/release\libblelib.a(lld_util.o)
                0x00108b5c                lld_util_freq2chnl
 .text.lld_util_get_local_offset
                0x00108b7c       0x18 C:\Program Files (x86)\ON Semiconductor\RSL10 EDK_1.4\eclipse\../lib/ble_core/release\libblelib.a(lld_util.o)
                0x00108b7c                lld_util_get_local_offset
 .text.lld_util_get_peer_offset
                0x00108b94       0x1a C:\Program Files (x86)\ON Semiconductor\RSL10 EDK_1.4\eclipse\../lib/ble_core/release\libblelib.a(lld_util.o)
                0x00108b94                lld_util_get_peer_offset
 .text.lld_util_connection_param_set
                0x00108bae       0x42 C:\Program Files (x86)\ON Semiconductor\RSL10 EDK_1.4\eclipse\../lib/ble_core/release\libblelib.a(lld_util.o)
                0x00108bae                lld_util_connection_param_set
 .text.lld_util_dle_set_cs_fields
                0x00108bf0       0x24 C:\Program Files (x86)\ON Semiconductor\RSL10 EDK_1.4\eclipse\../lib/ble_core/release\libblelib.a(lld_util.o)
                0x00108bf0                lld_util_dle_set_cs_fields
 .text.lld_util_anchor_point_move
                0x00108c14       0xe8 C:\Program Files (x86)\ON Semiconductor\RSL10 EDK_1.4\eclipse\../lib/ble_core/release\libblelib.a(lld_util.o)
                0x00108c14                lld_util_anchor_point_move
 .text.lld_util_flush_list
                0x00108cfc       0x14 C:\Program Files (x86)\ON Semiconductor\RSL10 EDK_1.4\eclipse\../lib/ble_core/release\libblelib.a(lld_util.o)
                0x00108cfc                lld_util_flush_list
 .text.lld_util_instant_ongoing
                0x00108d10        0xc C:\Program Files (x86)\ON Semiconductor\RSL10 EDK_1.4\eclipse\../lib/ble_core/release\libblelib.a(lld_util.o)
                0x00108d10                lld_util_instant_ongoing
 .text.lld_util_compute_ce_max
                0x00108d1c       0xb0 C:\Program Files (x86)\ON Semiconductor\RSL10 EDK_1.4\eclipse\../lib/ble_core/release\libblelib.a(lld_util.o)
                0x00108d1c                lld_util_compute_ce_max
 .text.lld_util_priority_set
                0x00108dcc       0x48 C:\Program Files (x86)\ON Semiconductor\RSL10 EDK_1.4\eclipse\../lib/ble_core/release\libblelib.a(lld_util.o)
                0x00108dcc                lld_util_priority_set
 .text.lld_util_get_tx_pkt_cnt
                0x00108e14        0x6 C:\Program Files (x86)\ON Semiconductor\RSL10 EDK_1.4\eclipse\../lib/ble_core/release\libblelib.a(lld_util.o)
                0x00108e14                lld_util_get_tx_pkt_cnt
 *fill*         0x00108e1a        0x2 
 .text.lld_util_get_phys
                0x00108e1c       0x34 C:\Program Files (x86)\ON Semiconductor\RSL10 EDK_1.4\eclipse\../lib/ble_core/release\libblelib.a(lld_util.o)
                0x00108e1c                lld_util_get_phys
 .text.lld_util_phy_update_ind
                0x00108e50       0x74 C:\Program Files (x86)\ON Semiconductor\RSL10 EDK_1.4\eclipse\../lib/ble_core/release\libblelib.a(lld_util.o)
                0x00108e50                lld_util_phy_update_ind
 .text.lld_util_phy_update_req
                0x00108ec4       0x3e C:\Program Files (x86)\ON Semiconductor\RSL10 EDK_1.4\eclipse\../lib/ble_core/release\libblelib.a(lld_util.o)
                0x00108ec4                lld_util_phy_update_req
 .text.lld_util_eff_tx_time_set
                0x00108f02        0xa C:\Program Files (x86)\ON Semiconductor\RSL10 EDK_1.4\eclipse\../lib/ble_core/release\libblelib.a(lld_util.o)
                0x00108f02                lld_util_eff_tx_time_set
 .text.lld_wlcoex_set
                0x00108f0c       0x18 C:\Program Files (x86)\ON Semiconductor\RSL10 EDK_1.4\eclipse\../lib/ble_core/release\libblelib.a(lld_wlcoex.o)
                0x00108f0c                lld_wlcoex_set
 .text.llc_init
                0x00108f24       0x38 C:\Program Files (x86)\ON Semiconductor\RSL10 EDK_1.4\eclipse\../lib/ble_core/release\libblelib.a(llc.o)
                0x00108f24                llc_init
 .text.llc_stop
                0x00108f5c       0x54 C:\Program Files (x86)\ON Semiconductor\RSL10 EDK_1.4\eclipse\../lib/ble_core/release\libblelib.a(llc.o)
                0x00108f5c                llc_stop
 .text.llc_reset
                0x00108fb0       0x26 C:\Program Files (x86)\ON Semiconductor\RSL10 EDK_1.4\eclipse\../lib/ble_core/release\libblelib.a(llc.o)
                0x00108fb0                llc_reset
 .text.llc_discon_event_complete_send
                0x00108fd6       0x24 C:\Program Files (x86)\ON Semiconductor\RSL10 EDK_1.4\eclipse\../lib/ble_core/release\libblelib.a(llc.o)
                0x00108fd6                llc_discon_event_complete_send
 *fill*         0x00108ffa        0x2 
 .text.llc_le_con_cmp_evt_send
                0x00108ffc      0x240 C:\Program Files (x86)\ON Semiconductor\RSL10 EDK_1.4\eclipse\../lib/ble_core/release\libblelib.a(llc.o)
                0x00108ffc                llc_le_con_cmp_evt_send
 .text.llc_start
                0x0010923c      0x158 C:\Program Files (x86)\ON Semiconductor\RSL10 EDK_1.4\eclipse\../lib/ble_core/release\libblelib.a(llc.o)
                0x0010923c                llc_start
 .text.llc_con_update_complete_send
                0x00109394       0x60 C:\Program Files (x86)\ON Semiconductor\RSL10 EDK_1.4\eclipse\../lib/ble_core/release\libblelib.a(llc.o)
                0x00109394                llc_con_update_complete_send
 .text.llc_ltk_req_send
                0x001093f4       0x36 C:\Program Files (x86)\ON Semiconductor\RSL10 EDK_1.4\eclipse\../lib/ble_core/release\libblelib.a(llc.o)
                0x001093f4                llc_ltk_req_send
 .text.llc_feats_rd_event_send
                0x0010942a       0x38 C:\Program Files (x86)\ON Semiconductor\RSL10 EDK_1.4\eclipse\../lib/ble_core/release\libblelib.a(llc.o)
                0x0010942a                llc_feats_rd_event_send
 *fill*         0x00109462        0x2 
 .text.llc_version_rd_event_send
                0x00109464       0x3c C:\Program Files (x86)\ON Semiconductor\RSL10 EDK_1.4\eclipse\../lib/ble_core/release\libblelib.a(llc.o)
                0x00109464                llc_version_rd_event_send
 .text.llc_common_cmd_complete_send
                0x001094a0       0x22 C:\Program Files (x86)\ON Semiconductor\RSL10 EDK_1.4\eclipse\../lib/ble_core/release\libblelib.a(llc.o)
                0x001094a0                llc_common_cmd_complete_send
 .text.llc_common_cmd_status_send
                0x001094c2       0x1e C:\Program Files (x86)\ON Semiconductor\RSL10 EDK_1.4\eclipse\../lib/ble_core/release\libblelib.a(llc.o)
                0x001094c2                llc_common_cmd_status_send
 .text.llc_common_flush_occurred_send
                0x001094e0       0x1c C:\Program Files (x86)\ON Semiconductor\RSL10 EDK_1.4\eclipse\../lib/ble_core/release\libblelib.a(llc.o)
                0x001094e0                llc_common_flush_occurred_send
 .text.llc_common_enc_key_ref_comp_evt_send
                0x001094fc       0x20 C:\Program Files (x86)\ON Semiconductor\RSL10 EDK_1.4\eclipse\../lib/ble_core/release\libblelib.a(llc.o)
                0x001094fc                llc_common_enc_key_ref_comp_evt_send
 .text.llc_common_enc_change_evt_send
                0x0010951c       0x78 C:\Program Files (x86)\ON Semiconductor\RSL10 EDK_1.4\eclipse\../lib/ble_core/release\libblelib.a(llc.o)
                0x0010951c                llc_common_enc_change_evt_send
 .text.llc_common_nb_of_pkt_comp_evt_send
                0x00109594       0x24 C:\Program Files (x86)\ON Semiconductor\RSL10 EDK_1.4\eclipse\../lib/ble_core/release\libblelib.a(llc.o)
                0x00109594                llc_common_nb_of_pkt_comp_evt_send
 .text.llc_con_update_ind
                0x001095b8       0x50 C:\Program Files (x86)\ON Semiconductor\RSL10 EDK_1.4\eclipse\../lib/ble_core/release\libblelib.a(llc.o)
                0x001095b8                llc_con_update_ind
 .text.llc_lsto_con_update
                0x00109608       0x44 C:\Program Files (x86)\ON Semiconductor\RSL10 EDK_1.4\eclipse\../lib/ble_core/release\libblelib.a(llc.o)
                0x00109608                llc_lsto_con_update
 .text.llc_map_update_ind
                0x0010964c       0x6c C:\Program Files (x86)\ON Semiconductor\RSL10 EDK_1.4\eclipse\../lib/ble_core/release\libblelib.a(llc.o)
                0x0010964c                llc_map_update_ind
 .text.llc_con_update_finished
                0x001096b8       0x84 C:\Program Files (x86)\ON Semiconductor\RSL10 EDK_1.4\eclipse\../lib/ble_core/release\libblelib.a(llc.o)
                0x001096b8                llc_con_update_finished
 .text.llc_map_update_finished
                0x0010973c       0x7c C:\Program Files (x86)\ON Semiconductor\RSL10 EDK_1.4\eclipse\../lib/ble_core/release\libblelib.a(llc.o)
                0x0010973c                llc_map_update_finished
 .text.llc_phy_update_complete_send
                0x001097b8       0x2a C:\Program Files (x86)\ON Semiconductor\RSL10 EDK_1.4\eclipse\../lib/ble_core/release\libblelib.a(llc.o)
                0x001097b8                llc_phy_update_complete_send
 *fill*         0x001097e2        0x2 
 .text.llc_phy_update_finished
                0x001097e4       0xc4 C:\Program Files (x86)\ON Semiconductor\RSL10 EDK_1.4\eclipse\../lib/ble_core/release\libblelib.a(llc.o)
                0x001097e4                llc_phy_update_finished
 .text.llc_llcp_send
                0x001098a8       0x6c C:\Program Files (x86)\ON Semiconductor\RSL10 EDK_1.4\eclipse\../lib/ble_core/release\libblelib.a(llc_llcp.o)
 .text.llcp_ping_rsp_handler
                0x00109914       0x58 C:\Program Files (x86)\ON Semiconductor\RSL10 EDK_1.4\eclipse\../lib/ble_core/release\libblelib.a(llc_llcp.o)
 .text.llcp_enc_rsp_handler
                0x0010996c       0xe0 C:\Program Files (x86)\ON Semiconductor\RSL10 EDK_1.4\eclipse\../lib/ble_core/release\libblelib.a(llc_llcp.o)
 .text.llcp_terminate_ind_handler
                0x00109a4c       0x4c C:\Program Files (x86)\ON Semiconductor\RSL10 EDK_1.4\eclipse\../lib/ble_core/release\libblelib.a(llc_llcp.o)
 .text.llc_llcp_reject_ind
                0x00109a98      0x210 C:\Program Files (x86)\ON Semiconductor\RSL10 EDK_1.4\eclipse\../lib/ble_core/release\libblelib.a(llc_llcp.o)
 .text.llcp_reject_ind_ext_handler
                0x00109ca8        0xe C:\Program Files (x86)\ON Semiconductor\RSL10 EDK_1.4\eclipse\../lib/ble_core/release\libblelib.a(llc_llcp.o)
 .text.llcp_reject_ind_handler
                0x00109cb6        0xe C:\Program Files (x86)\ON Semiconductor\RSL10 EDK_1.4\eclipse\../lib/ble_core/release\libblelib.a(llc_llcp.o)
 .text.llcp_pause_enc_req_handler
                0x00109cc4       0xb0 C:\Program Files (x86)\ON Semiconductor\RSL10 EDK_1.4\eclipse\../lib/ble_core/release\libblelib.a(llc_llcp.o)
 .text.llcp_start_enc_req_handler
                0x00109d74       0x6c C:\Program Files (x86)\ON Semiconductor\RSL10 EDK_1.4\eclipse\../lib/ble_core/release\libblelib.a(llc_llcp.o)
 .text.llcp_enc_req_handler
                0x00109de0       0xc0 C:\Program Files (x86)\ON Semiconductor\RSL10 EDK_1.4\eclipse\../lib/ble_core/release\libblelib.a(llc_llcp.o)
 .text.llcp_unknown_rsp_handler
                0x00109ea0      0x1fc C:\Program Files (x86)\ON Semiconductor\RSL10 EDK_1.4\eclipse\../lib/ble_core/release\libblelib.a(llc_llcp.o)
 .text.llc_llcp_version_ind_pdu_send
                0x0010a09c       0x2a C:\Program Files (x86)\ON Semiconductor\RSL10 EDK_1.4\eclipse\../lib/ble_core/release\libblelib.a(llc_llcp.o)
                0x0010a09c                llc_llcp_version_ind_pdu_send
 *fill*         0x0010a0c6        0x2 
 .text.llcp_vers_ind_handler
                0x0010a0c8       0x94 C:\Program Files (x86)\ON Semiconductor\RSL10 EDK_1.4\eclipse\../lib/ble_core/release\libblelib.a(llc_llcp.o)
 .text.llc_llcp_ch_map_update_pdu_send
                0x0010a15c       0x44 C:\Program Files (x86)\ON Semiconductor\RSL10 EDK_1.4\eclipse\../lib/ble_core/release\libblelib.a(llc_llcp.o)
                0x0010a15c                llc_llcp_ch_map_update_pdu_send
 .text.llc_llcp_pause_enc_req_pdu_send
                0x0010a1a0       0x32 C:\Program Files (x86)\ON Semiconductor\RSL10 EDK_1.4\eclipse\../lib/ble_core/release\libblelib.a(llc_llcp.o)
                0x0010a1a0                llc_llcp_pause_enc_req_pdu_send
 *fill*         0x0010a1d2        0x2 
 .text.llc_llcp_pause_enc_rsp_pdu_send
                0x0010a1d4       0x40 C:\Program Files (x86)\ON Semiconductor\RSL10 EDK_1.4\eclipse\../lib/ble_core/release\libblelib.a(llc_llcp.o)
                0x0010a1d4                llc_llcp_pause_enc_rsp_pdu_send
 .text.llcp_pause_enc_rsp_handler
                0x0010a214       0xd4 C:\Program Files (x86)\ON Semiconductor\RSL10 EDK_1.4\eclipse\../lib/ble_core/release\libblelib.a(llc_llcp.o)
 .text.llc_llcp_enc_req_pdu_send
                0x0010a2e8       0xe0 C:\Program Files (x86)\ON Semiconductor\RSL10 EDK_1.4\eclipse\../lib/ble_core/release\libblelib.a(llc_llcp.o)
                0x0010a2e8                llc_llcp_enc_req_pdu_send
 .text.llc_llcp_enc_rsp_pdu_send
                0x0010a3c8       0x74 C:\Program Files (x86)\ON Semiconductor\RSL10 EDK_1.4\eclipse\../lib/ble_core/release\libblelib.a(llc_llcp.o)
                0x0010a3c8                llc_llcp_enc_rsp_pdu_send
 .text.llc_llcp_start_enc_rsp_pdu_send
                0x0010a43c       0x54 C:\Program Files (x86)\ON Semiconductor\RSL10 EDK_1.4\eclipse\../lib/ble_core/release\libblelib.a(llc_llcp.o)
                0x0010a43c                llc_llcp_start_enc_rsp_pdu_send
 .text.llcp_start_enc_rsp_handler
                0x0010a490      0x128 C:\Program Files (x86)\ON Semiconductor\RSL10 EDK_1.4\eclipse\../lib/ble_core/release\libblelib.a(llc_llcp.o)
 .text.llc_llcp_reject_ind_pdu_send
                0x0010a5b8       0x5c C:\Program Files (x86)\ON Semiconductor\RSL10 EDK_1.4\eclipse\../lib/ble_core/release\libblelib.a(llc_llcp.o)
                0x0010a5b8                llc_llcp_reject_ind_pdu_send
 .text.llcp_phy_upd_ind_handler
                0x0010a614      0x224 C:\Program Files (x86)\ON Semiconductor\RSL10 EDK_1.4\eclipse\../lib/ble_core/release\libblelib.a(llc_llcp.o)
 .text.llcp_phy_rsp_handler
                0x0010a838       0x6c C:\Program Files (x86)\ON Semiconductor\RSL10 EDK_1.4\eclipse\../lib/ble_core/release\libblelib.a(llc_llcp.o)
 .text.llcp_length_rsp_handler
                0x0010a8a4      0x148 C:\Program Files (x86)\ON Semiconductor\RSL10 EDK_1.4\eclipse\../lib/ble_core/release\libblelib.a(llc_llcp.o)
 .text.llcp_con_param_rsp_handler
                0x0010a9ec       0xf4 C:\Program Files (x86)\ON Semiconductor\RSL10 EDK_1.4\eclipse\../lib/ble_core/release\libblelib.a(llc_llcp.o)
 .text.llcp_feats_rsp_handler
                0x0010aae0       0xa0 C:\Program Files (x86)\ON Semiconductor\RSL10 EDK_1.4\eclipse\../lib/ble_core/release\libblelib.a(llc_llcp.o)
 .text.llcp_channel_map_ind_handler
                0x0010ab80      0x154 C:\Program Files (x86)\ON Semiconductor\RSL10 EDK_1.4\eclipse\../lib/ble_core/release\libblelib.a(llc_llcp.o)
 .text.llcp_con_upd_ind_handler
                0x0010acd4      0x19c C:\Program Files (x86)\ON Semiconductor\RSL10 EDK_1.4\eclipse\../lib/ble_core/release\libblelib.a(llc_llcp.o)
 .text.llc_llcp_con_update_pdu_send
                0x0010ae70       0x3a C:\Program Files (x86)\ON Semiconductor\RSL10 EDK_1.4\eclipse\../lib/ble_core/release\libblelib.a(llc_llcp.o)
                0x0010ae70                llc_llcp_con_update_pdu_send
 .text.llc_llcp_con_param_req_pdu_send
                0x0010aeaa       0x60 C:\Program Files (x86)\ON Semiconductor\RSL10 EDK_1.4\eclipse\../lib/ble_core/release\libblelib.a(llc_llcp.o)
                0x0010aeaa                llc_llcp_con_param_req_pdu_send
 .text.llc_llcp_con_param_rsp_pdu_send
                0x0010af0a       0x60 C:\Program Files (x86)\ON Semiconductor\RSL10 EDK_1.4\eclipse\../lib/ble_core/release\libblelib.a(llc_llcp.o)
                0x0010af0a                llc_llcp_con_param_rsp_pdu_send
 *fill*         0x0010af6a        0x2 
 .text.llcp_con_param_req_handler
                0x0010af6c      0x214 C:\Program Files (x86)\ON Semiconductor\RSL10 EDK_1.4\eclipse\../lib/ble_core/release\libblelib.a(llc_llcp.o)
 .text.llc_llcp_feats_req_pdu_send
                0x0010b180       0x2c C:\Program Files (x86)\ON Semiconductor\RSL10 EDK_1.4\eclipse\../lib/ble_core/release\libblelib.a(llc_llcp.o)
                0x0010b180                llc_llcp_feats_req_pdu_send
 .text.llc_llcp_feats_rsp_pdu_send
                0x0010b1ac       0x26 C:\Program Files (x86)\ON Semiconductor\RSL10 EDK_1.4\eclipse\../lib/ble_core/release\libblelib.a(llc_llcp.o)
                0x0010b1ac                llc_llcp_feats_rsp_pdu_send
 *fill*         0x0010b1d2        0x2 
 .text.llcp_feats_req_handler
                0x0010b1d4       0x50 C:\Program Files (x86)\ON Semiconductor\RSL10 EDK_1.4\eclipse\../lib/ble_core/release\libblelib.a(llc_llcp.o)
 .text.llcp_slave_feature_req_handler
                0x0010b224        0x4 C:\Program Files (x86)\ON Semiconductor\RSL10 EDK_1.4\eclipse\../lib/ble_core/release\libblelib.a(llc_llcp.o)
 .text.llc_llcp_start_enc_req_pdu_send
                0x0010b228       0x60 C:\Program Files (x86)\ON Semiconductor\RSL10 EDK_1.4\eclipse\../lib/ble_core/release\libblelib.a(llc_llcp.o)
                0x0010b228                llc_llcp_start_enc_req_pdu_send
 .text.llc_llcp_terminate_ind_pdu_send
                0x0010b288       0x64 C:\Program Files (x86)\ON Semiconductor\RSL10 EDK_1.4\eclipse\../lib/ble_core/release\libblelib.a(llc_llcp.o)
                0x0010b288                llc_llcp_terminate_ind_pdu_send
 .text.llc_llcp_unknown_rsp_send_pdu
                0x0010b2ec       0x1a C:\Program Files (x86)\ON Semiconductor\RSL10 EDK_1.4\eclipse\../lib/ble_core/release\libblelib.a(llc_llcp.o)
                0x0010b2ec                llc_llcp_unknown_rsp_send_pdu
 .text.llc_llcp_ping_req_pdu_send
                0x0010b306       0x16 C:\Program Files (x86)\ON Semiconductor\RSL10 EDK_1.4\eclipse\../lib/ble_core/release\libblelib.a(llc_llcp.o)
                0x0010b306                llc_llcp_ping_req_pdu_send
 .text.llc_llcp_ping_rsp_pdu_send
                0x0010b31c       0x16 C:\Program Files (x86)\ON Semiconductor\RSL10 EDK_1.4\eclipse\../lib/ble_core/release\libblelib.a(llc_llcp.o)
                0x0010b31c                llc_llcp_ping_rsp_pdu_send
 *fill*         0x0010b332        0x2 
 .text.llcp_ping_req_handler
                0x0010b334       0x24 C:\Program Files (x86)\ON Semiconductor\RSL10 EDK_1.4\eclipse\../lib/ble_core/release\libblelib.a(llc_llcp.o)
 .text.llc_llcp_length_req_pdu_send
                0x0010b358       0x40 C:\Program Files (x86)\ON Semiconductor\RSL10 EDK_1.4\eclipse\../lib/ble_core/release\libblelib.a(llc_llcp.o)
                0x0010b358                llc_llcp_length_req_pdu_send
 .text.llc_llcp_length_rsp_pdu_send
                0x0010b398       0x40 C:\Program Files (x86)\ON Semiconductor\RSL10 EDK_1.4\eclipse\../lib/ble_core/release\libblelib.a(llc_llcp.o)
                0x0010b398                llc_llcp_length_rsp_pdu_send
 .text.llcp_length_req_handler
                0x0010b3d8      0x104 C:\Program Files (x86)\ON Semiconductor\RSL10 EDK_1.4\eclipse\../lib/ble_core/release\libblelib.a(llc_llcp.o)
 .text.llc_llcp_phy_req_pdu_send
                0x0010b4dc       0x22 C:\Program Files (x86)\ON Semiconductor\RSL10 EDK_1.4\eclipse\../lib/ble_core/release\libblelib.a(llc_llcp.o)
                0x0010b4dc                llc_llcp_phy_req_pdu_send
 .text.llc_llcp_phy_rsp_pdu_send
                0x0010b4fe       0x22 C:\Program Files (x86)\ON Semiconductor\RSL10 EDK_1.4\eclipse\../lib/ble_core/release\libblelib.a(llc_llcp.o)
                0x0010b4fe                llc_llcp_phy_rsp_pdu_send
 .text.llcp_phy_req_handler
                0x0010b520      0x14c C:\Program Files (x86)\ON Semiconductor\RSL10 EDK_1.4\eclipse\../lib/ble_core/release\libblelib.a(llc_llcp.o)
 .text.llc_llcp_phy_upd_ind_pdu_send
                0x0010b66c       0x28 C:\Program Files (x86)\ON Semiconductor\RSL10 EDK_1.4\eclipse\../lib/ble_core/release\libblelib.a(llc_llcp.o)
                0x0010b66c                llc_llcp_phy_upd_ind_pdu_send
 .text.llc_llcp_recv_handler
                0x0010b694       0x9c C:\Program Files (x86)\ON Semiconductor\RSL10 EDK_1.4\eclipse\../lib/ble_core/release\libblelib.a(llc_llcp.o)
                0x0010b694                llc_llcp_recv_handler
 .text.llc_llcp_get_autorize
                0x0010b730       0x14 C:\Program Files (x86)\ON Semiconductor\RSL10 EDK_1.4\eclipse\../lib/ble_core/release\libblelib.a(llc_llcp.o)
                0x0010b730                llc_llcp_get_autorize
 .text.llc_dft_handler
                0x0010b744        0x4 C:\Program Files (x86)\ON Semiconductor\RSL10 EDK_1.4\eclipse\../lib/ble_core/release\libblelib.a(llc_task.o)
 .text.llm_enc_ind_handler
                0x0010b748       0xcc C:\Program Files (x86)\ON Semiconductor\RSL10 EDK_1.4\eclipse\../lib/ble_core/release\libblelib.a(llc_task.o)
 .text.llc_llcp_recv_ind_handler
                0x0010b814       0x10 C:\Program Files (x86)\ON Semiconductor\RSL10 EDK_1.4\eclipse\../lib/ble_core/release\libblelib.a(llc_task.o)
 .text.llc_phy_upd_req_ind_handler
                0x0010b824      0x314 C:\Program Files (x86)\ON Semiconductor\RSL10 EDK_1.4\eclipse\../lib/ble_core/release\libblelib.a(llc_task.o)
 .text.llc_chmap_update_req_ind_handler
                0x0010bb38       0x5c C:\Program Files (x86)\ON Semiconductor\RSL10 EDK_1.4\eclipse\../lib/ble_core/release\libblelib.a(llc_task.o)
 .text.llc_auth_payl_real_to_ind_handler
                0x0010bb94       0x5c C:\Program Files (x86)\ON Semiconductor\RSL10 EDK_1.4\eclipse\../lib/ble_core/release\libblelib.a(llc_task.o)
 .text.llc_con_upd_req_ind_handler
                0x0010bbf0      0x1bc C:\Program Files (x86)\ON Semiconductor\RSL10 EDK_1.4\eclipse\../lib/ble_core/release\libblelib.a(llc_task.o)
 .text.llc_length_req_ind_handler
                0x0010bdac       0x84 C:\Program Files (x86)\ON Semiconductor\RSL10 EDK_1.4\eclipse\../lib/ble_core/release\libblelib.a(llc_task.o)
 .text.llc_task_random_gen_request
                0x0010be30       0x42 C:\Program Files (x86)\ON Semiconductor\RSL10 EDK_1.4\eclipse\../lib/ble_core/release\libblelib.a(llc_task.o)
 *fill*         0x0010be72        0x2 
 .text.llc_enc_mgt_ind_handler
                0x0010be74      0x1fc C:\Program Files (x86)\ON Semiconductor\RSL10 EDK_1.4\eclipse\../lib/ble_core/release\libblelib.a(llc_task.o)
 .text.llc_chnl_assess_timer_handler
                0x0010c070       0x88 C:\Program Files (x86)\ON Semiconductor\RSL10 EDK_1.4\eclipse\../lib/ble_core/release\libblelib.a(llc_task.o)
 .text.llc_llcp_rsp_to_ind_handler
                0x0010c0f8        0xe C:\Program Files (x86)\ON Semiconductor\RSL10 EDK_1.4\eclipse\../lib/ble_core/release\libblelib.a(llc_task.o)
 .text.llc_link_sup_to_ind_handler
                0x0010c106       0x1e C:\Program Files (x86)\ON Semiconductor\RSL10 EDK_1.4\eclipse\../lib/ble_core/release\libblelib.a(llc_task.o)
 .text.llc_auth_payl_nearly_to_ind_handler
                0x0010c124       0x78 C:\Program Files (x86)\ON Semiconductor\RSL10 EDK_1.4\eclipse\../lib/ble_core/release\libblelib.a(llc_task.o)
 .text.llc_data_ind_handler
                0x0010c19c       0x58 C:\Program Files (x86)\ON Semiconductor\RSL10 EDK_1.4\eclipse\../lib/ble_core/release\libblelib.a(llc_task.o)
 .text.lld_stop_ind_handler
                0x0010c1f4      0x124 C:\Program Files (x86)\ON Semiconductor\RSL10 EDK_1.4\eclipse\../lib/ble_core/release\libblelib.a(llc_task.o)
 .text.llc_check_trafic_paused
                0x0010c318       0x48 C:\Program Files (x86)\ON Semiconductor\RSL10 EDK_1.4\eclipse\../lib/ble_core/release\libblelib.a(llc_util.o)
 .text.llc_util_get_free_conhdl
                0x0010c360       0x2a C:\Program Files (x86)\ON Semiconductor\RSL10 EDK_1.4\eclipse\../lib/ble_core/release\libblelib.a(llc_util.o)
                0x0010c360                llc_util_get_free_conhdl
 .text.llc_util_get_nb_active_link
                0x0010c38a       0x2a C:\Program Files (x86)\ON Semiconductor\RSL10 EDK_1.4\eclipse\../lib/ble_core/release\libblelib.a(llc_util.o)
                0x0010c38a                llc_util_get_nb_active_link
 .text.llc_util_dicon_procedure
                0x0010c3b4       0x3c C:\Program Files (x86)\ON Semiconductor\RSL10 EDK_1.4\eclipse\../lib/ble_core/release\libblelib.a(llc_util.o)
                0x0010c3b4                llc_util_dicon_procedure
 .text.llc_util_update_channel_map
                0x0010c3f0       0x18 C:\Program Files (x86)\ON Semiconductor\RSL10 EDK_1.4\eclipse\../lib/ble_core/release\libblelib.a(llc_util.o)
                0x0010c3f0                llc_util_update_channel_map
 .text.llc_util_set_auth_payl_to_margin
                0x0010c408       0x34 C:\Program Files (x86)\ON Semiconductor\RSL10 EDK_1.4\eclipse\../lib/ble_core/release\libblelib.a(llc_util.o)
                0x0010c408                llc_util_set_auth_payl_to_margin
 .text.llc_util_clear_operation_ptr
                0x0010c43c       0x20 C:\Program Files (x86)\ON Semiconductor\RSL10 EDK_1.4\eclipse\../lib/ble_core/release\libblelib.a(llc_util.o)
                0x0010c43c                llc_util_clear_operation_ptr
 .text.llc_util_bw_mgt
                0x0010c45c       0x60 C:\Program Files (x86)\ON Semiconductor\RSL10 EDK_1.4\eclipse\../lib/ble_core/release\libblelib.a(llc_util.o)
                0x0010c45c                llc_util_bw_mgt
 .text.llc_end_evt_defer
                0x0010c4bc       0x50 C:\Program Files (x86)\ON Semiconductor\RSL10 EDK_1.4\eclipse\../lib/ble_core/release\libblelib.a(llc_util.o)
                0x0010c4bc                llc_end_evt_defer
 .text.llc_pdu_llcp_tx_ack_defer
                0x0010c50c       0xd4 C:\Program Files (x86)\ON Semiconductor\RSL10 EDK_1.4\eclipse\../lib/ble_core/release\libblelib.a(llc_util.o)
                0x0010c50c                llc_pdu_llcp_tx_ack_defer
 .text.llc_pdu_acl_tx_ack_defer
                0x0010c5e0       0x24 C:\Program Files (x86)\ON Semiconductor\RSL10 EDK_1.4\eclipse\../lib/ble_core/release\libblelib.a(llc_util.o)
                0x0010c5e0                llc_pdu_acl_tx_ack_defer
 .text.llc_pdu_defer
                0x0010c604       0xd4 C:\Program Files (x86)\ON Semiconductor\RSL10 EDK_1.4\eclipse\../lib/ble_core/release\libblelib.a(llc_util.o)
                0x0010c604                llc_pdu_defer
 .text.em_buf_init
                0x0010c6d8       0xe4 C:\Program Files (x86)\ON Semiconductor\RSL10 EDK_1.4\eclipse\../lib/ble_core/release\libblelib.a(em_buf.o)
                0x0010c6d8                em_buf_init
 .text.em_buf_rx_free
                0x0010c7bc       0x14 C:\Program Files (x86)\ON Semiconductor\RSL10 EDK_1.4\eclipse\../lib/ble_core/release\libblelib.a(em_buf.o)
                0x0010c7bc                em_buf_rx_free
 .text.em_buf_rx_buff_addr_get
                0x0010c7d0       0x18 C:\Program Files (x86)\ON Semiconductor\RSL10 EDK_1.4\eclipse\../lib/ble_core/release\libblelib.a(em_buf.o)
                0x0010c7d0                em_buf_rx_buff_addr_get
 .text.em_buf_tx_free
                0x0010c7e8       0x6c C:\Program Files (x86)\ON Semiconductor\RSL10 EDK_1.4\eclipse\../lib/ble_core/release\libblelib.a(em_buf.o)
                0x0010c7e8                em_buf_tx_free
 .text.rwble_hl_init
                0x0010c854       0x1e C:\Program Files (x86)\ON Semiconductor\RSL10 EDK_1.4\eclipse\../lib/ble_core/release\libblelib.a(rwble_hl.o)
                0x0010c854                rwble_hl_init
 .text.rwble_hl_reset
                0x0010c872       0x1e C:\Program Files (x86)\ON Semiconductor\RSL10 EDK_1.4\eclipse\../lib/ble_core/release\libblelib.a(rwble_hl.o)
                0x0010c872                rwble_hl_reset
 .text.l2cm_l2cap_tx_handler
                0x0010c890       0x48 C:\Program Files (x86)\ON Semiconductor\RSL10 EDK_1.4\eclipse\../lib/ble_core/release\libblelib.a(l2cm.o)
 .text.l2cm_init
                0x0010c8d8       0x30 C:\Program Files (x86)\ON Semiconductor\RSL10 EDK_1.4\eclipse\../lib/ble_core/release\libblelib.a(l2cm.o)
                0x0010c8d8                l2cm_init
 .text.l2cm_set_link_layer_buff_size
                0x0010c908       0x10 C:\Program Files (x86)\ON Semiconductor\RSL10 EDK_1.4\eclipse\../lib/ble_core/release\libblelib.a(l2cm.o)
                0x0010c908                l2cm_set_link_layer_buff_size
 .text.l2cm_get_nb_buffer_available
                0x0010c918        0xc C:\Program Files (x86)\ON Semiconductor\RSL10 EDK_1.4\eclipse\../lib/ble_core/release\libblelib.a(l2cm.o)
                0x0010c918                l2cm_get_nb_buffer_available
 .text.l2cm_tx_status
                0x0010c924       0x2c C:\Program Files (x86)\ON Semiconductor\RSL10 EDK_1.4\eclipse\../lib/ble_core/release\libblelib.a(l2cm.o)
                0x0010c924                l2cm_tx_status
 .text.l2cm_create
                0x0010c950       0x14 C:\Program Files (x86)\ON Semiconductor\RSL10 EDK_1.4\eclipse\../lib/ble_core/release\libblelib.a(l2cm.o)
                0x0010c950                l2cm_create
 .text.l2cm_cleanup
                0x0010c964       0x16 C:\Program Files (x86)\ON Semiconductor\RSL10 EDK_1.4\eclipse\../lib/ble_core/release\libblelib.a(l2cm.o)
                0x0010c964                l2cm_cleanup
 *fill*         0x0010c97a        0x2 
 .text.l2cc_create
                0x0010c97c       0x3c C:\Program Files (x86)\ON Semiconductor\RSL10 EDK_1.4\eclipse\../lib/ble_core/release\libblelib.a(l2cc.o)
                0x0010c97c                l2cc_create
 .text.l2cc_update_state
                0x0010c9b8       0x2a C:\Program Files (x86)\ON Semiconductor\RSL10 EDK_1.4\eclipse\../lib/ble_core/release\libblelib.a(l2cc.o)
                0x0010c9b8                l2cc_update_state
 *fill*         0x0010c9e2        0x2 
 .text.l2cc_send_complete_evt
                0x0010c9e4       0x60 C:\Program Files (x86)\ON Semiconductor\RSL10 EDK_1.4\eclipse\../lib/ble_core/release\libblelib.a(l2cc.o)
                0x0010c9e4                l2cc_send_complete_evt
 .text.l2cc_send_error_evt
                0x0010ca44       0x2e C:\Program Files (x86)\ON Semiconductor\RSL10 EDK_1.4\eclipse\../lib/ble_core/release\libblelib.a(l2cc.o)
                0x0010ca44                l2cc_send_error_evt
 *fill*         0x0010ca72        0x2 
 .text.l2cc_cleanup
                0x0010ca74       0xa4 C:\Program Files (x86)\ON Semiconductor\RSL10 EDK_1.4\eclipse\../lib/ble_core/release\libblelib.a(l2cc.o)
                0x0010ca74                l2cc_cleanup
 .text.l2cc_init
                0x0010cb18       0x34 C:\Program Files (x86)\ON Semiconductor\RSL10 EDK_1.4\eclipse\../lib/ble_core/release\libblelib.a(l2cc.o)
                0x0010cb18                l2cc_init
 .text.l2cc_get_operation
                0x0010cb4c       0x14 C:\Program Files (x86)\ON Semiconductor\RSL10 EDK_1.4\eclipse\../lib/ble_core/release\libblelib.a(l2cc.o)
                0x0010cb4c                l2cc_get_operation
 .text.l2cc_get_operation_ptr
                0x0010cb60       0x10 C:\Program Files (x86)\ON Semiconductor\RSL10 EDK_1.4\eclipse\../lib/ble_core/release\libblelib.a(l2cc.o)
                0x0010cb60                l2cc_get_operation_ptr
 .text.l2cc_set_operation_ptr
                0x0010cb70       0x10 C:\Program Files (x86)\ON Semiconductor\RSL10 EDK_1.4\eclipse\../lib/ble_core/release\libblelib.a(l2cc.o)
                0x0010cb70                l2cc_set_operation_ptr
 .text.l2cc_data_send
                0x0010cb80      0x244 C:\Program Files (x86)\ON Semiconductor\RSL10 EDK_1.4\eclipse\../lib/ble_core/release\libblelib.a(l2cc.o)
                0x0010cb80                l2cc_data_send
 .text.l2cc_lecb_h2l_err
                0x0010cdc4       0x30 C:\Program Files (x86)\ON Semiconductor\RSL10 EDK_1.4\eclipse\../lib/ble_core/release\libblelib.a(l2cc_lecb.o)
                0x0010cdc4                l2cc_lecb_h2l_err
 .text.l2cc_lecb_find
                0x0010cdf4       0x38 C:\Program Files (x86)\ON Semiconductor\RSL10 EDK_1.4\eclipse\../lib/ble_core/release\libblelib.a(l2cc_lecb.o)
                0x0010cdf4                l2cc_lecb_find
 .text.l2cc_lecb_free
                0x0010ce2c       0xc8 C:\Program Files (x86)\ON Semiconductor\RSL10 EDK_1.4\eclipse\../lib/ble_core/release\libblelib.a(l2cc_lecb.o)
                0x0010ce2c                l2cc_lecb_free
 .text.l2cc_lecb_init_disconnect
                0x0010cef4       0x36 C:\Program Files (x86)\ON Semiconductor\RSL10 EDK_1.4\eclipse\../lib/ble_core/release\libblelib.a(l2cc_lecb.o)
                0x0010cef4                l2cc_lecb_init_disconnect
 .text.l2cc_lecb_send_con_req
                0x0010cf2a       0x54 C:\Program Files (x86)\ON Semiconductor\RSL10 EDK_1.4\eclipse\../lib/ble_core/release\libblelib.a(l2cc_lecb.o)
                0x0010cf2a                l2cc_lecb_send_con_req
 .text.l2cc_lecb_send_con_rsp
                0x0010cf7e       0x40 C:\Program Files (x86)\ON Semiconductor\RSL10 EDK_1.4\eclipse\../lib/ble_core/release\libblelib.a(l2cc_lecb.o)
                0x0010cf7e                l2cc_lecb_send_con_rsp
 .text.l2cc_lecb_send_disc_req
                0x0010cfbe       0x3a C:\Program Files (x86)\ON Semiconductor\RSL10 EDK_1.4\eclipse\../lib/ble_core/release\libblelib.a(l2cc_lecb.o)
                0x0010cfbe                l2cc_lecb_send_disc_req
 .text.l2cc_lecb_send_disc_rsp
                0x0010cff8       0x28 C:\Program Files (x86)\ON Semiconductor\RSL10 EDK_1.4\eclipse\../lib/ble_core/release\libblelib.a(l2cc_lecb.o)
                0x0010cff8                l2cc_lecb_send_disc_rsp
 .text.l2cc_lecb_send_credit_add
                0x0010d020       0x28 C:\Program Files (x86)\ON Semiconductor\RSL10 EDK_1.4\eclipse\../lib/ble_core/release\libblelib.a(l2cc_lecb.o)
                0x0010d020                l2cc_lecb_send_credit_add
 .text.l2cc_lecb_pdu_pack
                0x0010d048       0x6c C:\Program Files (x86)\ON Semiconductor\RSL10 EDK_1.4\eclipse\../lib/ble_core/release\libblelib.a(l2cc_pdu.o)
                0x0010d048                l2cc_lecb_pdu_pack
 .text.l2cc_lecb_pdu_unpack
                0x0010d0b4       0x4c C:\Program Files (x86)\ON Semiconductor\RSL10 EDK_1.4\eclipse\../lib/ble_core/release\libblelib.a(l2cc_pdu.o)
                0x0010d0b4                l2cc_lecb_pdu_unpack
 .text.l2cc_pdu_pack
                0x0010d100      0x2ac C:\Program Files (x86)\ON Semiconductor\RSL10 EDK_1.4\eclipse\../lib/ble_core/release\libblelib.a(l2cc_pdu.o)
                0x0010d100                l2cc_pdu_pack
 .text.l2cc_pdu_unpack
                0x0010d3ac      0x2a4 C:\Program Files (x86)\ON Semiconductor\RSL10 EDK_1.4\eclipse\../lib/ble_core/release\libblelib.a(l2cc_pdu.o)
                0x0010d3ac                l2cc_pdu_unpack
 .text.l2cc_pdu_header_check
                0x0010d650      0x22c C:\Program Files (x86)\ON Semiconductor\RSL10 EDK_1.4\eclipse\../lib/ble_core/release\libblelib.a(l2cc_pdu.o)
                0x0010d650                l2cc_pdu_header_check
 .text.l2cc_default_msg_handler
                0x0010d87c        0x4 C:\Program Files (x86)\ON Semiconductor\RSL10 EDK_1.4\eclipse\../lib/ble_core/release\libblelib.a(l2cc_task.o)
 .text.l2cc_dbg_pdu_send_cmd_handler
                0x0010d880       0x3c C:\Program Files (x86)\ON Semiconductor\RSL10 EDK_1.4\eclipse\../lib/ble_core/release\libblelib.a(l2cc_task.o)
 .text.l2cc_pdu_recv_ind_handler
                0x0010d8bc       0x6a C:\Program Files (x86)\ON Semiconductor\RSL10 EDK_1.4\eclipse\../lib/ble_core/release\libblelib.a(l2cc_task.o)
 *fill*         0x0010d926        0x2 
 .text.hci_acl_data_rx_handler
                0x0010d928      0x104 C:\Program Files (x86)\ON Semiconductor\RSL10 EDK_1.4\eclipse\../lib/ble_core/release\libblelib.a(l2cc_task.o)
 .text.l2cc_signaling_trans_to_ind_handler
                0x0010da2c       0x44 C:\Program Files (x86)\ON Semiconductor\RSL10 EDK_1.4\eclipse\../lib/ble_core/release\libblelib.a(l2cc_task.o)
 .text.l2cc_lecb_sdu_send_cmd_handler
                0x0010da70       0x7c C:\Program Files (x86)\ON Semiconductor\RSL10 EDK_1.4\eclipse\../lib/ble_core/release\libblelib.a(l2cc_task.o)
 .text.l2cc_pdu_send_cmd_handler
                0x0010daec       0x58 C:\Program Files (x86)\ON Semiconductor\RSL10 EDK_1.4\eclipse\../lib/ble_core/release\libblelib.a(l2cc_task.o)
 .text.hci_nb_cmp_pkts_evt_handler
                0x0010db44       0x3c C:\Program Files (x86)\ON Semiconductor\RSL10 EDK_1.4\eclipse\../lib/ble_core/release\libblelib.a(l2cc_task.o)
 .text.l2cc_lecb_connect_cfm_handler
                0x0010db80      0x14c C:\Program Files (x86)\ON Semiconductor\RSL10 EDK_1.4\eclipse\../lib/ble_core/release\libblelib.a(l2cc_task.o)
 .text.l2cc_process_op
                0x0010dccc       0x8a C:\Program Files (x86)\ON Semiconductor\RSL10 EDK_1.4\eclipse\../lib/ble_core/release\libblelib.a(l2cc_task.o)
                0x0010dccc                l2cc_process_op
 .text.l2cc_lecb_disconnect_cmd_handler
                0x0010dd56       0x82 C:\Program Files (x86)\ON Semiconductor\RSL10 EDK_1.4\eclipse\../lib/ble_core/release\libblelib.a(l2cc_task.o)
 .text.l2cc_lecb_add_cmd_handler
                0x0010ddd8       0x82 C:\Program Files (x86)\ON Semiconductor\RSL10 EDK_1.4\eclipse\../lib/ble_core/release\libblelib.a(l2cc_task.o)
 *fill*         0x0010de5a        0x2 
 .text.l2cc_lecb_connect_cmd_handler
                0x0010de5c      0x12c C:\Program Files (x86)\ON Semiconductor\RSL10 EDK_1.4\eclipse\../lib/ble_core/release\libblelib.a(l2cc_task.o)
 .text.l2cc_pdu_alloc
                0x0010df88       0x2a C:\Program Files (x86)\ON Semiconductor\RSL10 EDK_1.4\eclipse\../lib/ble_core/release\libblelib.a(l2cc_task.o)
                0x0010df88                l2cc_pdu_alloc
 .text.l2cc_pdu_send
                0x0010dfb2        0x6 C:\Program Files (x86)\ON Semiconductor\RSL10 EDK_1.4\eclipse\../lib/ble_core/release\libblelib.a(l2cc_task.o)
                0x0010dfb2                l2cc_pdu_send
 .text.gattm_svc_get_start_hdl
                0x0010dfb8        0xc C:\Program Files (x86)\ON Semiconductor\RSL10 EDK_1.4\eclipse\../lib/ble_core/release\libblelib.a(gattm.o)
                0x0010dfb8                gattm_svc_get_start_hdl
 .text.gattm_init
                0x0010dfc4       0x24 C:\Program Files (x86)\ON Semiconductor\RSL10 EDK_1.4\eclipse\../lib/ble_core/release\libblelib.a(gattm.o)
                0x0010dfc4                gattm_init
 .text.gattm_init_attr
                0x0010dfe8       0x6c C:\Program Files (x86)\ON Semiconductor\RSL10 EDK_1.4\eclipse\../lib/ble_core/release\libblelib.a(gattm.o)
                0x0010dfe8                gattm_init_attr
 .text.gattm_create
                0x0010e054        0x4 C:\Program Files (x86)\ON Semiconductor\RSL10 EDK_1.4\eclipse\../lib/ble_core/release\libblelib.a(gattm.o)
                0x0010e054                gattm_create
 .text.gattm_cleanup
                0x0010e058        0x6 C:\Program Files (x86)\ON Semiconductor\RSL10 EDK_1.4\eclipse\../lib/ble_core/release\libblelib.a(gattm.o)
                0x0010e058                gattm_cleanup
 .text.gattm_default_msg_handler
                0x0010e05e        0x4 C:\Program Files (x86)\ON Semiconductor\RSL10 EDK_1.4\eclipse\../lib/ble_core/release\libblelib.a(gattm_task.o)
 .text.gattm_att_set_value_req_handler
                0x0010e062       0x2e C:\Program Files (x86)\ON Semiconductor\RSL10 EDK_1.4\eclipse\../lib/ble_core/release\libblelib.a(gattm_task.o)
 .text.gattm_att_get_value_req_handler
                0x0010e090       0x54 C:\Program Files (x86)\ON Semiconductor\RSL10 EDK_1.4\eclipse\../lib/ble_core/release\libblelib.a(gattm_task.o)
 .text.gattm_att_set_permission_req_handler
                0x0010e0e4       0x2c C:\Program Files (x86)\ON Semiconductor\RSL10 EDK_1.4\eclipse\../lib/ble_core/release\libblelib.a(gattm_task.o)
 .text.gattm_att_get_permission_req_handler
                0x0010e110       0x46 C:\Program Files (x86)\ON Semiconductor\RSL10 EDK_1.4\eclipse\../lib/ble_core/release\libblelib.a(gattm_task.o)
 .text.gattm_svc_set_permission_req_handler
                0x0010e156       0x2a C:\Program Files (x86)\ON Semiconductor\RSL10 EDK_1.4\eclipse\../lib/ble_core/release\libblelib.a(gattm_task.o)
 .text.gattm_svc_get_permission_req_handler
                0x0010e180       0x2a C:\Program Files (x86)\ON Semiconductor\RSL10 EDK_1.4\eclipse\../lib/ble_core/release\libblelib.a(gattm_task.o)
 .text.gattm_add_svc_req_handler
                0x0010e1aa       0x28 C:\Program Files (x86)\ON Semiconductor\RSL10 EDK_1.4\eclipse\../lib/ble_core/release\libblelib.a(gattm_task.o)