Archive member included to satisfy reference by file (symbol)

C:\Program Files (x86)\ON Semiconductor\RSL10 EDK_1.4\eclipse\../lib/ble_core/release_light\libblelib.a(rwip.o)
                              ./code/app_process.o (LowPowerClock_Source_Set)
C:\Program Files (x86)\ON Semiconductor\RSL10 EDK_1.4\eclipse\../lib/ble_core/release_light\libblelib.a(rwble.o)
                              C:\Program Files (x86)\ON Semiconductor\RSL10 EDK_1.4\eclipse\../lib/ble_core/release_light\libblelib.a(rwip.o) (rwble_init)
C:\Program Files (x86)\ON Semiconductor\RSL10 EDK_1.4\eclipse\../lib/ble_core/release_light\libblelib.a(rf_atlas.o)
                              C:\Program Files (x86)\ON Semiconductor\RSL10 EDK_1.4\eclipse\../lib/ble_core/release_light\libblelib.a(rwip.o) (rf_init)
C:\Program Files (x86)\ON Semiconductor\RSL10 EDK_1.4\eclipse\../lib/ble_core/release_light\libblelib.a(prf-prf_utils.o)
                              ./code/ble_bass.o (prf_env_get)
C:\Program Files (x86)\ON Semiconductor\RSL10 EDK_1.4\eclipse\../lib/ble_core/release_light\libblelib.a(lld_evt.o)
                              C:\Program Files (x86)\ON Semiconductor\RSL10 EDK_1.4\eclipse\../lib/ble_core/release_light\libblelib.a(rwble.o) (lld_evt_env)
C:\Program Files (x86)\ON Semiconductor\RSL10 EDK_1.4\eclipse\../lib/ble_core/release_light\libblelib.a(lld_sleep.o)
                              ./code/app_init.o (BLE_LLD_Sleep_Params_Set)
C:\Program Files (x86)\ON Semiconductor\RSL10 EDK_1.4\eclipse\../lib/ble_core/release_light\libblelib.a(hci.o)
                              C:\Program Files (x86)\ON Semiconductor\RSL10 EDK_1.4\eclipse\../lib/ble_core/release_light\libblelib.a(rwip.o) (hci_init)
C:\Program Files (x86)\ON Semiconductor\RSL10 EDK_1.4\eclipse\../lib/ble_core/release_light\libblelib.a(hci_fc.o)
                              C:\Program Files (x86)\ON Semiconductor\RSL10 EDK_1.4\eclipse\../lib/ble_core/release_light\libblelib.a(hci.o) (hci_fc_init)
C:\Program Files (x86)\ON Semiconductor\RSL10 EDK_1.4\eclipse\../lib/ble_core/release_light\libblelib.a(hci_msg.o)
                              C:\Program Files (x86)\ON Semiconductor\RSL10 EDK_1.4\eclipse\../lib/ble_core/release_light\libblelib.a(hci.o) (hci_look_for_cmd_desc)
C:\Program Files (x86)\ON Semiconductor\RSL10 EDK_1.4\eclipse\../lib/ble_core/release_light\libblelib.a(llm.o)
                              C:\Program Files (x86)\ON Semiconductor\RSL10 EDK_1.4\eclipse\../lib/ble_core/release_light\libblelib.a(rwip.o) (llm_le_env)
C:\Program Files (x86)\ON Semiconductor\RSL10 EDK_1.4\eclipse\../lib/ble_core/release_light\libblelib.a(llm_task.o)
                              C:\Program Files (x86)\ON Semiconductor\RSL10 EDK_1.4\eclipse\../lib/ble_core/release_light\libblelib.a(llm.o) (llm_state)
C:\Program Files (x86)\ON Semiconductor\RSL10 EDK_1.4\eclipse\../lib/ble_core/release_light\libblelib.a(llm_util.o)
                              C:\Program Files (x86)\ON Semiconductor\RSL10 EDK_1.4\eclipse\../lib/ble_core/release_light\libblelib.a(llm.o) (llm_util_bd_addr_wl_position)
C:\Program Files (x86)\ON Semiconductor\RSL10 EDK_1.4\eclipse\../lib/ble_core/release_light\libblelib.a(lld.o)
                              C:\Program Files (x86)\ON Semiconductor\RSL10 EDK_1.4\eclipse\../lib/ble_core/release_light\libblelib.a(rwble.o) (lld_init)
C:\Program Files (x86)\ON Semiconductor\RSL10 EDK_1.4\eclipse\../lib/ble_core/release_light\libblelib.a(lld_pdu.o)
                              C:\Program Files (x86)\ON Semiconductor\RSL10 EDK_1.4\eclipse\../lib/ble_core/release_light\libblelib.a(lld_evt.o) (lld_pdu_check)
C:\Program Files (x86)\ON Semiconductor\RSL10 EDK_1.4\eclipse\../lib/ble_core/release_light\libblelib.a(lld_util.o)
                              C:\Program Files (x86)\ON Semiconductor\RSL10 EDK_1.4\eclipse\../lib/ble_core/release_light\libblelib.a(llm_util.o) (lld_util_set_bd_address)
C:\Program Files (x86)\ON Semiconductor\RSL10 EDK_1.4\eclipse\../lib/ble_core/release_light\libblelib.a(llc.o)
                              C:\Program Files (x86)\ON Semiconductor\RSL10 EDK_1.4\eclipse\../lib/ble_core/release_light\libblelib.a(rwble.o) (llc_init)
C:\Program Files (x86)\ON Semiconductor\RSL10 EDK_1.4\eclipse\../lib/ble_core/release_light\libblelib.a(llc_llcp.o)
                              C:\Program Files (x86)\ON Semiconductor\RSL10 EDK_1.4\eclipse\../lib/ble_core/release_light\libblelib.a(lld_pdu.o) (llc_llcp_recv_handler)
C:\Program Files (x86)\ON Semiconductor\RSL10 EDK_1.4\eclipse\../lib/ble_core/release_light\libblelib.a(llc_task.o)
                              C:\Program Files (x86)\ON Semiconductor\RSL10 EDK_1.4\eclipse\../lib/ble_core/release_light\libblelib.a(llc.o) (llc_state)
C:\Program Files (x86)\ON Semiconductor\RSL10 EDK_1.4\eclipse\../lib/ble_core/release_light\libblelib.a(llc_util.o)
[...]
Memory Configuration

Name             Origin             Length             Attributes
ROM              0x00000000         0x00001000         r
FLASH            0x00100000         0x00060000         xrw
PRAM             0x00200000         0x00008000         xrw
DRAM             0x20000000         0x00001fe8         xrw
DRAM_DSP         0x20006000         0x0000c000         xrw
DRAM_BB          0x20012000         0x00004000         xrw
*default*        0x00000000         0xffffffff

Linker script and memory map

LOAD ./code/app_init.o
LOAD ./code/app_process.o
LOAD ./code/ble_bass.o
LOAD ./code/ble_custom.o
LOAD ./code/ble_std.o
LOAD ./code/calibration.o
LOAD ./code/i2c.o
LOAD ./code/nct375.o
LOAD ./code/wakeup_asm.o
LOAD ./app.o
LOAD C:\Program Files (x86)\ON Semiconductor\RSL10 EDK_1.4\eclipse\../lib/ble_core/release_light\libblelib.a
LOAD C:\Program Files (x86)\ON Semiconductor\RSL10 EDK_1.4\eclipse\../lib/release\libcalibratelib.a
LOAD C:\Program Files (x86)\ON Semiconductor\RSL10 EDK_1.4\eclipse\../lib/ble_core/release_light\libkelib.a
LOAD C:\Program Files (x86)\ON Semiconductor\RSL10 EDK_1.4\eclipse\../lib/ble_profiles/release\libbass.a
LOAD C:\Program Files (x86)\ON Semiconductor\RSL10 EDK_1.4\eclipse\../lib/release\libcmsis.a
LOAD C:\Program Files (x86)\ON Semiconductor\RSL10 EDK_1.4\eclipse\../lib/release\libsyslib.a
LOAD C:\Program Files (x86)\ON Semiconductor\RSL10 EDK_1.4\eclipse\../lib/ble_core/release_light\libweak_prf.a
START GROUP
LOAD c:/program files (x86)/gnu tools arm embedded/6 2017-q2-update/bin/../lib/gcc/arm-none-eabi/6.3.1/thumb/v7-m\libgcc.a
LOAD c:/program files (x86)/gnu tools arm embedded/6 2017-q2-update/bin/../lib/gcc/arm-none-eabi/6.3.1/../../../../arm-none-eabi/lib/thumb/v7-m\libg_nano.a
LOAD c:/program files (x86)/gnu tools arm embedded/6 2017-q2-update/bin/../lib/gcc/arm-none-eabi/6.3.1/../../../../arm-none-eabi/lib/thumb/v7-m\libc_nano.a
END GROUP
START GROUP
LOAD c:/program files (x86)/gnu tools arm embedded/6 2017-q2-update/bin/../lib/gcc/arm-none-eabi/6.3.1/thumb/v7-m\libgcc.a
LOAD c:/program files (x86)/gnu tools arm embedded/6 2017-q2-update/bin/../lib/gcc/arm-none-eabi/6.3.1/../../../../arm-none-eabi/lib/thumb/v7-m\libc_nano.a
END GROUP
                0x20001fe8                __stack = (ORIGIN (DRAM) + LENGTH (DRAM))
                [!provide]                PROVIDE (__stack, __stack)
                0x00000190                __Main_Stack_Size = 0x190
                [!provide]                PROVIDE (_Main_Stack_Size, __Main_Stack_Size)
                0x20001e58                __Main_Stack_Limit = (__stack - __Main_Stack_Size)
                [!provide]                PROVIDE (_Main_Stack_Limit, __Main_Stack_Limit)
                0x20001ca0                PROVIDE (__Heap_Begin__, __noinit_end__)
                0x20001e58                PROVIDE (__Heap_Limit__, (__stack - __Main_Stack_Size))
                0xe000ed08                __VTOR = 0xe000ed08

.text           0x00100000    0x20464
                0x00100000                . = ALIGN (0x4)
 *(.interrupt_vector)
 .interrupt_vector
                0x00100000      0x164 C:\Program Files (x86)\ON Semiconductor\RSL10 EDK_1.4\eclipse\../lib/release\libcmsis.a(startup_rsl10.o)
                0x00100000                ISR_Vector_Table
 *(.reset)
 .reset         0x00100164       0x18 C:\Program Files (x86)\ON Semiconductor\RSL10 EDK_1.4\eclipse\../lib/release\libcmsis.a(startup_rsl10.o)
                0x00100164                Reset_Handler
                0x0010017c                . = ALIGN (0x4)
                0x0010017c                PROVIDE (__preinit_array_start__, .)
 *(.preinit_array_sysinit .preinit_array_sysinit.*)
 *(.preinit_array_platform .preinit_array_platform.*)
 *(.preinit_array .preinit_array.*)
                0x0010017c                PROVIDE (__preinit_array_end__, .)
                0x0010017c                . = ALIGN (0x4)
                0x0010017c                PROVIDE (__init_array_start__, .)
 *(SORT(.init_array.*))
 *(.init_array)
                0x0010017c                PROVIDE (__init_array_end__, .)
                0x0010017c                . = ALIGN (0x4)
 *(.text .text.*)
 .text.NVIC_SetPriority
                0x0010017c       0x54 ./code/app_init.o
 .text.Sys_DIO_Config
                0x001001d0       0x24 ./code/app_init.o
 .text.Sys_Clocks_SystemClkConfig
                0x001001f4       0x34 ./code/app_init.o
 .text.Sys_NVIC_DisableAllInt
                0x00100228       0x30 ./code/app_init.o
 .text.Sys_NVIC_ClearAllPendingInt
                0x00100258       0x30 ./code/app_init.o
 .text.Sys_I2C_DIOConfig
                0x00100288       0x48 ./code/app_init.o
 .text.Sys_ADC_Set_Config
                0x001002d0       0x20 ./code/app_init.o
 .text.Sys_ADC_InputSelectConfig
                0x001002f0       0x24 ./code/app_init.o
 .text.Sys_Watchdog_Refresh
                0x00100314       0x1c ./code/app_init.o
 .text.App_Initialize
                0x00100330      0x184 ./code/app_init.o
                0x00100330                App_Initialize
 .text.App_Env_Initialize
                0x001004b4       0x54 ./code/app_init.o
                0x001004b4                App_Env_Initialize
 .text.Sys_DIO_Config
                0x00100508       0x24 ./code/app_process.o
 .text.Sys_Audiosink_PeriodCounter
                0x0010052c       0x14 ./code/app_process.o
 .text.Sleep_Mode_Configure
                0x00100540       0x94 ./code/app_process.o
                0x00100540                Sleep_Mode_Configure
 .text.Continue_Application
                0x001005d4       0x80 ./code/app_process.o
                0x001005d4                Continue_Application
 .text.Measure_Battery_Level
                0x00100654       0x28 ./code/app_process.o
                0x00100654                Measure_Battery_Level
 .text.Msg_Handler
                0x0010067c       0x24 ./code/app_process.o
                0x0010067c                Msg_Handler
 .text.AUDIOSINK_PERIOD_IRQHandler
                0x001006a0       0xdc ./code/app_process.o
                0x001006a0                AUDIOSINK_PERIOD_IRQHandler
 .text.Bass_Env_Initialize
                0x0010077c       0x18 ./code/ble_bass.o
                0x0010077c                Bass_Env_Initialize
 .text.Batt_ServiceAdd_Server
                0x00100794       0x74 ./code/ble_bass.o
                0x00100794                Batt_ServiceAdd_Server
 .text.Batt_ServiceEnable_Server
                0x00100808       0x4a ./code/ble_bass.o
                0x00100808                Batt_ServiceEnable_Server
 *fill*         0x00100852        0x2 
 .text.Batt_LevelNtfCfgInd
                0x00100854       0x30 ./code/ble_bass.o
                0x00100854                Batt_LevelNtfCfgInd
 .text.Batt_EnableRsp_Server
                0x00100884       0x38 ./code/ble_bass.o
                0x00100884                Batt_EnableRsp_Server
 .text.CustomService_Env_Initialize
                0x001008bc       0x30 ./code/ble_custom.o
                0x001008bc                CustomService_Env_Initialize
 .text.CustomService_ServiceAdd
                0x001008ec       0xc0 ./code/ble_custom.o
                0x001008ec                CustomService_ServiceAdd
 .text.GATTM_AddSvcRsp
                0x001009ac       0x4c ./code/ble_custom.o
                0x001009ac                GATTM_AddSvcRsp
 .text.GATTC_ReadReqInd
                0x001009f8      0x138 ./code/ble_custom.o
                0x001009f8                GATTC_ReadReqInd
 .text.GATTC_WriteReqInd
                0x00100b30       0xec ./code/ble_custom.o
                0x00100b30                GATTC_WriteReqInd
 .text.GATTC_CmpEvt
                0x00100c1c       0x4c ./code/ble_custom.o
                0x00100c1c                GATTC_CmpEvt
 .text.NVIC_EnableIRQ
                0x00100c68       0x30 ./code/ble_std.o
 .text.Device_Param_Prepare
                0x00100c98       0x58 ./code/ble_std.o
                0x00100c98                Device_Param_Prepare
 .text.BLE_Initialize
                0x00100cf0      0x1b4 ./code/ble_std.o
                0x00100cf0                BLE_Initialize
 .text.Service_Add
                0x00100ea4       0x40 ./code/ble_std.o
                0x00100ea4                Service_Add
 .text.Advertising_Start
                0x00100ee4      0x220 ./code/ble_std.o
                0x00100ee4                Advertising_Start
 .text.Advertising_Update
                0x00101104      0x210 ./code/ble_std.o
                0x00101104                Advertising_Update
 .text.GAPM_ProfileAddedInd
                0x00101314       0x48 ./code/ble_std.o
                0x00101314                GAPM_ProfileAddedInd
 .text.GAPM_CmpEvt
                0x0010135c       0xa4 ./code/ble_std.o
                0x0010135c                GAPM_CmpEvt
 .text.GAPC_GetDevInfoReqInd
                0x00101400       0xac ./code/ble_std.o
                0x00101400                GAPC_GetDevInfoReqInd
 .text.GAPC_ConnectionReqInd
                0x001014ac       0xa8 ./code/ble_std.o
                0x001014ac                GAPC_ConnectionReqInd
 .text.GAPC_CmpEvt
                0x00101554       0x24 ./code/ble_std.o
                0x00101554                GAPC_CmpEvt
 .text.GAPC_DisconnectInd
                0x00101578       0x3c ./code/ble_std.o
                0x00101578                GAPC_DisconnectInd
 .text.GAPC_ParamUpdatedInd
                0x001015b4       0x40 ./code/ble_std.o
                0x001015b4                GAPC_ParamUpdatedInd
 .text.GAPC_ParamUpdateReqInd
                0x001015f4       0x60 ./code/ble_std.o
                0x001015f4                GAPC_ParamUpdateReqInd
 .text.BLE_SetServiceState
                0x00101654       0x48 ./code/ble_std.o
                0x00101654                BLE_SetServiceState
 .text.Service_Enable
                0x0010169c       0x50 ./code/ble_std.o
                0x0010169c                Service_Enable
 .text.Load_Trim_Values_And_Calibrate_MANU_CALIB
                0x001016ec       0x64 ./code/calibration.o
                0x001016ec                Load_Trim_Values_And_Calibrate_MANU_CALIB
 .text.NVIC_EnableIRQ
                0x00101750       0x30 ./code/i2c.o
 .text.Sys_I2C_Config
                0x00101780       0x24 ./code/i2c.o
 .text.Sys_I2C_Get_Status
                0x001017a4       0x14 ./code/i2c.o
 .text.Sys_I2C_StartRead
                0x001017b8       0x24 ./code/i2c.o
 .text.Sys_I2C_StartWrite
                0x001017dc       0x20 ./code/i2c.o
 .text.Sys_I2C_ACK
                0x001017fc       0x18 ./code/i2c.o
 .text.Sys_I2C_Reset
                0x00101814       0x18 ./code/i2c.o
 .text.I2C_Master_Init
                0x0010182c       0x34 ./code/i2c.o
                0x0010182c                I2C_Master_Init
 .text.I2C_WriteRead
                0x00101860       0x7c ./code/i2c.o
                0x00101860                I2C_WriteRead
 .text.I2C_IRQHandler
                0x001018dc      0x15c ./code/i2c.o
                0x001018dc                I2C_IRQHandler
 .text.NCT375_Received_Temperature
                0x00101a38       0x68 ./code/nct375.o
                0x00101a38                NCT375_Received_Temperature
 .text.NCT375_ONEShot_ModeOn
                0x00101aa0       0x38 ./code/nct375.o
                0x00101aa0                NCT375_ONEShot_ModeOn
 .text.NCT375_ONEShot_StartSample
                0x00101ad8       0x38 ./code/nct375.o
                0x00101ad8                NCT375_ONEShot_StartSample
 .text.NCT375_ONEShot_ReadSample
                0x00101b10       0x58 ./code/nct375.o
                0x00101b10                NCT375_ONEShot_ReadSample
 .text.NCT375_I2C_Delay
                0x00101b68       0x24 ./code/nct375.o
                0x00101b68                NCT375_I2C_Delay
 .text.Sys_Delay_ProgramROM
                0x00101b8c       0x22 ./app.o
 *fill*         0x00101bae        0x2 
 .text.Sys_DIO_Config
                0x00101bb0       0x24 ./app.o
 .text.Sys_I2C_DIOConfig
                0x00101bd4       0x48 ./app.o
 .text.Sys_ADC_Set_Config
                0x00101c1c       0x20 ./app.o
 .text.Sys_ADC_InputSelectConfig
                0x00101c3c       0x24 ./app.o
 .text.Sys_Watchdog_Refresh
                0x00101c60       0x1c ./app.o
 .text.main     0x00101c7c       0x44 ./app.o
                0x00101c7c                main
 .text.Main_Loop
                0x00101cc0      0x10c ./app.o
                0x00101cc0                Main_Loop
 .text.LowPowerClock_Source_Set
                0x00101dcc       0x10 C:\Program Files (x86)\ON Semiconductor\RSL10 EDK_1.4\eclipse\../lib/ble_core/release_light\libblelib.a(rwip.o)
                0x00101dcc                LowPowerClock_Source_Set
 .text.RTCCLK_Period_Value_Set
                0x00101ddc        0xc C:\Program Files (x86)\ON Semiconductor\RSL10 EDK_1.4\eclipse\../lib/ble_core/release_light\libblelib.a(rwip.o)
                0x00101ddc                RTCCLK_Period_Value_Set
 .text.BLE_Reset
                0x00101de8       0x38 C:\Program Files (x86)\ON Semiconductor\RSL10 EDK_1.4\eclipse\../lib/ble_core/release_light\libblelib.a(rwip.o)
                0x00101de8                BLE_Reset
 .text.rwip_reset
                0x00101e20       0x34 C:\Program Files (x86)\ON Semiconductor\RSL10 EDK_1.4\eclipse\../lib/ble_core/release_light\libblelib.a(rwip.o)
                0x00101e20                rwip_reset
 .text.BLE_Power_Mode_Enter
                0x00101e54      0x148 C:\Program Files (x86)\ON Semiconductor\RSL10 EDK_1.4\eclipse\../lib/ble_core/release_light\libblelib.a(rwip.o)
                0x00101e54                BLE_Power_Mode_Enter
 .text.rwip_prevent_sleep_set
                0x00101f9c       0x14 C:\Program Files (x86)\ON Semiconductor\RSL10 EDK_1.4\eclipse\../lib/ble_core/release_light\libblelib.a(rwip.o)
                0x00101f9c                rwip_prevent_sleep_set
 .text.rwip_wakeup
                0x00101fb0       0x10 C:\Program Files (x86)\ON Semiconductor\RSL10 EDK_1.4\eclipse\../lib/ble_core/release_light\libblelib.a(rwip.o)
                0x00101fb0                rwip_wakeup
 .text.rwip_prevent_sleep_clear
                0x00101fc0       0x14 C:\Program Files (x86)\ON Semiconductor\RSL10 EDK_1.4\eclipse\../lib/ble_core/release_light\libblelib.a(rwip.o)
                0x00101fc0                rwip_prevent_sleep_clear
 .text.rwip_wakeup_end
                0x00101fd4       0x24 C:\Program Files (x86)\ON Semiconductor\RSL10 EDK_1.4\eclipse\../lib/ble_core/release_light\libblelib.a(rwip.o)
                0x00101fd4                rwip_wakeup_end
 .text.rwip_sleep_lpcycles_2_us
                0x00101ff8       0x48 C:\Program Files (x86)\ON Semiconductor\RSL10 EDK_1.4\eclipse\../lib/ble_core/release_light\libblelib.a(rwip.o)
                0x00101ff8                rwip_sleep_lpcycles_2_us
 .text.rwip_us_2_lpcycles
                0x00102040       0x30 C:\Program Files (x86)\ON Semiconductor\RSL10 EDK_1.4\eclipse\../lib/ble_core/release_light\libblelib.a(rwip.o)
                0x00102040                rwip_us_2_lpcycles
 .text.rwip_wakeup_delay_set
                0x00102070       0x10 C:\Program Files (x86)\ON Semiconductor\RSL10 EDK_1.4\eclipse\../lib/ble_core/release_light\libblelib.a(rwip.o)
                0x00102070                rwip_wakeup_delay_set
 .text.BLE_InitNoTL
                0x00102080       0x44 C:\Program Files (x86)\ON Semiconductor\RSL10 EDK_1.4\eclipse\../lib/ble_core/release_light\libblelib.a(rwip.o)
                0x00102080                BLE_InitNoTL
 .text.rwble_init
                0x001020c4       0x28 C:\Program Files (x86)\ON Semiconductor\RSL10 EDK_1.4\eclipse\../lib/ble_core/release_light\libblelib.a(rwble.o)
                0x001020c4                rwble_init
 .text.rwble_reset
                0x001020ec       0x48 C:\Program Files (x86)\ON Semiconductor\RSL10 EDK_1.4\eclipse\../lib/ble_core/release_light\libblelib.a(rwble.o)
                0x001020ec                rwble_reset
 .text.rwble_sleep_check
                0x00102134       0x10 C:\Program Files (x86)\ON Semiconductor\RSL10 EDK_1.4\eclipse\../lib/ble_core/release_light\libblelib.a(rwble.o)
                0x00102134                rwble_sleep_check
 .text.rwble_isr
                0x00102144       0xcc C:\Program Files (x86)\ON Semiconductor\RSL10 EDK_1.4\eclipse\../lib/ble_core/release_light\libblelib.a(rwble.o)
                0x00102144                BLE_CSCNT_IRQHandler
                0x00102144                BLE_SW_IRQHandler
                0x00102144                BLE_AUDIO0_IRQHandler
                0x00102144                BLE_SLP_IRQHandler
                0x00102144                BLE_RX_IRQHandler
                0x00102144                rwble_isr
                0x00102144                BLE_AUDIO2_IRQHandler
                0x00102144                BLE_AUDIO1_IRQHandler
                0x00102144                BLE_ERROR_IRQHandler
                0x00102144                BLE_EVENT_IRQHandler
                0x00102144                BLE_CRYPT_IRQHandler
                0x00102144                BLE_FINETGTIM_IRQHandler
 .text.rf_atl_spi_tf
                0x00102210       0x24 C:\Program Files (x86)\ON Semiconductor\RSL10 EDK_1.4\eclipse\../lib/ble_core/release_light\libblelib.a(rf_atlas.o)
 .text.rf_reset
                0x00102234        0x2 C:\Program Files (x86)\ON Semiconductor\RSL10 EDK_1.4\eclipse\../lib/ble_core/release_light\libblelib.a(rf_atlas.o)
 .text.rf_force_agc_enable
                0x00102236        0x2 C:\Program Files (x86)\ON Semiconductor\RSL10 EDK_1.4\eclipse\../lib/ble_core/release_light\libblelib.a(rf_atlas.o)
 .text.rf_txpwr_dbm_get
                0x00102238        0x4 C:\Program Files (x86)\ON Semiconductor\RSL10 EDK_1.4\eclipse\../lib/ble_core/release_light\libblelib.a(rf_atlas.o)
 .text.rf_sleep
                0x0010223c       0x10 C:\Program Files (x86)\ON Semiconductor\RSL10 EDK_1.4\eclipse\../lib/ble_core/release_light\libblelib.a(rf_atlas.o)
 *fill*         0x0010224c        0x4 
 .text.rf_rssi_convert
                0x00102250       0x38 C:\Program Files (x86)\ON Semiconductor\RSL10 EDK_1.4\eclipse\../lib/ble_core/release_light\libblelib.a(rf_atlas.o)
 .text.rf_atl_reg_burst_wr
                0x00102288       0x40 C:\Program Files (x86)\ON Semiconductor\RSL10 EDK_1.4\eclipse\../lib/ble_core/release_light\libblelib.a(rf_atlas.o)
 .text.rf_atl_reg_wr
                0x001022c8       0x24 C:\Program Files (x86)\ON Semiconductor\RSL10 EDK_1.4\eclipse\../lib/ble_core/release_light\libblelib.a(rf_atlas.o)
 .text.rf_atl_reg_rd
                0x001022ec       0x2c C:\Program Files (x86)\ON Semiconductor\RSL10 EDK_1.4\eclipse\../lib/ble_core/release_light\libblelib.a(rf_atlas.o)
 .text.rf_init  0x00102318      0x454 C:\Program Files (x86)\ON Semiconductor\RSL10 EDK_1.4\eclipse\../lib/ble_core/release_light\libblelib.a(rf_atlas.o)
                0x00102318                rf_init
 .text.prf_itf_get
                0x0010276c       0xcc C:\Program Files (x86)\ON Semiconductor\RSL10 EDK_1.4\eclipse\../lib/ble_core/release_light\libblelib.a(prf-prf_utils.o)
 .text.prf_init
                0x00102838       0x64 C:\Program Files (x86)\ON Semiconductor\RSL10 EDK_1.4\eclipse\../lib/ble_core/release_light\libblelib.a(prf-prf_utils.o)
                0x00102838                prf_init
 .text.prf_add_profile
                0x0010289c       0x6c C:\Program Files (x86)\ON Semiconductor\RSL10 EDK_1.4\eclipse\../lib/ble_core/release_light\libblelib.a(prf-prf_utils.o)
                0x0010289c                prf_add_profile
 .text.prf_create
                0x00102908       0x28 C:\Program Files (x86)\ON Semiconductor\RSL10 EDK_1.4\eclipse\../lib/ble_core/release_light\libblelib.a(prf-prf_utils.o)
                0x00102908                prf_create
 .text.prf_cleanup
                0x00102930       0x2c C:\Program Files (x86)\ON Semiconductor\RSL10 EDK_1.4\eclipse\../lib/ble_core/release_light\libblelib.a(prf-prf_utils.o)
                0x00102930                prf_cleanup
 .text.prf_env_get
                0x0010295c       0x24 C:\Program Files (x86)\ON Semiconductor\RSL10 EDK_1.4\eclipse\../lib/ble_core/release_light\libblelib.a(prf-prf_utils.o)
                0x0010295c                prf_env_get
 .text.prf_src_task_get
                0x00102980       0x10 C:\Program Files (x86)\ON Semiconductor\RSL10 EDK_1.4\eclipse\../lib/ble_core/release_light\libblelib.a(prf-prf_utils.o)
                0x00102980                prf_src_task_get
 .text.prf_dst_task_get
                0x00102990       0x10 C:\Program Files (x86)\ON Semiconductor\RSL10 EDK_1.4\eclipse\../lib/ble_core/release_light\libblelib.a(prf-prf_utils.o)
                0x00102990                prf_dst_task_get
 .text.prf_pack_char_pres_fmt
                0x001029a0       0x1e C:\Program Files (x86)\ON Semiconductor\RSL10 EDK_1.4\eclipse\../lib/ble_core/release_light\libblelib.a(prf-prf_utils.o)
                0x001029a0                prf_pack_char_pres_fmt
 *fill*         0x001029be        0x2 
 .text.lld_evt_winsize_change
                0x001029c0       0x88 C:\Program Files (x86)\ON Semiconductor\RSL10 EDK_1.4\eclipse\../lib/ble_core/release_light\libblelib.a(lld_evt.o)
 .text.lld_evt_slave_time_compute
                0x00102a48       0xac C:\Program Files (x86)\ON Semiconductor\RSL10 EDK_1.4\eclipse\../lib/ble_core/release_light\libblelib.a(lld_evt.o)
 .text.lld_evt_prevent_stop
                0x00102af4        0x2 C:\Program Files (x86)\ON Semiconductor\RSL10 EDK_1.4\eclipse\../lib/ble_core/release_light\libblelib.a(lld_evt.o)
                0x00102af4                lld_evt_prevent_stop
 *fill*         0x00102af6        0x2 
 .text.lld_evt_deferred_elt_push
                0x00102af8       0x28 C:\Program Files (x86)\ON Semiconductor\RSL10 EDK_1.4\eclipse\../lib/ble_core/release_light\libblelib.a(lld_evt.o)
 .text.lld_evt_elt_wait_insert
                0x00102b20       0x20 C:\Program Files (x86)\ON Semiconductor\RSL10 EDK_1.4\eclipse\../lib/ble_core/release_light\libblelib.a(lld_evt.o)
 .text.lld_evt_deferred_elt_pop
                0x00102b40       0x2c C:\Program Files (x86)\ON Semiconductor\RSL10 EDK_1.4\eclipse\../lib/ble_core/release_light\libblelib.a(lld_evt.o)
 .text.lld_evt_get_next_free_slot
                0x00102b6c       0x38 C:\Program Files (x86)\ON Semiconductor\RSL10 EDK_1.4\eclipse\../lib/ble_core/release_light\libblelib.a(lld_evt.o)
 .text.lld_evt_elt_wait_get
                0x00102ba4       0x38 C:\Program Files (x86)\ON Semiconductor\RSL10 EDK_1.4\eclipse\../lib/ble_core/release_light\libblelib.a(lld_evt.o)
 .text.lld_evt_schedule
                0x00102bdc      0x14c C:\Program Files (x86)\ON Semiconductor\RSL10 EDK_1.4\eclipse\../lib/ble_core/release_light\libblelib.a(lld_evt.o)
                0x00102bdc                lld_evt_schedule
 .text.lld_evt_delete_elt_push
                0x00102d28       0x44 C:\Program Files (x86)\ON Semiconductor\RSL10 EDK_1.4\eclipse\../lib/ble_core/release_light\libblelib.a(lld_evt.o)
                0x00102d28                lld_evt_delete_elt_push
 .text.lld_evt_deffered_elt_handler
                0x00102d6c       0xb6 C:\Program Files (x86)\ON Semiconductor\RSL10 EDK_1.4\eclipse\../lib/ble_core/release_light\libblelib.a(lld_evt.o)
                0x00102d6c                lld_evt_deffered_elt_handler
 *fill*         0x00102e22        0x2 
 .text.lld_evt_channel_next
                0x00102e24       0x3c C:\Program Files (x86)\ON Semiconductor\RSL10 EDK_1.4\eclipse\../lib/ble_core/release_light\libblelib.a(lld_evt.o)
                0x00102e24                lld_evt_channel_next
 .text.lld_evt_init
                0x00102e60      0x12c C:\Program Files (x86)\ON Semiconductor\RSL10 EDK_1.4\eclipse\../lib/ble_core/release_light\libblelib.a(lld_evt.o)
                0x00102e60                lld_evt_init
 .text.lld_evt_init_evt
                0x00102f8c       0x40 C:\Program Files (x86)\ON Semiconductor\RSL10 EDK_1.4\eclipse\../lib/ble_core/release_light\libblelib.a(lld_evt.o)
                0x00102f8c                lld_evt_init_evt
 .text.lld_evt_elt_delete
                0x00102fcc       0xb4 C:\Program Files (x86)\ON Semiconductor\RSL10 EDK_1.4\eclipse\../lib/ble_core/release_light\libblelib.a(lld_evt.o)
                0x00102fcc                lld_evt_elt_delete
 .text.lld_evt_delete_elt_handler
                0x00103080       0x60 C:\Program Files (x86)\ON Semiconductor\RSL10 EDK_1.4\eclipse\../lib/ble_core/release_light\libblelib.a(lld_evt.o)
 .text.lld_evt_drift_compute
                0x001030e0       0x24 C:\Program Files (x86)\ON Semiconductor\RSL10 EDK_1.4\eclipse\../lib/ble_core/release_light\libblelib.a(lld_evt.o)
                0x001030e0                lld_evt_drift_compute
 .text.lld_evt_rxwin_compute
                0x00103104       0x40 C:\Program Files (x86)\ON Semiconductor\RSL10 EDK_1.4\eclipse\../lib/ble_core/release_light\libblelib.a(lld_evt.o)
 .text.lld_evt_restart
                0x00103144      0x734 C:\Program Files (x86)\ON Semiconductor\RSL10 EDK_1.4\eclipse\../lib/ble_core/release_light\libblelib.a(lld_evt.o)
                0x00103144                lld_evt_restart
 .text.lld_evt_elt_insert
                0x00103878       0x48 C:\Program Files (x86)\ON Semiconductor\RSL10 EDK_1.4\eclipse\../lib/ble_core/release_light\libblelib.a(lld_evt.o)
                0x00103878                lld_evt_elt_insert
 .text.lld_evt_canceled
                0x001038c0       0x3e C:\Program Files (x86)\ON Semiconductor\RSL10 EDK_1.4\eclipse\../lib/ble_core/release_light\libblelib.a(lld_evt.o)
                0x001038c0                lld_evt_canceled
 *fill*         0x001038fe        0x2 
 .text.lld_evt_schedule_next
                0x00103900      0x190 C:\Program Files (x86)\ON Semiconductor\RSL10 EDK_1.4\eclipse\../lib/ble_core/release_light\libblelib.a(lld_evt.o)
                0x00103900                lld_evt_schedule_next
 .text.lld_evt_scan_create
                0x00103a90       0x88 C:\Program Files (x86)\ON Semiconductor\RSL10 EDK_1.4\eclipse\../lib/ble_core/release_light\libblelib.a(lld_evt.o)
                0x00103a90                lld_evt_scan_create
 .text.lld_evt_move_to_master
                0x00103b18      0x150 C:\Program Files (x86)\ON Semiconductor\RSL10 EDK_1.4\eclipse\../lib/ble_core/release_light\libblelib.a(lld_evt.o)
                0x00103b18                lld_evt_move_to_master
 .text.lld_evt_update_create
                0x00103c68      0x130 C:\Program Files (x86)\ON Semiconductor\RSL10 EDK_1.4\eclipse\../lib/ble_core/release_light\libblelib.a(lld_evt.o)
                0x00103c68                lld_evt_update_create
 .text.lld_evt_move_to_slave
                0x00103d98      0x2dc C:\Program Files (x86)\ON Semiconductor\RSL10 EDK_1.4\eclipse\../lib/ble_core/release_light\libblelib.a(lld_evt.o)
                0x00103d98                lld_evt_move_to_slave
 .text.lld_evt_slave_update
                0x00104074      0x138 C:\Program Files (x86)\ON Semiconductor\RSL10 EDK_1.4\eclipse\../lib/ble_core/release_light\libblelib.a(lld_evt.o)
                0x00104074                lld_evt_slave_update
 .text.lld_evt_adv_create
                0x001041ac       0x88 C:\Program Files (x86)\ON Semiconductor\RSL10 EDK_1.4\eclipse\../lib/ble_core/release_light\libblelib.a(lld_evt.o)
                0x001041ac                lld_evt_adv_create
 .text.lld_evt_end
                0x00104234      0x174 C:\Program Files (x86)\ON Semiconductor\RSL10 EDK_1.4\eclipse\../lib/ble_core/release_light\libblelib.a(lld_evt.o)
                0x00104234                lld_evt_end
 .text.lld_evt_rx
                0x001043a8       0x40 C:\Program Files (x86)\ON Semiconductor\RSL10 EDK_1.4\eclipse\../lib/ble_core/release_light\libblelib.a(lld_evt.o)
                0x001043a8                lld_evt_rx
 .text.lld_evt_end_isr
                0x001043e8       0x38 C:\Program Files (x86)\ON Semiconductor\RSL10 EDK_1.4\eclipse\../lib/ble_core/release_light\libblelib.a(lld_evt.o)
                0x001043e8                lld_evt_end_isr
 .text.lld_evt_rx_isr
                0x00104420       0x10 C:\Program Files (x86)\ON Semiconductor\RSL10 EDK_1.4\eclipse\../lib/ble_core/release_light\libblelib.a(lld_evt.o)
                0x00104420                lld_evt_rx_isr
 .text.BLE_LLD_Sleep_Params_Set
                0x00104430        0xc C:\Program Files (x86)\ON Semiconductor\RSL10 EDK_1.4\eclipse\../lib/ble_core/release_light\libblelib.a(lld_sleep.o)
                0x00104430                BLE_LLD_Sleep_Params_Set
 .text.BLE_Is_Awake_Flag_Set
                0x0010443c        0xc C:\Program Files (x86)\ON Semiconductor\RSL10 EDK_1.4\eclipse\../lib/ble_core/release_light\libblelib.a(lld_sleep.o)
                0x0010443c                BLE_Is_Awake_Flag_Set
 .text.BLE_Is_Awake
                0x00104448        0xc C:\Program Files (x86)\ON Semiconductor\RSL10 EDK_1.4\eclipse\../lib/ble_core/release_light\libblelib.a(lld_sleep.o)
                0x00104448                BLE_Is_Awake
 .text.lld_sleep_init
                0x00104454       0x3c C:\Program Files (x86)\ON Semiconductor\RSL10 EDK_1.4\eclipse\../lib/ble_core/release_light\libblelib.a(lld_sleep.o)
                0x00104454                lld_sleep_init
 .text.lld_power_mode_enter
                0x00104490       0x80 C:\Program Files (x86)\ON Semiconductor\RSL10 EDK_1.4\eclipse\../lib/ble_core/release_light\libblelib.a(lld_sleep.o)
                0x00104490                lld_power_mode_enter
 .text.lld_sleep_wakeup
                0x00104510       0x80 C:\Program Files (x86)\ON Semiconductor\RSL10 EDK_1.4\eclipse\../lib/ble_core/release_light\libblelib.a(lld_sleep.o)
                0x00104510                lld_sleep_wakeup
 .text.lld_sleep_wakeup_end
                0x00104590       0x1c C:\Program Files (x86)\ON Semiconductor\RSL10 EDK_1.4\eclipse\../lib/ble_core/release_light\libblelib.a(lld_sleep.o)
                0x00104590                lld_sleep_wakeup_end
 .text.hci_evt_mask_set.part.0
                0x001045ac       0x30 C:\Program Files (x86)\ON Semiconductor\RSL10 EDK_1.4\eclipse\../lib/ble_core/release_light\libblelib.a(hci.o)
 .text.hci_init
                0x001045dc       0x24 C:\Program Files (x86)\ON Semiconductor\RSL10 EDK_1.4\eclipse\../lib/ble_core/release_light\libblelib.a(hci.o)
                0x001045dc                hci_init
 .text.hci_reset
                0x00104600       0x24 C:\Program Files (x86)\ON Semiconductor\RSL10 EDK_1.4\eclipse\../lib/ble_core/release_light\libblelib.a(hci.o)
                0x00104600                hci_reset
 .text.hci_send_2_host
                0x00104624       0xdc C:\Program Files (x86)\ON Semiconductor\RSL10 EDK_1.4\eclipse\../lib/ble_core/release_light\libblelib.a(hci.o)
                0x00104624                hci_send_2_host
 .text.hci_send_2_controller
                0x00104700       0x66 C:\Program Files (x86)\ON Semiconductor\RSL10 EDK_1.4\eclipse\../lib/ble_core/release_light\libblelib.a(hci.o)
                0x00104700                hci_send_2_controller
 *fill*         0x00104766        0x2 
 .text.hci_evt_mask_set
                0x00104768       0x24 C:\Program Files (x86)\ON Semiconductor\RSL10 EDK_1.4\eclipse\../lib/ble_core/release_light\libblelib.a(hci.o)
                0x00104768                hci_evt_mask_set
 .text.hci_fc_init
                0x0010478c       0x10 C:\Program Files (x86)\ON Semiconductor\RSL10 EDK_1.4\eclipse\../lib/ble_core/release_light\libblelib.a(hci_fc.o)
                0x0010478c                hci_fc_init
 .text.hci_fc_acl_buf_size_set
                0x0010479c       0x20 C:\Program Files (x86)\ON Semiconductor\RSL10 EDK_1.4\eclipse\../lib/ble_core/release_light\libblelib.a(hci_fc.o)
                0x0010479c                hci_fc_acl_buf_size_set
 .text.hci_fc_acl_en
                0x001047bc       0x1c C:\Program Files (x86)\ON Semiconductor\RSL10 EDK_1.4\eclipse\../lib/ble_core/release_light\libblelib.a(hci_fc.o)
                0x001047bc                hci_fc_acl_en
 .text.hci_fc_host_nb_acl_pkts_complete
                0x001047d8       0x14 C:\Program Files (x86)\ON Semiconductor\RSL10 EDK_1.4\eclipse\../lib/ble_core/release_light\libblelib.a(hci_fc.o)
                0x001047d8                hci_fc_host_nb_acl_pkts_complete
 .text.hci_look_for_cmd_desc
                0x001047ec       0x48 C:\Program Files (x86)\ON Semiconductor\RSL10 EDK_1.4\eclipse\../lib/ble_core/release_light\libblelib.a(hci_msg.o)
                0x001047ec                hci_look_for_cmd_desc
 .text.hci_look_for_evt_desc
                0x00104834       0x24 C:\Program Files (x86)\ON Semiconductor\RSL10 EDK_1.4\eclipse\../lib/ble_core/release_light\libblelib.a(hci_msg.o)
                0x00104834                hci_look_for_evt_desc
 .text.hci_look_for_le_evt_desc
                0x00104858       0x24 C:\Program Files (x86)\ON Semiconductor\RSL10 EDK_1.4\eclipse\../lib/ble_core/release_light\libblelib.a(hci_msg.o)
                0x00104858                hci_look_for_le_evt_desc
 .text.llm_wlpub_addr_set
                0x0010487c       0x24 C:\Program Files (x86)\ON Semiconductor\RSL10 EDK_1.4\eclipse\../lib/ble_core/release_light\libblelib.a(llm.o)
 .text.llm_wlpriv_addr_set
                0x001048a0       0x24 C:\Program Files (x86)\ON Semiconductor\RSL10 EDK_1.4\eclipse\../lib/ble_core/release_light\libblelib.a(llm.o)
 .text.llm_con_req_ind
                0x001048c4      0x174 C:\Program Files (x86)\ON Semiconductor\RSL10 EDK_1.4\eclipse\../lib/ble_core/release_light\libblelib.a(llm.o)
                0x001048c4                llm_con_req_ind
 .text.llm_le_adv_report_ind
                0x00104a38      0x2e8 C:\Program Files (x86)\ON Semiconductor\RSL10 EDK_1.4\eclipse\../lib/ble_core/release_light\libblelib.a(llm.o)
                0x00104a38                llm_le_adv_report_ind
 .text.llm_con_req_tx_cfm
                0x00104d20      0x130 C:\Program Files (x86)\ON Semiconductor\RSL10 EDK_1.4\eclipse\../lib/ble_core/release_light\libblelib.a(llm.o)
                0x00104d20                llm_con_req_tx_cfm
 .text.llm_common_cmd_complete_send
                0x00104e50       0x1c C:\Program Files (x86)\ON Semiconductor\RSL10 EDK_1.4\eclipse\../lib/ble_core/release_light\libblelib.a(llm.o)
                0x00104e50                llm_common_cmd_complete_send
 .text.llm_ble_ready
                0x00104e6c        0x8 C:\Program Files (x86)\ON Semiconductor\RSL10 EDK_1.4\eclipse\../lib/ble_core/release_light\libblelib.a(llm.o)
                0x00104e6c                llm_ble_ready
 .text.llm_common_cmd_status_send
                0x00104e74       0x1c C:\Program Files (x86)\ON Semiconductor\RSL10 EDK_1.4\eclipse\../lib/ble_core/release_light\libblelib.a(llm.o)
                0x00104e74                llm_common_cmd_status_send
 .text.llm_test_mode_start_tx
                0x00104e90      0x1b0 C:\Program Files (x86)\ON Semiconductor\RSL10 EDK_1.4\eclipse\../lib/ble_core/release_light\libblelib.a(llm.o)
                0x00104e90                llm_test_mode_start_tx
 .text.llm_test_mode_start_rx
                0x00105040       0xb4 C:\Program Files (x86)\ON Semiconductor\RSL10 EDK_1.4\eclipse\../lib/ble_core/release_light\libblelib.a(llm.o)
                0x00105040                llm_test_mode_start_rx
 .text.llm_set_adv_param
                0x001050f4      0x16c C:\Program Files (x86)\ON Semiconductor\RSL10 EDK_1.4\eclipse\../lib/ble_core/release_light\libblelib.a(llm.o)
                0x001050f4                llm_set_adv_param
 .text.llm_set_adv_data
                0x00105260       0xa0 C:\Program Files (x86)\ON Semiconductor\RSL10 EDK_1.4\eclipse\../lib/ble_core/release_light\libblelib.a(llm.o)
                0x00105260                llm_set_adv_data
 .text.llm_set_scan_rsp_data
                0x00105300       0xa0 C:\Program Files (x86)\ON Semiconductor\RSL10 EDK_1.4\eclipse\../lib/ble_core/release_light\libblelib.a(llm.o)
                0x00105300                llm_set_scan_rsp_data
 .text.llm_set_scan_param
                0x001053a0       0x90 C:\Program Files (x86)\ON Semiconductor\RSL10 EDK_1.4\eclipse\../lib/ble_core/release_light\libblelib.a(llm.o)
                0x001053a0                llm_set_scan_param
 .text.llm_wl_clr
                0x00105430       0x78 C:\Program Files (x86)\ON Semiconductor\RSL10 EDK_1.4\eclipse\../lib/ble_core/release_light\libblelib.a(llm.o)
                0x00105430                llm_wl_clr
 .text.llm_wl_dev_add
                0x001054a8       0x38 C:\Program Files (x86)\ON Semiconductor\RSL10 EDK_1.4\eclipse\../lib/ble_core/release_light\libblelib.a(llm.o)
                0x001054a8                llm_wl_dev_add
 .text.llm_wl_dev_rem
                0x001054e0       0x34 C:\Program Files (x86)\ON Semiconductor\RSL10 EDK_1.4\eclipse\../lib/ble_core/release_light\libblelib.a(llm.o)
                0x001054e0                llm_wl_dev_rem
 .text.llm_wl_dev_add_hdl
                0x00105514       0x7c C:\Program Files (x86)\ON Semiconductor\RSL10 EDK_1.4\eclipse\../lib/ble_core/release_light\libblelib.a(llm.o)
                0x00105514                llm_wl_dev_add_hdl
 .text.llm_wl_dev_rem_hdl
                0x00105590       0x78 C:\Program Files (x86)\ON Semiconductor\RSL10 EDK_1.4\eclipse\../lib/ble_core/release_light\libblelib.a(llm.o)
                0x00105590                llm_wl_dev_rem_hdl
 .text.llm_encryption_start
                0x00105608       0xbc C:\Program Files (x86)\ON Semiconductor\RSL10 EDK_1.4\eclipse\../lib/ble_core/release_light\libblelib.a(llm.o)
                0x00105608                llm_encryption_start
 .text.llm_encryption_done
                0x001056c4       0xb0 C:\Program Files (x86)\ON Semiconductor\RSL10 EDK_1.4\eclipse\../lib/ble_core/release_light\libblelib.a(llm.o)
                0x001056c4                llm_encryption_done
 .text.llm_ral_clear
                0x00105774       0x24 C:\Program Files (x86)\ON Semiconductor\RSL10 EDK_1.4\eclipse\../lib/ble_core/release_light\libblelib.a(llm.o)
                0x00105774                llm_ral_clear
 .text.llm_init
                0x00105798      0x170 C:\Program Files (x86)\ON Semiconductor\RSL10 EDK_1.4\eclipse\../lib/ble_core/release_light\libblelib.a(llm.o)
                0x00105798                llm_init
 .text.llm_ral_dev_add
                0x00105908      0x138 C:\Program Files (x86)\ON Semiconductor\RSL10 EDK_1.4\eclipse\../lib/ble_core/release_light\libblelib.a(llm.o)
                0x00105908                llm_ral_dev_add
 .text.llm_ral_dev_rm
                0x00105a40       0x3c C:\Program Files (x86)\ON Semiconductor\RSL10 EDK_1.4\eclipse\../lib/ble_core/release_light\libblelib.a(llm.o)
                0x00105a40                llm_ral_dev_rm
 .text.llm_ral_get_rpa
                0x00105a7c       0x74 C:\Program Files (x86)\ON Semiconductor\RSL10 EDK_1.4\eclipse\../lib/ble_core/release_light\libblelib.a(llm.o)
                0x00105a7c                llm_ral_get_rpa
 .text.llm_ral_set_timeout
                0x00105af0       0x4c C:\Program Files (x86)\ON Semiconductor\RSL10 EDK_1.4\eclipse\../lib/ble_core/release_light\libblelib.a(llm.o)
                0x00105af0                llm_ral_set_timeout
 .text.llm_ral_update
                0x00105b3c       0x34 C:\Program Files (x86)\ON Semiconductor\RSL10 EDK_1.4\eclipse\../lib/ble_core/release_light\libblelib.a(llm.o)
                0x00105b3c                llm_ral_update
 .text.llm_set_adv_en
                0x00105b70      0x118 C:\Program Files (x86)\ON Semiconductor\RSL10 EDK_1.4\eclipse\../lib/ble_core/release_light\libblelib.a(llm.o)
                0x00105b70                llm_set_adv_en
 .text.llm_set_scan_en
                0x00105c88       0xa4 C:\Program Files (x86)\ON Semiconductor\RSL10 EDK_1.4\eclipse\../lib/ble_core/release_light\libblelib.a(llm.o)
                0x00105c88                llm_set_scan_en
 .text.llm_create_con
                0x00105d2c      0x138 C:\Program Files (x86)\ON Semiconductor\RSL10 EDK_1.4\eclipse\../lib/ble_core/release_light\libblelib.a(llm.o)
                0x00105d2c                llm_create_con
 .text.llm_dft_handler
                0x00105e64        0x4 C:\Program Files (x86)\ON Semiconductor\RSL10 EDK_1.4\eclipse\../lib/ble_core/release_light\libblelib.a(llm_task.o)
 .text.llm_le_set_host_ch_class_cmd_sto_handler
                0x00105e68        0x4 C:\Program Files (x86)\ON Semiconductor\RSL10 EDK_1.4\eclipse\../lib/ble_core/release_light\libblelib.a(llm_task.o)
 .text.llm_ecc_result_ind_handler
                0x00105e6c       0x9c C:\Program Files (x86)\ON Semiconductor\RSL10 EDK_1.4\eclipse\../lib/ble_core/release_light\libblelib.a(llm_task.o)
 .text.llm_enc_req_handler
                0x00105f08       0x24 C:\Program Files (x86)\ON Semiconductor\RSL10 EDK_1.4\eclipse\../lib/ble_core/release_light\libblelib.a(llm_task.o)
 .text.llm_le_enh_priv_addr_renew_timer_handler
                0x00105f2c       0x4c C:\Program Files (x86)\ON Semiconductor\RSL10 EDK_1.4\eclipse\../lib/ble_core/release_light\libblelib.a(llm_task.o)
 .text.lld_stop_ind_handler
                0x00105f78       0x58 C:\Program Files (x86)\ON Semiconductor\RSL10 EDK_1.4\eclipse\../lib/ble_core/release_light\libblelib.a(llm_task.o)
 .text.llm_util_bd_addr_wl_position
                0x00105fd0       0x68 C:\Program Files (x86)\ON Semiconductor\RSL10 EDK_1.4\eclipse\../lib/ble_core/release_light\libblelib.a(llm_util.o)
                0x00105fd0                llm_util_bd_addr_wl_position
 .text.llm_util_check_address_validity
                0x00106038       0x18 C:\Program Files (x86)\ON Semiconductor\RSL10 EDK_1.4\eclipse\../lib/ble_core/release_light\libblelib.a(llm_util.o)
                0x00106038                llm_util_check_address_validity
 .text.llm_util_check_map_validity
                0x00106050       0x4c C:\Program Files (x86)\ON Semiconductor\RSL10 EDK_1.4\eclipse\../lib/ble_core/release_light\libblelib.a(llm_util.o)
                0x00106050                llm_util_check_map_validity
 .text.llm_util_apply_bd_addr
                0x0010609c       0x20 C:\Program Files (x86)\ON Semiconductor\RSL10 EDK_1.4\eclipse\../lib/ble_core/release_light\libblelib.a(llm_util.o)
                0x0010609c                llm_util_apply_bd_addr
 .text.llm_util_check_evt_mask
                0x001060bc       0x1c C:\Program Files (x86)\ON Semiconductor\RSL10 EDK_1.4\eclipse\../lib/ble_core/release_light\libblelib.a(llm_util.o)
                0x001060bc                llm_util_check_evt_mask
 .text.llm_util_get_channel_map
                0x001060d8       0x10 C:\Program Files (x86)\ON Semiconductor\RSL10 EDK_1.4\eclipse\../lib/ble_core/release_light\libblelib.a(llm_util.o)
                0x001060d8                llm_util_get_channel_map
 .text.llm_util_get_supp_features
                0x001060e8       0x10 C:\Program Files (x86)\ON Semiconductor\RSL10 EDK_1.4\eclipse\../lib/ble_core/release_light\libblelib.a(llm_util.o)
                0x001060e8                llm_util_get_supp_features
 .text.llm_util_adv_data_update
                0x001060f8       0x40 C:\Program Files (x86)\ON Semiconductor\RSL10 EDK_1.4\eclipse\../lib/ble_core/release_light\libblelib.a(llm_util.o)
                0x001060f8                llm_util_adv_data_update
 .text.llm_util_bl_check
                0x00106138       0x6c C:\Program Files (x86)\ON Semiconductor\RSL10 EDK_1.4\eclipse\../lib/ble_core/release_light\libblelib.a(llm_util.o)
                0x00106138                llm_util_bl_check
 .text.llm_util_bd_addr_in_wl
                0x001061a4       0x4e C:\Program Files (x86)\ON Semiconductor\RSL10 EDK_1.4\eclipse\../lib/ble_core/release_light\libblelib.a(llm_util.o)
                0x001061a4                llm_util_bd_addr_in_wl
 *fill*         0x001061f2        0x2 
 .text.llm_util_bd_addr_in_ral
                0x001061f4       0x68 C:\Program Files (x86)\ON Semiconductor\RSL10 EDK_1.4\eclipse\../lib/ble_core/release_light\libblelib.a(llm_util.o)
                0x001061f4                llm_util_bd_addr_in_ral
 .text.llm_util_bl_add
                0x0010625c       0x8c C:\Program Files (x86)\ON Semiconductor\RSL10 EDK_1.4\eclipse\../lib/ble_core/release_light\libblelib.a(llm_util.o)
                0x0010625c                llm_util_bl_add
 .text.llm_util_bl_rem
                0x001062e8       0x6c C:\Program Files (x86)\ON Semiconductor\RSL10 EDK_1.4\eclipse\../lib/ble_core/release_light\libblelib.a(llm_util.o)
                0x001062e8                llm_util_bl_rem
 .text.llm_end_evt_defer
                0x00106354       0xb8 C:\Program Files (x86)\ON Semiconductor\RSL10 EDK_1.4\eclipse\../lib/ble_core/release_light\libblelib.a(llm_util.o)
                0x00106354                llm_end_evt_defer
 .text.llm_pdu_defer
                0x0010640c       0x84 C:\Program Files (x86)\ON Semiconductor\RSL10 EDK_1.4\eclipse\../lib/ble_core/release_light\libblelib.a(llm_util.o)
                0x0010640c                llm_pdu_defer
 .text.lld_init
                0x00106490      0x1e4 C:\Program Files (x86)\ON Semiconductor\RSL10 EDK_1.4\eclipse\../lib/ble_core/release_light\libblelib.a(lld.o)
                0x00106490                lld_init
 .text.lld_core_reset
                0x00106674       0x58 C:\Program Files (x86)\ON Semiconductor\RSL10 EDK_1.4\eclipse\../lib/ble_core/release_light\libblelib.a(lld.o)
                0x00106674                lld_core_reset
 .text.lld_adv_start
                0x001066cc      0x228 C:\Program Files (x86)\ON Semiconductor\RSL10 EDK_1.4\eclipse\../lib/ble_core/release_light\libblelib.a(lld.o)
                0x001066cc                lld_adv_start
 .text.lld_adv_stop
                0x001068f4       0x2c C:\Program Files (x86)\ON Semiconductor\RSL10 EDK_1.4\eclipse\../lib/ble_core/release_light\libblelib.a(lld.o)
                0x001068f4                lld_adv_stop
 .text.lld_scan_start
                0x00106920      0x1b8 C:\Program Files (x86)\ON Semiconductor\RSL10 EDK_1.4\eclipse\../lib/ble_core/release_light\libblelib.a(lld.o)
                0x00106920                lld_scan_start
 .text.lld_scan_stop
                0x00106ad8       0x2c C:\Program Files (x86)\ON Semiconductor\RSL10 EDK_1.4\eclipse\../lib/ble_core/release_light\libblelib.a(lld.o)
                0x00106ad8                lld_scan_stop
 .text.lld_con_start
                0x00106b04      0x600 C:\Program Files (x86)\ON Semiconductor\RSL10 EDK_1.4\eclipse\../lib/ble_core/release_light\libblelib.a(lld.o)
                0x00106b04                lld_con_start
 .text.lld_move_to_master
                0x00107104       0xc8 C:\Program Files (x86)\ON Semiconductor\RSL10 EDK_1.4\eclipse\../lib/ble_core/release_light\libblelib.a(lld.o)
                0x00107104                lld_move_to_master
 .text.lld_con_update_req
                0x001071cc       0x5a C:\Program Files (x86)\ON Semiconductor\RSL10 EDK_1.4\eclipse\../lib/ble_core/release_light\libblelib.a(lld.o)
                0x001071cc                lld_con_update_req
 *fill*         0x00107226        0x2 
 .text.lld_con_update_after_param_req
                0x00107228      0x22c C:\Program Files (x86)\ON Semiconductor\RSL10 EDK_1.4\eclipse\../lib/ble_core/release_light\libblelib.a(lld.o)
                0x00107228                lld_con_update_after_param_req
 .text.lld_con_param_rsp
                0x00107454       0xec C:\Program Files (x86)\ON Semiconductor\RSL10 EDK_1.4\eclipse\../lib/ble_core/release_light\libblelib.a(lld.o)
                0x00107454                lld_con_param_rsp
 .text.lld_con_param_req
                0x00107540       0xc0 C:\Program Files (x86)\ON Semiconductor\RSL10 EDK_1.4\eclipse\../lib/ble_core/release_light\libblelib.a(lld.o)
                0x00107540                lld_con_param_req
 .text.lld_con_stop
                0x00107600        0x8 C:\Program Files (x86)\ON Semiconductor\RSL10 EDK_1.4\eclipse\../lib/ble_core/release_light\libblelib.a(lld.o)
                0x00107600                lld_con_stop
 .text.lld_get_mode
                0x00107608       0x28 C:\Program Files (x86)\ON Semiconductor\RSL10 EDK_1.4\eclipse\../lib/ble_core/release_light\libblelib.a(lld.o)
                0x00107608                lld_get_mode
 .text.lld_move_to_slave
                0x00107630      0x1b0 C:\Program Files (x86)\ON Semiconductor\RSL10 EDK_1.4\eclipse\../lib/ble_core/release_light\libblelib.a(lld.o)
                0x00107630                lld_move_to_slave
 .text.lld_ch_map_ind
                0x001077e0       0x46 C:\Program Files (x86)\ON Semiconductor\RSL10 EDK_1.4\eclipse\../lib/ble_core/release_light\libblelib.a(lld.o)
                0x001077e0                lld_ch_map_ind
 .text.lld_con_update_ind
                0x00107826        0xa C:\Program Files (x86)\ON Semiconductor\RSL10 EDK_1.4\eclipse\../lib/ble_core/release_light\libblelib.a(lld.o)
                0x00107826                lld_con_update_ind
 .text.lld_crypt_isr
                0x00107830        0x6 C:\Program Files (x86)\ON Semiconductor\RSL10 EDK_1.4\eclipse\../lib/ble_core/release_light\libblelib.a(lld.o)
                0x00107830                lld_crypt_isr
 *fill*         0x00107836        0x2 
 .text.lld_test_mode_tx
                0x00107838       0xe0 C:\Program Files (x86)\ON Semiconductor\RSL10 EDK_1.4\eclipse\../lib/ble_core/release_light\libblelib.a(lld.o)
                0x00107838                lld_test_mode_tx
 .text.lld_test_mode_rx
                0x00107918       0xd8 C:\Program Files (x86)\ON Semiconductor\RSL10 EDK_1.4\eclipse\../lib/ble_core/release_light\libblelib.a(lld.o)
                0x00107918                lld_test_mode_rx
 .text.lld_test_stop
                0x001079f0       0x4c C:\Program Files (x86)\ON Semiconductor\RSL10 EDK_1.4\eclipse\../lib/ble_core/release_light\libblelib.a(lld.o)
                0x001079f0                lld_test_stop
 .text.lld_ral_renew_req
                0x00107a3c       0x14 C:\Program Files (x86)\ON Semiconductor\RSL10 EDK_1.4\eclipse\../lib/ble_core/release_light\libblelib.a(lld.o)
                0x00107a3c                lld_ral_renew_req
 .text.lld_pdu_llcp_con_param_req_unpk
                0x00107a50      0x128 C:\Program Files (x86)\ON Semiconductor\RSL10 EDK_1.4\eclipse\../lib/ble_core/release_light\libblelib.a(lld_pdu.o)
 .text.lld_pdu_llcp_con_param_rsp_unpk
                0x00107b78      0x128 C:\Program Files (x86)\ON Semiconductor\RSL10 EDK_1.4\eclipse\../lib/ble_core/release_light\libblelib.a(lld_pdu.o)
 .text.lld_pdu_llcp_length_req_unpk
                0x00107ca0       0x62 C:\Program Files (x86)\ON Semiconductor\RSL10 EDK_1.4\eclipse\../lib/ble_core/release_light\libblelib.a(lld_pdu.o)
 .text.lld_pdu_llcp_length_rsp_unpk
                0x00107d02       0x62 C:\Program Files (x86)\ON Semiconductor\RSL10 EDK_1.4\eclipse\../lib/ble_core/release_light\libblelib.a(lld_pdu.o)
 .text.lld_pdu_pack
                0x00107d64       0xd8 C:\Program Files (x86)\ON Semiconductor\RSL10 EDK_1.4\eclipse\../lib/ble_core/release_light\libblelib.a(lld_pdu.o)
 .text.lld_pdu_tx_flush_list
                0x00107e3c       0x3a C:\Program Files (x86)\ON Semiconductor\RSL10 EDK_1.4\eclipse\../lib/ble_core/release_light\libblelib.a(lld_pdu.o)
 .text.lld_pdu_cntl_aligned_unpk
                0x00107e76       0x1e C:\Program Files (x86)\ON Semiconductor\RSL10 EDK_1.4\eclipse\../lib/ble_core/release_light\libblelib.a(lld_pdu.o)
 .text.lld_pdu_check
                0x00107e94      0x13c C:\Program Files (x86)\ON Semiconductor\RSL10 EDK_1.4\eclipse\../lib/ble_core/release_light\libblelib.a(lld_pdu.o)
                0x00107e94                lld_pdu_check
 .text.lld_pdu_tx_loop
                0x00107fd0       0x2c C:\Program Files (x86)\ON Semiconductor\RSL10 EDK_1.4\eclipse\../lib/ble_core/release_light\libblelib.a(lld_pdu.o)
                0x00107fd0                lld_pdu_tx_loop
 .text.lld_pdu_data_tx_push
                0x00107ffc       0x84 C:\Program Files (x86)\ON Semiconductor\RSL10 EDK_1.4\eclipse\../lib/ble_core/release_light\libblelib.a(lld_pdu.o)
                0x00107ffc                lld_pdu_data_tx_push
 .text.lld_pdu_data_send
                0x00108080       0x44 C:\Program Files (x86)\ON Semiconductor\RSL10 EDK_1.4\eclipse\../lib/ble_core/release_light\libblelib.a(lld_pdu.o)
                0x00108080                lld_pdu_data_send
 .text.lld_pdu_tx_push
                0x001080c4       0x3c C:\Program Files (x86)\ON Semiconductor\RSL10 EDK_1.4\eclipse\../lib/ble_core/release_light\libblelib.a(lld_pdu.o)
                0x001080c4                lld_pdu_tx_push
 .text.lld_pdu_tx_prog
                0x00108100      0x350 C:\Program Files (x86)\ON Semiconductor\RSL10 EDK_1.4\eclipse\../lib/ble_core/release_light\libblelib.a(lld_pdu.o)
                0x00108100                lld_pdu_tx_prog
 .text.lld_pdu_tx_flush
                0x00108450       0x5a C:\Program Files (x86)\ON Semiconductor\RSL10 EDK_1.4\eclipse\../lib/ble_core/release_light\libblelib.a(lld_pdu.o)
                0x00108450                lld_pdu_tx_flush
 *fill*         0x001084aa        0x2 
 .text.lld_pdu_adv_pack
                0x001084ac       0x24 C:\Program Files (x86)\ON Semiconductor\RSL10 EDK_1.4\eclipse\../lib/ble_core/release_light\libblelib.a(lld_pdu.o)
                0x001084ac                lld_pdu_adv_pack
 .text.lld_pdu_rx_handler
                0x001084d0      0x2b0 C:\Program Files (x86)\ON Semiconductor\RSL10 EDK_1.4\eclipse\../lib/ble_core/release_light\libblelib.a(lld_pdu.o)
                0x001084d0                lld_pdu_rx_handler
 .text.lld_util_set_bd_address
                0x00108780       0x44 C:\Program Files (x86)\ON Semiconductor\RSL10 EDK_1.4\eclipse\../lib/ble_core/release_light\libblelib.a(lld_util.o)
                0x00108780                lld_util_set_bd_address
 .text.lld_util_ral_force_rpa_renew
                0x001087c4       0x48 C:\Program Files (x86)\ON Semiconductor\RSL10 EDK_1.4\eclipse\../lib/ble_core/release_light\libblelib.a(lld_util.o)
                0x001087c4                lld_util_ral_force_rpa_renew
 .text.lld_util_freq2chnl
                0x0010880c       0x20 C:\Program Files (x86)\ON Semiconductor\RSL10 EDK_1.4\eclipse\../lib/ble_core/release_light\libblelib.a(lld_util.o)
                0x0010880c                lld_util_freq2chnl
 .text.lld_util_get_local_offset
                0x0010882c       0x18 C:\Program Files (x86)\ON Semiconductor\RSL10 EDK_1.4\eclipse\../lib/ble_core/release_light\libblelib.a(lld_util.o)
                0x0010882c                lld_util_get_local_offset
 .text.lld_util_get_peer_offset
                0x00108844       0x1a C:\Program Files (x86)\ON Semiconductor\RSL10 EDK_1.4\eclipse\../lib/ble_core/release_light\libblelib.a(lld_util.o)
                0x00108844                lld_util_get_peer_offset
 .text.lld_util_connection_param_set
                0x0010885e       0x42 C:\Program Files (x86)\ON Semiconductor\RSL10 EDK_1.4\eclipse\../lib/ble_core/release_light\libblelib.a(lld_util.o)
                0x0010885e                lld_util_connection_param_set
 .text.lld_util_dle_set_cs_fields
                0x001088a0       0x24 C:\Program Files (x86)\ON Semiconductor\RSL10 EDK_1.4\eclipse\../lib/ble_core/release_light\libblelib.a(lld_util.o)
                0x001088a0                lld_util_dle_set_cs_fields
 .text.lld_util_anchor_point_move
                0x001088c4       0xe8 C:\Program Files (x86)\ON Semiconductor\RSL10 EDK_1.4\eclipse\../lib/ble_core/release_light\libblelib.a(lld_util.o)
                0x001088c4                lld_util_anchor_point_move
 .text.lld_util_flush_list
                0x001089ac       0x14 C:\Program Files (x86)\ON Semiconductor\RSL10 EDK_1.4\eclipse\../lib/ble_core/release_light\libblelib.a(lld_util.o)
                0x001089ac                lld_util_flush_list
 .text.lld_util_instant_ongoing
                0x001089c0        0xc C:\Program Files (x86)\ON Semiconductor\RSL10 EDK_1.4\eclipse\../lib/ble_core/release_light\libblelib.a(lld_util.o)
                0x001089c0                lld_util_instant_ongoing
 .text.lld_util_compute_ce_max
                0x001089cc       0xb0 C:\Program Files (x86)\ON Semiconductor\RSL10 EDK_1.4\eclipse\../lib/ble_core/release_light\libblelib.a(lld_util.o)
                0x001089cc                lld_util_compute_ce_max
 .text.lld_util_priority_set
                0x00108a7c       0x48 C:\Program Files (x86)\ON Semiconductor\RSL10 EDK_1.4\eclipse\../lib/ble_core/release_light\libblelib.a(lld_util.o)
                0x00108a7c                lld_util_priority_set
 .text.lld_util_get_tx_pkt_cnt
                0x00108ac4        0x6 C:\Program Files (x86)\ON Semiconductor\RSL10 EDK_1.4\eclipse\../lib/ble_core/release_light\libblelib.a(lld_util.o)
                0x00108ac4                lld_util_get_tx_pkt_cnt
 .text.lld_util_eff_tx_time_set
                0x00108aca        0xa C:\Program Files (x86)\ON Semiconductor\RSL10 EDK_1.4\eclipse\../lib/ble_core/release_light\libblelib.a(lld_util.o)
                0x00108aca                lld_util_eff_tx_time_set
 .text.llc_init
                0x00108ad4       0x24 C:\Program Files (x86)\ON Semiconductor\RSL10 EDK_1.4\eclipse\../lib/ble_core/release_light\libblelib.a(llc.o)
                0x00108ad4                llc_init
 .text.llc_stop
                0x00108af8       0x54 C:\Program Files (x86)\ON Semiconductor\RSL10 EDK_1.4\eclipse\../lib/ble_core/release_light\libblelib.a(llc.o)
                0x00108af8                llc_stop
 .text.llc_reset
                0x00108b4c       0x18 C:\Program Files (x86)\ON Semiconductor\RSL10 EDK_1.4\eclipse\../lib/ble_core/release_light\libblelib.a(llc.o)
                0x00108b4c                llc_reset
 .text.llc_discon_event_complete_send
                0x00108b64       0x24 C:\Program Files (x86)\ON Semiconductor\RSL10 EDK_1.4\eclipse\../lib/ble_core/release_light\libblelib.a(llc.o)
                0x00108b64                llc_discon_event_complete_send
 .text.llc_le_con_cmp_evt_send
                0x00108b88      0x240 C:\Program Files (x86)\ON Semiconductor\RSL10 EDK_1.4\eclipse\../lib/ble_core/release_light\libblelib.a(llc.o)
                0x00108b88                llc_le_con_cmp_evt_send
 .text.llc_start
                0x00108dc8       0xfc C:\Program Files (x86)\ON Semiconductor\RSL10 EDK_1.4\eclipse\../lib/ble_core/release_light\libblelib.a(llc.o)
                0x00108dc8                llc_start
 .text.llc_con_update_complete_send
                0x00108ec4       0x5c C:\Program Files (x86)\ON Semiconductor\RSL10 EDK_1.4\eclipse\../lib/ble_core/release_light\libblelib.a(llc.o)
                0x00108ec4                llc_con_update_complete_send
 .text.llc_ltk_req_send
                0x00108f20       0x36 C:\Program Files (x86)\ON Semiconductor\RSL10 EDK_1.4\eclipse\../lib/ble_core/release_light\libblelib.a(llc.o)
                0x00108f20                llc_ltk_req_send
 .text.llc_feats_rd_event_send
                0x00108f56       0x38 C:\Program Files (x86)\ON Semiconductor\RSL10 EDK_1.4\eclipse\../lib/ble_core/release_light\libblelib.a(llc.o)
                0x00108f56                llc_feats_rd_event_send
 *fill*         0x00108f8e        0x2 
 .text.llc_version_rd_event_send
                0x00108f90       0x34 C:\Program Files (x86)\ON Semiconductor\RSL10 EDK_1.4\eclipse\../lib/ble_core/release_light\libblelib.a(llc.o)
                0x00108f90                llc_version_rd_event_send
 .text.llc_common_cmd_complete_send
                0x00108fc4       0x22 C:\Program Files (x86)\ON Semiconductor\RSL10 EDK_1.4\eclipse\../lib/ble_core/release_light\libblelib.a(llc.o)
                0x00108fc4                llc_common_cmd_complete_send
 .text.llc_common_cmd_status_send
                0x00108fe6       0x1e C:\Program Files (x86)\ON Semiconductor\RSL10 EDK_1.4\eclipse\../lib/ble_core/release_light\libblelib.a(llc.o)
                0x00108fe6                llc_common_cmd_status_send
 .text.llc_common_flush_occurred_send
                0x00109004       0x1c C:\Program Files (x86)\ON Semiconductor\RSL10 EDK_1.4\eclipse\../lib/ble_core/release_light\libblelib.a(llc.o)
                0x00109004                llc_common_flush_occurred_send
 .text.llc_common_enc_key_ref_comp_evt_send
                0x00109020       0x20 C:\Program Files (x86)\ON Semiconductor\RSL10 EDK_1.4\eclipse\../lib/ble_core/release_light\libblelib.a(llc.o)
                0x00109020                llc_common_enc_key_ref_comp_evt_send
 .text.llc_common_enc_change_evt_send
                0x00109040       0x74 C:\Program Files (x86)\ON Semiconductor\RSL10 EDK_1.4\eclipse\../lib/ble_core/release_light\libblelib.a(llc.o)
                0x00109040                llc_common_enc_change_evt_send
 .text.llc_common_nb_of_pkt_comp_evt_send
                0x001090b4       0x24 C:\Program Files (x86)\ON Semiconductor\RSL10 EDK_1.4\eclipse\../lib/ble_core/release_light\libblelib.a(llc.o)
                0x001090b4                llc_common_nb_of_pkt_comp_evt_send
 .text.llc_con_update_ind
                0x001090d8       0x3c C:\Program Files (x86)\ON Semiconductor\RSL10 EDK_1.4\eclipse\../lib/ble_core/release_light\libblelib.a(llc.o)
                0x001090d8                llc_con_update_ind
 .text.llc_lsto_con_update
                0x00109114       0x38 C:\Program Files (x86)\ON Semiconductor\RSL10 EDK_1.4\eclipse\../lib/ble_core/release_light\libblelib.a(llc.o)
                0x00109114                llc_lsto_con_update
 .text.llc_map_update_ind
                0x0010914c       0x6c C:\Program Files (x86)\ON Semiconductor\RSL10 EDK_1.4\eclipse\../lib/ble_core/release_light\libblelib.a(llc.o)
                0x0010914c                llc_map_update_ind
 .text.llc_con_update_finished
                0x001091b8       0x7c C:\Program Files (x86)\ON Semiconductor\RSL10 EDK_1.4\eclipse\../lib/ble_core/release_light\libblelib.a(llc.o)
                0x001091b8                llc_con_update_finished
 .text.llc_map_update_finished
                0x00109234       0x74 C:\Program Files (x86)\ON Semiconductor\RSL10 EDK_1.4\eclipse\../lib/ble_core/release_light\libblelib.a(llc.o)
                0x00109234                llc_map_update_finished
 .text.llc_llcp_send
                0x001092a8       0x6c C:\Program Files (x86)\ON Semiconductor\RSL10 EDK_1.4\eclipse\../lib/ble_core/release_light\libblelib.a(llc_llcp.o)
 .text.llcp_ping_rsp_handler
                0x00109314       0x58 C:\Program Files (x86)\ON Semiconductor\RSL10 EDK_1.4\eclipse\../lib/ble_core/release_light\libblelib.a(llc_llcp.o)
 .text.llcp_terminate_ind_handler
                0x0010936c       0x48 C:\Program Files (x86)\ON Semiconductor\RSL10 EDK_1.4\eclipse\../lib/ble_core/release_light\libblelib.a(llc_llcp.o)
 .text.llcp_enc_rsp_handler
                0x001093b4       0xe0 C:\Program Files (x86)\ON Semiconductor\RSL10 EDK_1.4\eclipse\../lib/ble_core/release_light\libblelib.a(llc_llcp.o)
 .text.llc_llcp_reject_ind
                0x00109494      0x1b0 C:\Program Files (x86)\ON Semiconductor\RSL10 EDK_1.4\eclipse\../lib/ble_core/release_light\libblelib.a(llc_llcp.o)
 .text.llcp_reject_ind_ext_handler
                0x00109644        0xe C:\Program Files (x86)\ON Semiconductor\RSL10 EDK_1.4\eclipse\../lib/ble_core/release_light\libblelib.a(llc_llcp.o)
 .text.llcp_reject_ind_handler
                0x00109652        0xe C:\Program Files (x86)\ON Semiconductor\RSL10 EDK_1.4\eclipse\../lib/ble_core/release_light\libblelib.a(llc_llcp.o)
 .text.llcp_pause_enc_req_handler
                0x00109660       0xac C:\Program Files (x86)\ON Semiconductor\RSL10 EDK_1.4\eclipse\../lib/ble_core/release_light\libblelib.a(llc_llcp.o)
 .text.llcp_start_enc_req_handler
                0x0010970c       0x6c C:\Program Files (x86)\ON Semiconductor\RSL10 EDK_1.4\eclipse\../lib/ble_core/release_light\libblelib.a(llc_llcp.o)
 .text.llcp_enc_req_handler
                0x00109778       0xbc C:\Program Files (x86)\ON Semiconductor\RSL10 EDK_1.4\eclipse\../lib/ble_core/release_light\libblelib.a(llc_llcp.o)
 .text.llcp_unknown_rsp_handler
                0x00109834      0x198 C:\Program Files (x86)\ON Semiconductor\RSL10 EDK_1.4\eclipse\../lib/ble_core/release_light\libblelib.a(llc_llcp.o)
 .text.llc_llcp_version_ind_pdu_send
                0x001099cc       0x2a C:\Program Files (x86)\ON Semiconductor\RSL10 EDK_1.4\eclipse\../lib/ble_core/release_light\libblelib.a(llc_llcp.o)
                0x001099cc                llc_llcp_version_ind_pdu_send
 *fill*         0x001099f6        0x2 
 .text.llcp_vers_ind_handler
                0x001099f8       0x8c C:\Program Files (x86)\ON Semiconductor\RSL10 EDK_1.4\eclipse\../lib/ble_core/release_light\libblelib.a(llc_llcp.o)
 .text.llc_llcp_pause_enc_req_pdu_send
                0x00109a84       0x32 C:\Program Files (x86)\ON Semiconductor\RSL10 EDK_1.4\eclipse\../lib/ble_core/release_light\libblelib.a(llc_llcp.o)
                0x00109a84                llc_llcp_pause_enc_req_pdu_send
 *fill*         0x00109ab6        0x2 
 .text.llc_llcp_pause_enc_rsp_pdu_send
                0x00109ab8       0x40 C:\Program Files (x86)\ON Semiconductor\RSL10 EDK_1.4\eclipse\../lib/ble_core/release_light\libblelib.a(llc_llcp.o)
                0x00109ab8                llc_llcp_pause_enc_rsp_pdu_send
 .text.llcp_pause_enc_rsp_handler
                0x00109af8       0xd4 C:\Program Files (x86)\ON Semiconductor\RSL10 EDK_1.4\eclipse\../lib/ble_core/release_light\libblelib.a(llc_llcp.o)
 .text.llc_llcp_enc_req_pdu_send
                0x00109bcc       0xe0 C:\Program Files (x86)\ON Semiconductor\RSL10 EDK_1.4\eclipse\../lib/ble_core/release_light\libblelib.a(llc_llcp.o)
                0x00109bcc                llc_llcp_enc_req_pdu_send
 .text.llc_llcp_enc_rsp_pdu_send
                0x00109cac       0x74 C:\Program Files (x86)\ON Semiconductor\RSL10 EDK_1.4\eclipse\../lib/ble_core/release_light\libblelib.a(llc_llcp.o)
                0x00109cac                llc_llcp_enc_rsp_pdu_send
 .text.llc_llcp_start_enc_rsp_pdu_send
                0x00109d20       0x50 C:\Program Files (x86)\ON Semiconductor\RSL10 EDK_1.4\eclipse\../lib/ble_core/release_light\libblelib.a(llc_llcp.o)
                0x00109d20                llc_llcp_start_enc_rsp_pdu_send
 .text.llcp_start_enc_rsp_handler
                0x00109d70      0x128 C:\Program Files (x86)\ON Semiconductor\RSL10 EDK_1.4\eclipse\../lib/ble_core/release_light\libblelib.a(llc_llcp.o)
 .text.llc_llcp_reject_ind_pdu_send
                0x00109e98       0x5c C:\Program Files (x86)\ON Semiconductor\RSL10 EDK_1.4\eclipse\../lib/ble_core/release_light\libblelib.a(llc_llcp.o)
                0x00109e98                llc_llcp_reject_ind_pdu_send
 .text.llcp_length_rsp_handler
                0x00109ef4      0x128 C:\Program Files (x86)\ON Semiconductor\RSL10 EDK_1.4\eclipse\../lib/ble_core/release_light\libblelib.a(llc_llcp.o)
 .text.llcp_con_param_rsp_handler
                0x0010a01c       0xf0 C:\Program Files (x86)\ON Semiconductor\RSL10 EDK_1.4\eclipse\../lib/ble_core/release_light\libblelib.a(llc_llcp.o)
 .text.llcp_feats_rsp_handler
                0x0010a10c       0x9c C:\Program Files (x86)\ON Semiconductor\RSL10 EDK_1.4\eclipse\../lib/ble_core/release_light\libblelib.a(llc_llcp.o)
 .text.llcp_channel_map_ind_handler
                0x0010a1a8      0x14c C:\Program Files (x86)\ON Semiconductor\RSL10 EDK_1.4\eclipse\../lib/ble_core/release_light\libblelib.a(llc_llcp.o)
 .text.llcp_con_upd_ind_handler
                0x0010a2f4      0x194 C:\Program Files (x86)\ON Semiconductor\RSL10 EDK_1.4\eclipse\../lib/ble_core/release_light\libblelib.a(llc_llcp.o)
 .text.llc_llcp_con_update_pdu_send
                0x0010a488       0x3a C:\Program Files (x86)\ON Semiconductor\RSL10 EDK_1.4\eclipse\../lib/ble_core/release_light\libblelib.a(llc_llcp.o)
                0x0010a488                llc_llcp_con_update_pdu_send
 .text.llc_llcp_con_param_req_pdu_send
                0x0010a4c2       0x60 C:\Program Files (x86)\ON Semiconductor\RSL10 EDK_1.4\eclipse\../lib/ble_core/release_light\libblelib.a(llc_llcp.o)
                0x0010a4c2                llc_llcp_con_param_req_pdu_send
 .text.llc_llcp_con_param_rsp_pdu_send
                0x0010a522       0x60 C:\Program Files (x86)\ON Semiconductor\RSL10 EDK_1.4\eclipse\../lib/ble_core/release_light\libblelib.a(llc_llcp.o)
                0x0010a522                llc_llcp_con_param_rsp_pdu_send
 *fill*         0x0010a582        0x2 
 .text.llcp_con_param_req_handler
                0x0010a584      0x1f8 C:\Program Files (x86)\ON Semiconductor\RSL10 EDK_1.4\eclipse\../lib/ble_core/release_light\libblelib.a(llc_llcp.o)
 .text.llc_llcp_feats_req_pdu_send
                0x0010a77c       0x2c C:\Program Files (x86)\ON Semiconductor\RSL10 EDK_1.4\eclipse\../lib/ble_core/release_light\libblelib.a(llc_llcp.o)
                0x0010a77c                llc_llcp_feats_req_pdu_send
 .text.llc_llcp_feats_rsp_pdu_send
                0x0010a7a8       0x26 C:\Program Files (x86)\ON Semiconductor\RSL10 EDK_1.4\eclipse\../lib/ble_core/release_light\libblelib.a(llc_llcp.o)
                0x0010a7a8                llc_llcp_feats_rsp_pdu_send
 *fill*         0x0010a7ce        0x2 
 .text.llcp_feats_req_handler
                0x0010a7d0       0x4c C:\Program Files (x86)\ON Semiconductor\RSL10 EDK_1.4\eclipse\../lib/ble_core/release_light\libblelib.a(llc_llcp.o)
 .text.llcp_slave_feature_req_handler
                0x0010a81c        0x4 C:\Program Files (x86)\ON Semiconductor\RSL10 EDK_1.4\eclipse\../lib/ble_core/release_light\libblelib.a(llc_llcp.o)
 .text.llc_llcp_start_enc_req_pdu_send
                0x0010a820       0x60 C:\Program Files (x86)\ON Semiconductor\RSL10 EDK_1.4\eclipse\../lib/ble_core/release_light\libblelib.a(llc_llcp.o)
                0x0010a820                llc_llcp_start_enc_req_pdu_send
 .text.llc_llcp_terminate_ind_pdu_send
                0x0010a880       0x60 C:\Program Files (x86)\ON Semiconductor\RSL10 EDK_1.4\eclipse\../lib/ble_core/release_light\libblelib.a(llc_llcp.o)
                0x0010a880                llc_llcp_terminate_ind_pdu_send
 .text.llc_llcp_unknown_rsp_send_pdu
                0x0010a8e0       0x1a C:\Program Files (x86)\ON Semiconductor\RSL10 EDK_1.4\eclipse\../lib/ble_core/release_light\libblelib.a(llc_llcp.o)
                0x0010a8e0                llc_llcp_unknown_rsp_send_pdu
 .text.llc_llcp_ping_req_pdu_send
                0x0010a8fa       0x16 C:\Program Files (x86)\ON Semiconductor\RSL10 EDK_1.4\eclipse\../lib/ble_core/release_light\libblelib.a(llc_llcp.o)
                0x0010a8fa                llc_llcp_ping_req_pdu_send
 .text.llc_llcp_ping_rsp_pdu_send
                0x0010a910       0x16 C:\Program Files (x86)\ON Semiconductor\RSL10 EDK_1.4\eclipse\../lib/ble_core/release_light\libblelib.a(llc_llcp.o)
                0x0010a910                llc_llcp_ping_rsp_pdu_send
 *fill*         0x0010a926        0x2 
 .text.llcp_ping_req_handler
                0x0010a928       0x24 C:\Program Files (x86)\ON Semiconductor\RSL10 EDK_1.4\eclipse\../lib/ble_core/release_light\libblelib.a(llc_llcp.o)
 .text.llc_llcp_length_req_pdu_send
                0x0010a94c       0x38 C:\Program Files (x86)\ON Semiconductor\RSL10 EDK_1.4\eclipse\../lib/ble_core/release_light\libblelib.a(llc_llcp.o)
                0x0010a94c                llc_llcp_length_req_pdu_send
 .text.llc_llcp_length_rsp_pdu_send
                0x0010a984       0x38 C:\Program Files (x86)\ON Semiconductor\RSL10 EDK_1.4\eclipse\../lib/ble_core/release_light\libblelib.a(llc_llcp.o)
                0x0010a984                llc_llcp_length_rsp_pdu_send
 .text.llcp_length_req_handler
                0x0010a9bc       0xe4 C:\Program Files (x86)\ON Semiconductor\RSL10 EDK_1.4\eclipse\../lib/ble_core/release_light\libblelib.a(llc_llcp.o)
 .text.llc_llcp_recv_handler
                0x0010aaa0       0x98 C:\Program Files (x86)\ON Semiconductor\RSL10 EDK_1.4\eclipse\../lib/ble_core/release_light\libblelib.a(llc_llcp.o)
                0x0010aaa0                llc_llcp_recv_handler
 .text.llc_llcp_get_autorize
                0x0010ab38       0x14 C:\Program Files (x86)\ON Semiconductor\RSL10 EDK_1.4\eclipse\../lib/ble_core/release_light\libblelib.a(llc_llcp.o)
                0x0010ab38                llc_llcp_get_autorize
 .text.llc_dft_handler
                0x0010ab4c        0x4 C:\Program Files (x86)\ON Semiconductor\RSL10 EDK_1.4\eclipse\../lib/ble_core/release_light\libblelib.a(llc_task.o)
 .text.llm_enc_ind_handler
                0x0010ab50       0xcc C:\Program Files (x86)\ON Semiconductor\RSL10 EDK_1.4\eclipse\../lib/ble_core/release_light\libblelib.a(llc_task.o)
 .text.llc_llcp_recv_ind_handler
                0x0010ac1c       0x10 C:\Program Files (x86)\ON Semiconductor\RSL10 EDK_1.4\eclipse\../lib/ble_core/release_light\libblelib.a(llc_task.o)
 .text.llc_auth_payl_real_to_ind_handler
                0x0010ac2c       0x58 C:\Program Files (x86)\ON Semiconductor\RSL10 EDK_1.4\eclipse\../lib/ble_core/release_light\libblelib.a(llc_task.o)
 .text.llc_con_upd_req_ind_handler
                0x0010ac84      0x1bc C:\Program Files (x86)\ON Semiconductor\RSL10 EDK_1.4\eclipse\../lib/ble_core/release_light\libblelib.a(llc_task.o)
 .text.llc_length_req_ind_handler
                0x0010ae40       0x80 C:\Program Files (x86)\ON Semiconductor\RSL10 EDK_1.4\eclipse\../lib/ble_core/release_light\libblelib.a(llc_task.o)
 .text.llc_task_random_gen_request
                0x0010aec0       0x42 C:\Program Files (x86)\ON Semiconductor\RSL10 EDK_1.4\eclipse\../lib/ble_core/release_light\libblelib.a(llc_task.o)
 *fill*         0x0010af02        0x2 
 .text.llc_enc_mgt_ind_handler
                0x0010af04      0x1fc C:\Program Files (x86)\ON Semiconductor\RSL10 EDK_1.4\eclipse\../lib/ble_core/release_light\libblelib.a(llc_task.o)
 .text.llc_llcp_rsp_to_ind_handler
                0x0010b100        0xe C:\Program Files (x86)\ON Semiconductor\RSL10 EDK_1.4\eclipse\../lib/ble_core/release_light\libblelib.a(llc_task.o)
 .text.llc_link_sup_to_ind_handler
                0x0010b10e       0x1e C:\Program Files (x86)\ON Semiconductor\RSL10 EDK_1.4\eclipse\../lib/ble_core/release_light\libblelib.a(llc_task.o)
 .text.llc_auth_payl_nearly_to_ind_handler
                0x0010b12c       0x78 C:\Program Files (x86)\ON Semiconductor\RSL10 EDK_1.4\eclipse\../lib/ble_core/release_light\libblelib.a(llc_task.o)
 .text.llc_data_ind_handler
                0x0010b1a4       0x58 C:\Program Files (x86)\ON Semiconductor\RSL10 EDK_1.4\eclipse\../lib/ble_core/release_light\libblelib.a(llc_task.o)
 .text.lld_stop_ind_handler
                0x0010b1fc      0x10c C:\Program Files (x86)\ON Semiconductor\RSL10 EDK_1.4\eclipse\../lib/ble_core/release_light\libblelib.a(llc_task.o)
 .text.llc_check_trafic_paused
                0x0010b308       0x44 C:\Program Files (x86)\ON Semiconductor\RSL10 EDK_1.4\eclipse\../lib/ble_core/release_light\libblelib.a(llc_util.o)
 .text.llc_util_get_free_conhdl
                0x0010b34c       0x16 C:\Program Files (x86)\ON Semiconductor\RSL10 EDK_1.4\eclipse\../lib/ble_core/release_light\libblelib.a(llc_util.o)
                0x0010b34c                llc_util_get_free_conhdl
 .text.llc_util_get_nb_active_link
                0x0010b362       0x10 C:\Program Files (x86)\ON Semiconductor\RSL10 EDK_1.4\eclipse\../lib/ble_core/release_light\libblelib.a(llc_util.o)
                0x0010b362                llc_util_get_nb_active_link
 *fill*         0x0010b372        0x2 
 .text.llc_util_dicon_procedure
                0x0010b374       0x34 C:\Program Files (x86)\ON Semiconductor\RSL10 EDK_1.4\eclipse\../lib/ble_core/release_light\libblelib.a(llc_util.o)
                0x0010b374                llc_util_dicon_procedure
 .text.llc_util_update_channel_map
                0x0010b3a8       0x18 C:\Program Files (x86)\ON Semiconductor\RSL10 EDK_1.4\eclipse\../lib/ble_core/release_light\libblelib.a(llc_util.o)
                0x0010b3a8                llc_util_update_channel_map
 .text.llc_util_set_auth_payl_to_margin
                0x0010b3c0       0x30 C:\Program Files (x86)\ON Semiconductor\RSL10 EDK_1.4\eclipse\../lib/ble_core/release_light\libblelib.a(llc_util.o)
                0x0010b3c0                llc_util_set_auth_payl_to_margin
 .text.llc_util_clear_operation_ptr
                0x0010b3f0       0x20 C:\Program Files (x86)\ON Semiconductor\RSL10 EDK_1.4\eclipse\../lib/ble_core/release_light\libblelib.a(llc_util.o)
                0x0010b3f0                llc_util_clear_operation_ptr
 .text.llc_util_bw_mgt
                0x0010b410       0x5c C:\Program Files (x86)\ON Semiconductor\RSL10 EDK_1.4\eclipse\../lib/ble_core/release_light\libblelib.a(llc_util.o)
                0x0010b410                llc_util_bw_mgt
 .text.llc_end_evt_defer
                0x0010b46c       0x4c C:\Program Files (x86)\ON Semiconductor\RSL10 EDK_1.4\eclipse\../lib/ble_core/release_light\libblelib.a(llc_util.o)
                0x0010b46c                llc_end_evt_defer
 .text.llc_pdu_llcp_tx_ack_defer
                0x0010b4b8       0xd0 C:\Program Files (x86)\ON Semiconductor\RSL10 EDK_1.4\eclipse\../lib/ble_core/release_light\libblelib.a(llc_util.o)
                0x0010b4b8                llc_pdu_llcp_tx_ack_defer
 .text.llc_pdu_acl_tx_ack_defer
                0x0010b588       0x24 C:\Program Files (x86)\ON Semiconductor\RSL10 EDK_1.4\eclipse\../lib/ble_core/release_light\libblelib.a(llc_util.o)
                0x0010b588                llc_pdu_acl_tx_ack_defer
 .text.llc_pdu_defer
                0x0010b5ac       0xa8 C:\Program Files (x86)\ON Semiconductor\RSL10 EDK_1.4\eclipse\../lib/ble_core/release_light\libblelib.a(llc_util.o)
                0x0010b5ac                llc_pdu_defer
 .text.em_buf_init
                0x0010b654      0x13c C:\Program Files (x86)\ON Semiconductor\RSL10 EDK_1.4\eclipse\../lib/ble_core/release_light\libblelib.a(em_buf.o)
                0x0010b654                em_buf_init
 .text.em_buf_rx_free
                0x0010b790       0x14 C:\Program Files (x86)\ON Semiconductor\RSL10 EDK_1.4\eclipse\../lib/ble_core/release_light\libblelib.a(em_buf.o)
                0x0010b790                em_buf_rx_free
 .text.em_buf_rx_buff_addr_get
                0x0010b7a4       0x18 C:\Program Files (x86)\ON Semiconductor\RSL10 EDK_1.4\eclipse\../lib/ble_core/release_light\libblelib.a(em_buf.o)
                0x0010b7a4                em_buf_rx_buff_addr_get
 .text.em_buf_tx_free
                0x0010b7bc       0x6c C:\Program Files (x86)\ON Semiconductor\RSL10 EDK_1.4\eclipse\../lib/ble_core/release_light\libblelib.a(em_buf.o)
                0x0010b7bc                em_buf_tx_free
 .text.rwble_hl_init
                0x0010b828       0x1e C:\Program Files (x86)\ON Semiconductor\RSL10 EDK_1.4\eclipse\../lib/ble_core/release_light\libblelib.a(rwble_hl.o)
                0x0010b828                rwble_hl_init
 .text.rwble_hl_reset
                0x0010b846       0x1e C:\Program Files (x86)\ON Semiconductor\RSL10 EDK_1.4\eclipse\../lib/ble_core/release_light\libblelib.a(rwble_hl.o)
                0x0010b846                rwble_hl_reset
 .text.l2cm_l2cap_tx_handler
                0x0010b864       0x3c C:\Program Files (x86)\ON Semiconductor\RSL10 EDK_1.4\eclipse\../lib/ble_core/release_light\libblelib.a(l2cm.o)
 .text.l2cm_init
                0x0010b8a0       0x30 C:\Program Files (x86)\ON Semiconductor\RSL10 EDK_1.4\eclipse\../lib/ble_core/release_light\libblelib.a(l2cm.o)
                0x0010b8a0                l2cm_init
 .text.l2cm_set_link_layer_buff_size
                0x0010b8d0       0x10 C:\Program Files (x86)\ON Semiconductor\RSL10 EDK_1.4\eclipse\../lib/ble_core/release_light\libblelib.a(l2cm.o)
                0x0010b8d0                l2cm_set_link_layer_buff_size
 .text.l2cm_get_nb_buffer_available
                0x0010b8e0        0xc C:\Program Files (x86)\ON Semiconductor\RSL10 EDK_1.4\eclipse\../lib/ble_core/release_light\libblelib.a(l2cm.o)
                0x0010b8e0                l2cm_get_nb_buffer_available
 .text.l2cm_tx_status
                0x0010b8ec       0x2c C:\Program Files (x86)\ON Semiconductor\RSL10 EDK_1.4\eclipse\../lib/ble_core/release_light\libblelib.a(l2cm.o)
                0x0010b8ec                l2cm_tx_status
 .text.l2cm_create
                0x0010b918       0x14 C:\Program Files (x86)\ON Semiconductor\RSL10 EDK_1.4\eclipse\../lib/ble_core/release_light\libblelib.a(l2cm.o)
                0x0010b918                l2cm_create
 .text.l2cm_cleanup
                0x0010b92c       0x16 C:\Program Files (x86)\ON Semiconductor\RSL10 EDK_1.4\eclipse\../lib/ble_core/release_light\libblelib.a(l2cm.o)
                0x0010b92c                l2cm_cleanup
 *fill*         0x0010b942        0x2 
 .text.l2cc_create
                0x0010b944       0x3c C:\Program Files (x86)\ON Semiconductor\RSL10 EDK_1.4\eclipse\../lib/ble_core/release_light\libblelib.a(l2cc.o)
                0x0010b944                l2cc_create
 .text.l2cc_update_state
                0x0010b980       0x2a C:\Program Files (x86)\ON Semiconductor\RSL10 EDK_1.4\eclipse\../lib/ble_core/release_light\libblelib.a(l2cc.o)
                0x0010b980                l2cc_update_state
 *fill*         0x0010b9aa        0x2 
 .text.l2cc_send_complete_evt
                0x0010b9ac       0x60 C:\Program Files (x86)\ON Semiconductor\RSL10 EDK_1.4\eclipse\../lib/ble_core/release_light\libblelib.a(l2cc.o)
                0x0010b9ac                l2cc_send_complete_evt
 .text.l2cc_send_error_evt
                0x0010ba0c       0x2e C:\Program Files (x86)\ON Semiconductor\RSL10 EDK_1.4\eclipse\../lib/ble_core/release_light\libblelib.a(l2cc.o)
                0x0010ba0c                l2cc_send_error_evt
 *fill*         0x0010ba3a        0x2 
 .text.l2cc_cleanup
                0x0010ba3c       0xa4 C:\Program Files (x86)\ON Semiconductor\RSL10 EDK_1.4\eclipse\../lib/ble_core/release_light\libblelib.a(l2cc.o)
                0x0010ba3c                l2cc_cleanup
 .text.l2cc_init
                0x0010bae0       0x28 C:\Program Files (x86)\ON Semiconductor\RSL10 EDK_1.4\eclipse\../lib/ble_core/release_light\libblelib.a(l2cc.o)
                0x0010bae0                l2cc_init
 .text.l2cc_get_operation
                0x0010bb08       0x14 C:\Program Files (x86)\ON Semiconductor\RSL10 EDK_1.4\eclipse\../lib/ble_core/release_light\libblelib.a(l2cc.o)
                0x0010bb08                l2cc_get_operation
 .text.l2cc_get_operation_ptr
                0x0010bb1c       0x10 C:\Program Files (x86)\ON Semiconductor\RSL10 EDK_1.4\eclipse\../lib/ble_core/release_light\libblelib.a(l2cc.o)
                0x0010bb1c                l2cc_get_operation_ptr
 .text.l2cc_set_operation_ptr
                0x0010bb2c       0x10 C:\Program Files (x86)\ON Semiconductor\RSL10 EDK_1.4\eclipse\../lib/ble_core/release_light\libblelib.a(l2cc.o)
                0x0010bb2c                l2cc_set_operation_ptr
 .text.l2cc_data_send
                0x0010bb3c      0x244 C:\Program Files (x86)\ON Semiconductor\RSL10 EDK_1.4\eclipse\../lib/ble_core/release_light\libblelib.a(l2cc.o)
                0x0010bb3c                l2cc_data_send
 .text.l2cc_lecb_h2l_err
                0x0010bd80       0x30 C:\Program Files (x86)\ON Semiconductor\RSL10 EDK_1.4\eclipse\../lib/ble_core/release_light\libblelib.a(l2cc_lecb.o)
                0x0010bd80                l2cc_lecb_h2l_err
 .text.l2cc_lecb_find
                0x0010bdb0       0x38 C:\Program Files (x86)\ON Semiconductor\RSL10 EDK_1.4\eclipse\../lib/ble_core/release_light\libblelib.a(l2cc_lecb.o)
                0x0010bdb0                l2cc_lecb_find
 .text.l2cc_lecb_free
                0x0010bde8       0xc8 C:\Program Files (x86)\ON Semiconductor\RSL10 EDK_1.4\eclipse\../lib/ble_core/release_light\libblelib.a(l2cc_lecb.o)
                0x0010bde8                l2cc_lecb_free
 .text.l2cc_lecb_init_disconnect
                0x0010beb0       0x36 C:\Program Files (x86)\ON Semiconductor\RSL10 EDK_1.4\eclipse\../lib/ble_core/release_light\libblelib.a(l2cc_lecb.o)
                0x0010beb0                l2cc_lecb_init_disconnect
 .text.l2cc_lecb_send_con_req
                0x0010bee6       0x54 C:\Program Files (x86)\ON Semiconductor\RSL10 EDK_1.4\eclipse\../lib/ble_core/release_light\libblelib.a(l2cc_lecb.o)
                0x0010bee6                l2cc_lecb_send_con_req
 .text.l2cc_lecb_send_con_rsp
                0x0010bf3a       0x40 C:\Program Files (x86)\ON Semiconductor\RSL10 EDK_1.4\eclipse\../lib/ble_core/release_light\libblelib.a(l2cc_lecb.o)
                0x0010bf3a                l2cc_lecb_send_con_rsp
 .text.l2cc_lecb_send_disc_req
                0x0010bf7a       0x3a C:\Program Files (x86)\ON Semiconductor\RSL10 EDK_1.4\eclipse\../lib/ble_core/release_light\libblelib.a(l2cc_lecb.o)
                0x0010bf7a                l2cc_lecb_send_disc_req
 .text.l2cc_lecb_send_disc_rsp
                0x0010bfb4       0x28 C:\Program Files (x86)\ON Semiconductor\RSL10 EDK_1.4\eclipse\../lib/ble_core/release_light\libblelib.a(l2cc_lecb.o)
                0x0010bfb4                l2cc_lecb_send_disc_rsp
 .text.l2cc_lecb_send_credit_add
                0x0010bfdc       0x28 C:\Program Files (x86)\ON Semiconductor\RSL10 EDK_1.4\eclipse\../lib/ble_core/release_light\libblelib.a(l2cc_lecb.o)
                0x0010bfdc                l2cc_lecb_send_credit_add
 .text.l2cc_lecb_pdu_pack
                0x0010c004       0x6c C:\Program Files (x86)\ON Semiconductor\RSL10 EDK_1.4\eclipse\../lib/ble_core/release_light\libblelib.a(l2cc_pdu.o)
                0x0010c004                l2cc_lecb_pdu_pack
 .text.l2cc_lecb_pdu_unpack
                0x0010c070       0x4c C:\Program Files (x86)\ON Semiconductor\RSL10 EDK_1.4\eclipse\../lib/ble_core/release_light\libblelib.a(l2cc_pdu.o)
                0x0010c070                l2cc_lecb_pdu_unpack
 .text.l2cc_pdu_pack
                0x0010c0bc      0x2ac C:\Program Files (x86)\ON Semiconductor\RSL10 EDK_1.4\eclipse\../lib/ble_core/release_light\libblelib.a(l2cc_pdu.o)
                0x0010c0bc                l2cc_pdu_pack
 .text.l2cc_pdu_unpack
                0x0010c368      0x2a4 C:\Program Files (x86)\ON Semiconductor\RSL10 EDK_1.4\eclipse\../lib/ble_core/release_light\libblelib.a(l2cc_pdu.o)
                0x0010c368                l2cc_pdu_unpack
 .text.l2cc_pdu_header_check
                0x0010c60c      0x22c C:\Program Files (x86)\ON Semiconductor\RSL10 EDK_1.4\eclipse\../lib/ble_core/release_light\libblelib.a(l2cc_pdu.o)
                0x0010c60c                l2cc_pdu_header_check
 .text.l2cc_default_msg_handler
                0x0010c838        0x4 C:\Program Files (x86)\ON Semiconductor\RSL10 EDK_1.4\eclipse\../lib/ble_core/release_light\libblelib.a(l2cc_task.o)
 .text.l2cc_dbg_pdu_send_cmd_handler
                0x0010c83c       0x3c C:\Program Files (x86)\ON Semiconductor\RSL10 EDK_1.4\eclipse\../lib/ble_core/release_light\libblelib.a(l2cc_task.o)
 .text.l2cc_pdu_recv_ind_handler
                0x0010c878       0x6a C:\Program Files (x86)\ON Semiconductor\RSL10 EDK_1.4\eclipse\../lib/ble_core/release_light\libblelib.a(l2cc_task.o)
 *fill*         0x0010c8e2        0x2 
 .text.hci_acl_data_rx_handler
                0x0010c8e4      0x104 C:\Program Files (x86)\ON Semiconductor\RSL10 EDK_1.4\eclipse\../lib/ble_core/release_light\libblelib.a(l2cc_task.o)
 .text.l2cc_signaling_trans_to_ind_handler
                0x0010c9e8       0x44 C:\Program Files (x86)\ON Semiconductor\RSL10 EDK_1.4\eclipse\../lib/ble_core/release_light\libblelib.a(l2cc_task.o)
 .text.l2cc_lecb_sdu_send_cmd_handler
                0x0010ca2c       0x7c C:\Program Files (x86)\ON Semiconductor\RSL10 EDK_1.4\eclipse\../lib/ble_core/release_light\libblelib.a(l2cc_task.o)
 .text.l2cc_pdu_send_cmd_handler
                0x0010caa8       0x58 C:\Program Files (x86)\ON Semiconductor\RSL10 EDK_1.4\eclipse\../lib/ble_core/release_light\libblelib.a(l2cc_task.o)
 .text.hci_nb_cmp_pkts_evt_handler
                0x0010cb00       0x3c C:\Program Files (x86)\ON Semiconductor\RSL10 EDK_1.4\eclipse\../lib/ble_core/release_light\libblelib.a(l2cc_task.o)
 .text.l2cc_lecb_connect_cfm_handler
                0x0010cb3c      0x14c C:\Program Files (x86)\ON Semiconductor\RSL10 EDK_1.4\eclipse\../lib/ble_core/release_light\libblelib.a(l2cc_task.o)
 .text.l2cc_process_op
                0x0010cc88       0x8a C:\Program Files (x86)\ON Semiconductor\RSL10 EDK_1.4\eclipse\../lib/ble_core/release_light\libblelib.a(l2cc_task.o)
                0x0010cc88                l2cc_process_op
 .text.l2cc_lecb_disconnect_cmd_handler
                0x0010cd12       0x82 C:\Program Files (x86)\ON Semiconductor\RSL10 EDK_1.4\eclipse\../lib/ble_core/release_light\libblelib.a(l2cc_task.o)
 .text.l2cc_lecb_add_cmd_handler
                0x0010cd94       0x82 C:\Program Files (x86)\ON Semiconductor\RSL10 EDK_1.4\eclipse\../lib/ble_core/release_light\libblelib.a(l2cc_task.o)
 *fill*         0x0010ce16        0x2 
 .text.l2cc_lecb_connect_cmd_handler
                0x0010ce18      0x12c C:\Program Files (x86)\ON Semiconductor\RSL10 EDK_1.4\eclipse\../lib/ble_core/release_light\libblelib.a(l2cc_task.o)
 .text.l2cc_pdu_alloc
                0x0010cf44       0x2a C:\Program Files (x86)\ON Semiconductor\RSL10 EDK_1.4\eclipse\../lib/ble_core/release_light\libblelib.a(l2cc_task.o)
                0x0010cf44                l2cc_pdu_alloc
 .text.l2cc_pdu_send
                0x0010cf6e        0x6 C:\Program Files (x86)\ON Semiconductor\RSL10 EDK_1.4\eclipse\../lib/ble_core/release_light\libblelib.a(l2cc_task.o)
                0x0010cf6e                l2cc_pdu_send
 .text.gattm_svc_get_start_hdl
                0x0010cf74        0xc C:\Program Files (x86)\ON Semiconductor\RSL10 EDK_1.4\eclipse\../lib/ble_core/release_light\libblelib.a(gattm.o)
                0x0010cf74                gattm_svc_get_start_hdl
 .text.gattm_init
                0x0010cf80       0x24 C:\Program Files (x86)\ON Semiconductor\RSL10 EDK_1.4\eclipse\../lib/ble_core/release_light\libblelib.a(gattm.o)
                0x0010cf80                gattm_init
 .text.gattm_init_attr
                0x0010cfa4       0x6c C:\Program Files (x86)\ON Semiconductor\RSL10 EDK_1.4\eclipse\../lib/ble_core/release_light\libblelib.a(gattm.o)
                0x0010cfa4                gattm_init_attr
 .text.gattm_create
                0x0010d010        0x4 C:\Program Files (x86)\ON Semiconductor\RSL10 EDK_1.4\eclipse\../lib/ble_core/release_light\libblelib.a(gattm.o)
                0x0010d010                gattm_create
 .text.gattm_cleanup
                0x0010d014        0x6 C:\Program Files (x86)\ON Semiconductor\RSL10 EDK_1.4\eclipse\../lib/ble_core/release_light\libblelib.a(gattm.o)
                0x0010d014                gattm_cleanup
 .text.gattm_default_msg_handler
                0x0010d01a        0x4 C:\Program Files (x86)\ON Semiconductor\RSL10 EDK_1.4\eclipse\../lib/ble_core/release_light\libblelib.a(gattm_task.o)
 .text.gattm_att_set_value_req_handler
                0x0010d01e       0x2e C:\Program Files (x86)\ON Semiconductor\RSL10 EDK_1.4\eclipse\../lib/ble_core/release_light\libblelib.a(gattm_task.o)
 .text.gattm_att_get_value_req_handler
                0x0010d04c       0x54 C:\Program Files (x86)\ON Semiconductor\RSL10 EDK_1.4\eclipse\../lib/ble_core/release_light\libblelib.a(gattm_task.o)
 .text.gattm_att_set_permission_req_handler
                0x0010d0a0       0x2c C:\Program Files (x86)\ON Semiconductor\RSL10 EDK_1.4\eclipse\../lib/ble_core/release_light\libblelib.a(gattm_task.o)
 .text.gattm_att_get_permission_req_handler
                0x0010d0cc       0x46 C:\Program Files (x86)\ON Semiconductor\RSL10 EDK_1.4\eclipse\../lib/ble_core/release_light\libblelib.a(gattm_task.o)
 .text.gattm_svc_set_permission_req_handler
                0x0010d112       0x2a C:\Program Files (x86)\ON Semiconductor\RSL10 EDK_1.4\eclipse\../lib/ble_core/release_light\libblelib.a(gattm_task.o)
 .text.gattm_svc_get_permission_req_handler
                0x0010d13c       0x2a C:\Program Files (x86)\ON Semiconductor\RSL10 EDK_1.4\eclipse\../lib/ble_core/release_light\libblelib.a(gattm_task.o)
 .text.gattm_add_svc_req_handler
                0x0010d166       0x28 C:\Program Files (x86)\ON Semiconductor\RSL10 EDK_1.4\eclipse\../lib/ble_core/release_light\libblelib.a(gattm_task.o)
 *fill*         0x0010d18e        0x2 
 .text.gattc_operation_cleanup
                0x0010d190       0x6c C:\Program Files (x86)\ON Semiconductor\RSL10 EDK_1.4\eclipse\../lib/ble_core/release_light\libblelib.a(gattc.o)
 .text.gattc_get_mtu
                0x0010d1fc       0x10 C:\Program Files (x86)\ON Semiconductor\RSL10 EDK_1.4\eclipse\../lib/ble_core/release_light\libblelib.a(gattc.o)
                0x0010d1fc                gattc_get_mtu
 .text.gattc_set_mtu
                0x0010d20c       0x48 C:\Program Files (x86)\ON Semiconductor\RSL10 EDK_1.4\eclipse\../lib/ble_core/release_light\libblelib.a(gattc.o)
                0x0010d20c                gattc_set_mtu
 .text.gattc_send_error_evt
                0x0010d254       0x2a C:\Program Files (x86)\ON Semiconductor\RSL10 EDK_1.4\eclipse\../lib/ble_core/release_light\libblelib.a(gattc.o)
                0x0010d254                gattc_send_error_evt
 *fill*         0x0010d27e        0x2 
 .text.gattc_get_operation
                0x0010d280       0x14 C:\Program Files (x86)\ON Semiconductor\RSL10 EDK_1.4\eclipse\../lib/ble_core/release_light\libblelib.a(gattc.o)
                0x0010d280                gattc_get_operation
 .text.gattc_get_operation_ptr
                0x0010d294       0x10 C:\Program Files (x86)\ON Semiconductor\RSL10 EDK_1.4\eclipse\../lib/ble_core/release_light\libblelib.a(gattc.o)
                0x0010d294                gattc_get_operation_ptr
 .text.gattc_set_operation_ptr
                0x0010d2a4       0x10 C:\Program Files (x86)\ON Semiconductor\RSL10 EDK_1.4\eclipse\../lib/ble_core/release_light\libblelib.a(gattc.o)
                0x0010d2a4                gattc_set_operation_ptr
 .text.gattc_reschedule_operation
                0x0010d2b4       0x30 C:\Program Files (x86)\ON Semiconductor\RSL10 EDK_1.4\eclipse\../lib/ble_core/release_light\libblelib.a(gattc.o)
                0x0010d2b4                gattc_reschedule_operation
 .text.gattc_get_requester
                0x0010d2e4       0x18 C:\Program Files (x86)\ON Semiconductor\RSL10 EDK_1.4\eclipse\../lib/ble_core/release_light\libblelib.a(gattc.o)
                0x0010d2e4                gattc_get_requester